Component: ARM Compiler 5.06 update 7 (build 960) Tool: armlink [4d3601]

==============================================================================

Section Cross References

    startup_stm32f103xb.o(STACK) refers (Special) to heapauxi.o(.text) for __use_two_region_memory
    startup_stm32f103xb.o(HEAP) refers (Special) to heapauxi.o(.text) for __use_two_region_memory
    startup_stm32f103xb.o(RESET) refers (Special) to heapauxi.o(.text) for __use_two_region_memory
    startup_stm32f103xb.o(RESET) refers to startup_stm32f103xb.o(STACK) for __initial_sp
    startup_stm32f103xb.o(RESET) refers to startup_stm32f103xb.o(.text) for Reset_Handler
    startup_stm32f103xb.o(RESET) refers to stm32f1xx_it.o(i.NMI_Handler) for NMI_Handler
    startup_stm32f103xb.o(RESET) refers to stm32f1xx_it.o(i.HardFault_Handler) for HardFault_Handler
    startup_stm32f103xb.o(RESET) refers to stm32f1xx_it.o(i.MemManage_Handler) for MemManage_Handler
    startup_stm32f103xb.o(RESET) refers to stm32f1xx_it.o(i.BusFault_Handler) for BusFault_Handler
    startup_stm32f103xb.o(RESET) refers to stm32f1xx_it.o(i.UsageFault_Handler) for UsageFault_Handler
    startup_stm32f103xb.o(RESET) refers to stm32f1xx_it.o(i.SVC_Handler) for SVC_Handler
    startup_stm32f103xb.o(RESET) refers to stm32f1xx_it.o(i.DebugMon_Handler) for DebugMon_Handler
    startup_stm32f103xb.o(RESET) refers to stm32f1xx_it.o(i.PendSV_Handler) for PendSV_Handler
    startup_stm32f103xb.o(RESET) refers to stm32f1xx_it.o(i.SysTick_Handler) for SysTick_Handler
    startup_stm32f103xb.o(RESET) refers to stm32f1xx_it.o(i.USART1_IRQHandler) for USART1_IRQHandler
    startup_stm32f103xb.o(.text) refers (Special) to heapauxi.o(.text) for __use_two_region_memory
    startup_stm32f103xb.o(.text) refers to system_stm32f1xx.o(i.SystemInit) for SystemInit
    startup_stm32f103xb.o(.text) refers to __main.o(!!!main) for __main
    startup_stm32f103xb.o(.text) refers to startup_stm32f103xb.o(HEAP) for Heap_Mem
    startup_stm32f103xb.o(.text) refers to startup_stm32f103xb.o(STACK) for Stack_Mem
    mastercan.o(i.MasterCAN_GetLastSensorData) refers to mastercan.o(.bss) for .bss
    mastercan.o(i.MasterCAN_Init) refers to stm32f1xx_hal_can.o(i.HAL_CAN_ConfigFilter) for HAL_CAN_ConfigFilter
    mastercan.o(i.MasterCAN_Init) refers to noretval__2printf.o(.text) for __2printf
    mastercan.o(i.MasterCAN_Init) refers to mastercan.o(.bss) for .bss
    mastercan.o(i.MasterCAN_Init) refers to mastercan.o(.data) for .data
    mastercan.o(i.MasterCAN_Init) refers to can.o(.bss) for hcan
    mastercan.o(i.MasterCAN_PollRx) refers to _printf_pad.o(.text) for _printf_pre_padding
    mastercan.o(i.MasterCAN_PollRx) refers to _printf_percent.o(.ARM.Collect$$_printf_percent$$00000000) for _printf_percent
    mastercan.o(i.MasterCAN_PollRx) refers to _printf_x.o(.ARM.Collect$$_printf_percent$$0000000C) for _printf_x
    mastercan.o(i.MasterCAN_PollRx) refers to _printf_hex_int.o(.text) for _printf_longlong_hex
    mastercan.o(i.MasterCAN_PollRx) refers to _printf_d.o(.ARM.Collect$$_printf_percent$$00000009) for _printf_d
    mastercan.o(i.MasterCAN_PollRx) refers to _printf_f.o(.ARM.Collect$$_printf_percent$$00000003) for _printf_f
    mastercan.o(i.MasterCAN_PollRx) refers to _printf_dec.o(.text) for _printf_int_dec
    mastercan.o(i.MasterCAN_PollRx) refers to printf1.o(x$fpl$printf1) for _printf_fp_dec
    mastercan.o(i.MasterCAN_PollRx) refers to stm32f1xx_hal_can.o(i.HAL_CAN_GetRxMessage) for HAL_CAN_GetRxMessage
    mastercan.o(i.MasterCAN_PollRx) refers to stm32f1xx_hal_can.o(i.HAL_CAN_GetError) for HAL_CAN_GetError
    mastercan.o(i.MasterCAN_PollRx) refers to noretval__2printf.o(.text) for __2printf
    mastercan.o(i.MasterCAN_PollRx) refers to fflt_clz.o(x$fpl$fflt) for __aeabi_i2f
    mastercan.o(i.MasterCAN_PollRx) refers to fdiv.o(x$fpl$fdiv) for __aeabi_fdiv
    mastercan.o(i.MasterCAN_PollRx) refers to f2d.o(x$fpl$f2d) for __aeabi_f2d
    mastercan.o(i.MasterCAN_PollRx) refers to stm32f1xx_hal_can.o(i.HAL_CAN_GetRxFifoFillLevel) for HAL_CAN_GetRxFifoFillLevel
    mastercan.o(i.MasterCAN_PollRx) refers to can.o(.bss) for hcan
    mastercan.o(i.MasterCAN_PollRx) refers to mastercan.o(.data) for .data
    mastercan.o(i.MasterCAN_PollRx) refers to mastercan.o(.bss) for .bss
    mastercan.o(i.MasterCAN_SendCtrlByte) refers to _printf_percent.o(.ARM.Collect$$_printf_percent$$00000000) for _printf_percent
    mastercan.o(i.MasterCAN_SendCtrlByte) refers to _printf_d.o(.ARM.Collect$$_printf_percent$$00000009) for _printf_d
    mastercan.o(i.MasterCAN_SendCtrlByte) refers to _printf_dec.o(.text) for _printf_int_dec
    mastercan.o(i.MasterCAN_SendCtrlByte) refers to _printf_pad.o(.text) for _printf_pre_padding
    mastercan.o(i.MasterCAN_SendCtrlByte) refers to _printf_x.o(.ARM.Collect$$_printf_percent$$0000000C) for _printf_x
    mastercan.o(i.MasterCAN_SendCtrlByte) refers to _printf_hex_int.o(.text) for _printf_longlong_hex
[...]
    ../clib/libinit.s                        0x00000000   Number         0  libinit2.o ABSOLUTE
    ../clib/libinit.s                        0x00000000   Number         0  libshutdown.o ABSOLUTE
    ../clib/locale.s                         0x00000000   Number         0  lc_numeric_c.o ABSOLUTE
    ../clib/longlong.s                       0x00000000   Number         0  lludiv10.o ABSOLUTE
    ../clib/longlong.s                       0x00000000   Number         0  llushr.o ABSOLUTE
    ../clib/memcpset.s                       0x00000000   Number         0  strcmpv7m.o ABSOLUTE
    ../clib/memcpset.s                       0x00000000   Number         0  rt_memclr_w.o ABSOLUTE
    ../clib/misc.s                           0x00000000   Number         0  printf_stubs.o ABSOLUTE
    ../clib/printf.c                         0x00000000   Number         0  __printf_ss.o ABSOLUTE
    ../clib/printf.c                         0x00000000   Number         0  __printf_flags_ss.o ABSOLUTE
    ../clib/printf.c                         0x00000000   Number         0  _printf_fp_infnan.o ABSOLUTE
    ../clib/printf.c                         0x00000000   Number         0  __printf_nopercent.o ABSOLUTE
    ../clib/printf.c                         0x00000000   Number         0  __printf_wp.o ABSOLUTE
    ../clib/printf.c                         0x00000000   Number         0  __printf_flags_wp.o ABSOLUTE
    ../clib/printf.c                         0x00000000   Number         0  _printf_char_common.o ABSOLUTE
    ../clib/printf.c                         0x00000000   Number         0  _printf_hex_int.o ABSOLUTE
    ../clib/printf.c                         0x00000000   Number         0  _printf_hex_ll.o ABSOLUTE
    ../clib/printf.c                         0x00000000   Number         0  __printf_ss_wp.o ABSOLUTE
    ../clib/printf.c                         0x00000000   Number         0  _printf_dec.o ABSOLUTE
    ../clib/printf.c                         0x00000000   Number         0  __printf_flags_ss_wp.o ABSOLUTE
    ../clib/printf.c                         0x00000000   Number         0  _printf_pad.o ABSOLUTE
    ../clib/printf.c                         0x00000000   Number         0  __printf.o ABSOLUTE
    ../clib/printf.c                         0x00000000   Number         0  _printf_hex_int_ll_ptr.o ABSOLUTE
    ../clib/printf.c                         0x00000000   Number         0  noretval__2printf.o ABSOLUTE
    ../clib/printf.c                         0x00000000   Number         0  __printf_flags.o ABSOLUTE
    ../clib/printf.c                         0x00000000   Number         0  __2printf.o ABSOLUTE
    ../clib/printf.c                         0x00000000   Number         0  _printf_fp_dec.o ABSOLUTE
    ../clib/printf.c                         0x00000000   Number         0  _printf_intcommon.o ABSOLUTE
    ../clib/printf.c                         0x00000000   Number         0  _printf_hex_ll_ptr.o ABSOLUTE
    ../clib/printf.c                         0x00000000   Number         0  _printf_hex_int_ptr.o ABSOLUTE
    ../clib/printf.c                         0x00000000   Number         0  _printf_hex_ptr.o ABSOLUTE
    ../clib/printf.c                         0x00000000   Number         0  _printf_hex_int_ll.o ABSOLUTE
    ../clib/printf.c                         0x00000000   Number         0  _printf_char_file.o ABSOLUTE
    ../clib/printf_percent.s                 0x00000000   Number         0  _printf_percent_end.o ABSOLUTE
    ../clib/printf_percent.s                 0x00000000   Number         0  _printf_d.o ABSOLUTE
    ../clib/printf_percent.s                 0x00000000   Number         0  _printf_percent.o ABSOLUTE
    ../clib/printf_percent.s                 0x00000000   Number         0  _printf_x.o ABSOLUTE
    ../clib/printf_percent.s                 0x00000000   Number         0  _printf_f.o ABSOLUTE
    ../clib/signal.c                         0x00000000   Number         0  defsig_abrt_inner.o ABSOLUTE
    ../clib/signal.c                         0x00000000   Number         0  defsig_fpe_inner.o ABSOLUTE
    ../clib/signal.c                         0x00000000   Number         0  defsig_general.o ABSOLUTE
    ../clib/signal.c                         0x00000000   Number         0  defsig_rtred_inner.o ABSOLUTE
    ../clib/signal.c                         0x00000000   Number         0  __raise.o ABSOLUTE
    ../clib/signal.c                         0x00000000   Number         0  defsig_rtmem_inner.o ABSOLUTE
    ../clib/signal.c                         0x00000000   Number         0  defsig_exit.o ABSOLUTE
    ../clib/signal.c                         0x00000000   Number         0  defsig_stak_inner.o ABSOLUTE
    ../clib/signal.c                         0x00000000   Number         0  defsig_rtmem_outer.o ABSOLUTE
    ../clib/signal.c                         0x00000000   Number         0  defsig_pvfn_inner.o ABSOLUTE
    ../clib/signal.c                         0x00000000   Number         0  defsig_cppl_inner.o ABSOLUTE
    ../clib/signal.c                         0x00000000   Number         0  defsig_segv_inner.o ABSOLUTE
    ../clib/signal.c                         0x00000000   Number         0  defsig_other.o ABSOLUTE
    ../clib/signal.c                         0x00000000   Number         0  defsig_rtmem_formal.o ABSOLUTE
    ../clib/signal.s                         0x00000000   Number         0  defsig.o ABSOLUTE
    ../clib/stdio.c                          0x00000000   Number         0  ferror_locked.o ABSOLUTE
    ../clib/stdio.c                          0x00000000   Number         0  ferror.o ABSOLUTE
    ../clib/stdlib.c                         0x00000000   Number         0  exit.o ABSOLUTE
    ../fplib/dretinf.s                       0x00000000   Number         0  dretinf.o ABSOLUTE
    ../fplib/f2d.s                           0x00000000   Number         0  f2d.o ABSOLUTE
    ../fplib/fdiv.s                          0x00000000   Number         0  fdiv.o ABSOLUTE
    ../fplib/fflt.s                          0x00000000   Number         0  fflt_clz.o ABSOLUTE
    ../fplib/fnaninf.s                       0x00000000   Number         0  fnaninf.o ABSOLUTE
    ../fplib/fpinit.s                        0x00000000   Number         0  fpinit.o ABSOLUTE
    ../fplib/fretinf.s                       0x00000000   Number         0  fretinf.o ABSOLUTE
    ../fplib/istatus.s                       0x00000000   Number         0  istatus.o ABSOLUTE
    ../fplib/printf1.s                       0x00000000   Number         0  printf1.o ABSOLUTE
    ../fplib/usenofp.s                       0x00000000   Number         0  usenofp.o ABSOLUTE
    ../mathlib/fpclassify.c                  0x00000000   Number         0  fpclassify.o ABSOLUTE
    ..\Core\Src\adc.c                        0x00000000   Number         0  adc.o ABSOLUTE
    ..\Core\Src\can.c                        0x00000000   Number         0  can.o ABSOLUTE
    ..\Core\Src\gpio.c                       0x00000000   Number         0  gpio.o ABSOLUTE
    ..\Core\Src\iwdg.c                       0x00000000   Number         0  iwdg.o ABSOLUTE
    ..\Core\Src\main.c                       0x00000000   Number         0  main.o ABSOLUTE
    ..\Core\Src\masterCan.c                  0x00000000   Number         0  mastercan.o ABSOLUTE
    ..\Core\Src\stm32f1xx_hal_msp.c          0x00000000   Number         0  stm32f1xx_hal_msp.o ABSOLUTE
    ..\Core\Src\stm32f1xx_it.c               0x00000000   Number         0  stm32f1xx_it.o ABSOLUTE
    ..\Core\Src\system_stm32f1xx.c           0x00000000   Number         0  system_stm32f1xx.o ABSOLUTE
    ..\Core\Src\uartProto.c                  0x00000000   Number         0  uartproto.o ABSOLUTE
    ..\Core\Src\usart.c                      0x00000000   Number         0  usart.o ABSOLUTE
    ..\Drivers\STM32F1xx_HAL_Driver\Src\stm32f1xx_hal.c 0x00000000   Number         0  stm32f1xx_hal.o ABSOLUTE
    ..\Drivers\STM32F1xx_HAL_Driver\Src\stm32f1xx_hal_adc.c 0x00000000   Number         0  stm32f1xx_hal_adc.o ABSOLUTE
    ..\Drivers\STM32F1xx_HAL_Driver\Src\stm32f1xx_hal_adc_ex.c 0x00000000   Number         0  stm32f1xx_hal_adc_ex.o ABSOLUTE
    ..\Drivers\STM32F1xx_HAL_Driver\Src\stm32f1xx_hal_can.c 0x00000000   Number         0  stm32f1xx_hal_can.o ABSOLUTE
    ..\Drivers\STM32F1xx_HAL_Driver\Src\stm32f1xx_hal_cortex.c 0x00000000   Number         0  stm32f1xx_hal_cortex.o ABSOLUTE
    ..\Drivers\STM32F1xx_HAL_Driver\Src\stm32f1xx_hal_dma.c 0x00000000   Number         0  stm32f1xx_hal_dma.o ABSOLUTE
    ..\Drivers\STM32F1xx_HAL_Driver\Src\stm32f1xx_hal_exti.c 0x00000000   Number         0  stm32f1xx_hal_exti.o ABSOLUTE
    ..\Drivers\STM32F1xx_HAL_Driver\Src\stm32f1xx_hal_flash.c 0x00000000   Number         0  stm32f1xx_hal_flash.o ABSOLUTE
    ..\Drivers\STM32F1xx_HAL_Driver\Src\stm32f1xx_hal_flash_ex.c 0x00000000   Number         0  stm32f1xx_hal_flash_ex.o ABSOLUTE
    ..\Drivers\STM32F1xx_HAL_Driver\Src\stm32f1xx_hal_gpio.c 0x00000000   Number         0  stm32f1xx_hal_gpio.o ABSOLUTE
    ..\Drivers\STM32F1xx_HAL_Driver\Src\stm32f1xx_hal_gpio_ex.c 0x00000000   Number         0  stm32f1xx_hal_gpio_ex.o ABSOLUTE
    ..\Drivers\STM32F1xx_HAL_Driver\Src\stm32f1xx_hal_iwdg.c 0x00000000   Number         0  stm32f1xx_hal_iwdg.o ABSOLUTE
    ..\Drivers\STM32F1xx_HAL_Driver\Src\stm32f1xx_hal_pwr.c 0x00000000   Number         0  stm32f1xx_hal_pwr.o ABSOLUTE
    ..\Drivers\STM32F1xx_HAL_Driver\Src\stm32f1xx_hal_rcc.c 0x00000000   Number         0  stm32f1xx_hal_rcc.o ABSOLUTE
    ..\Drivers\STM32F1xx_HAL_Driver\Src\stm32f1xx_hal_rcc_ex.c 0x00000000   Number         0  stm32f1xx_hal_rcc_ex.o ABSOLUTE
    ..\Drivers\STM32F1xx_HAL_Driver\Src\stm32f1xx_hal_uart.c 0x00000000   Number         0  stm32f1xx_hal_uart.o ABSOLUTE
    ..\\Core\\Src\\masterCan.c               0x00000000   Number         0  mastercan.o ABSOLUTE
    ..\\Core\\Src\\uartProto.c               0x00000000   Number         0  uartproto.o ABSOLUTE
    dc.s                                     0x00000000   Number         0  dc.o ABSOLUTE
    startup_stm32f103xb.s                    0x00000000   Number         0  startup_stm32f103xb.o ABSOLUTE
    RESET                                    0x08000000   Section      236  startup_stm32f103xb.o(RESET)
    !!!main                                  0x080000ec   Section        8  __main.o(!!!main)
    !!!scatter                               0x080000f4   Section       52  __scatter.o(!!!scatter)
    !!handler_copy                           0x08000128   Section       26  __scatter_copy.o(!!handler_copy)
    !!handler_zi                             0x08000144   Section       28  __scatter_zi.o(!!handler_zi)
    .ARM.Collect$$_printf_percent$$00000000  0x08000160   Section        0  _printf_percent.o(.ARM.Collect$$_printf_percent$$00000000)
    .ARM.Collect$$_printf_percent$$00000003  0x08000160   Section        6  _printf_f.o(.ARM.Collect$$_printf_percent$$00000003)
    .ARM.Collect$$_printf_percent$$00000009  0x08000166   Section        6  _printf_d.o(.ARM.Collect$$_printf_percent$$00000009)
    .ARM.Collect$$_printf_percent$$0000000C  0x0800016c   Section        6  _printf_x.o(.ARM.Collect$$_printf_percent$$0000000C)
    .ARM.Collect$$_printf_percent$$00000017  0x08000172   Section        4  _printf_percent_end.o(.ARM.Collect$$_printf_percent$$00000017)
    .ARM.Collect$$libinit$$00000000          0x08000176   Section        2  libinit.o(.ARM.Collect$$libinit$$00000000)
    .ARM.Collect$$libinit$$00000002          0x08000178   Section        0  libinit2.o(.ARM.Collect$$libinit$$00000002)
    .ARM.Collect$$libinit$$00000004          0x08000178   Section        0  libinit2.o(.ARM.Collect$$libinit$$00000004)
    .ARM.Collect$$libinit$$0000000A          0x08000178   Section        0  libinit2.o(.ARM.Collect$$libinit$$0000000A)
    .ARM.Collect$$libinit$$0000000C          0x08000178   Section        0  libinit2.o(.ARM.Collect$$libinit$$0000000C)
    .ARM.Collect$$libinit$$0000000E          0x08000178   Section        0  libinit2.o(.ARM.Collect$$libinit$$0000000E)
    .ARM.Collect$$libinit$$0000000F          0x08000178   Section        6  libinit2.o(.ARM.Collect$$libinit$$0000000F)
    .ARM.Collect$$libinit$$00000011          0x0800017e   Section        0  libinit2.o(.ARM.Collect$$libinit$$00000011)
    .ARM.Collect$$libinit$$00000013          0x0800017e   Section        0  libinit2.o(.ARM.Collect$$libinit$$00000013)
    .ARM.Collect$$libinit$$00000015          0x0800017e   Section        0  libinit2.o(.ARM.Collect$$libinit$$00000015)
    .ARM.Collect$$libinit$$00000016          0x0800017e   Section       10  libinit2.o(.ARM.Collect$$libinit$$00000016)
    .ARM.Collect$$libinit$$00000017          0x08000188   Section        0  libinit2.o(.ARM.Collect$$libinit$$00000017)
    .ARM.Collect$$libinit$$00000019          0x08000188   Section        0  libinit2.o(.ARM.Collect$$libinit$$00000019)
    .ARM.Collect$$libinit$$0000001B          0x08000188   Section        0  libinit2.o(.ARM.Collect$$libinit$$0000001B)
    .ARM.Collect$$libinit$$0000001D          0x08000188   Section        0  libinit2.o(.ARM.Collect$$libinit$$0000001D)
    .ARM.Collect$$libinit$$0000001F          0x08000188   Section        0  libinit2.o(.ARM.Collect$$libinit$$0000001F)
    .ARM.Collect$$libinit$$00000021          0x08000188   Section        0  libinit2.o(.ARM.Collect$$libinit$$00000021)
    .ARM.Collect$$libinit$$00000023          0x08000188   Section        0  libinit2.o(.ARM.Collect$$libinit$$00000023)
    .ARM.Collect$$libinit$$00000025          0x08000188   Section        0  libinit2.o(.ARM.Collect$$libinit$$00000025)
    .ARM.Collect$$libinit$$0000002C          0x08000188   Section        0  libinit2.o(.ARM.Collect$$libinit$$0000002C)
    .ARM.Collect$$libinit$$0000002E          0x08000188   Section        0  libinit2.o(.ARM.Collect$$libinit$$0000002E)
    .ARM.Collect$$libinit$$00000030          0x08000188   Section        0  libinit2.o(.ARM.Collect$$libinit$$00000030)
    .ARM.Collect$$libinit$$00000032          0x08000188   Section        0  libinit2.o(.ARM.Collect$$libinit$$00000032)
    .ARM.Collect$$libinit$$00000033          0x08000188   Section        2  libinit2.o(.ARM.Collect$$libinit$$00000033)
    .ARM.Collect$$libshutdown$$00000000      0x0800018a   Section        2  libshutdown.o(.ARM.Collect$$libshutdown$$00000000)
    .ARM.Collect$$libshutdown$$00000002      0x0800018c   Section        0  libshutdown2.o(.ARM.Collect$$libshutdown$$00000002)
    .ARM.Collect$$libshutdown$$00000004      0x0800018c   Section        0  libshutdown2.o(.ARM.Collect$$libshutdown$$00000004)
    .ARM.Collect$$libshutdown$$00000006      0x0800018c   Section        0  libshutdown2.o(.ARM.Collect$$libshutdown$$00000006)
    .ARM.Collect$$libshutdown$$00000009      0x0800018c   Section        0  libshutdown2.o(.ARM.Collect$$libshutdown$$00000009)
    .ARM.Collect$$libshutdown$$0000000C      0x0800018c   Section        0  libshutdown2.o(.ARM.Collect$$libshutdown$$0000000C)
    .ARM.Collect$$libshutdown$$0000000E      0x0800018c   Section        0  libshutdown2.o(.ARM.Collect$$libshutdown$$0000000E)
    .ARM.Collect$$libshutdown$$00000011      0x0800018c   Section        0  libshutdown2.o(.ARM.Collect$$libshutdown$$00000011)
    .ARM.Collect$$libshutdown$$00000012      0x0800018c   Section        2  libshutdown2.o(.ARM.Collect$$libshutdown$$00000012)
    .ARM.Collect$$rtentry$$00000000          0x0800018e   Section        0  __rtentry.o(.ARM.Collect$$rtentry$$00000000)
    .ARM.Collect$$rtentry$$00000002          0x0800018e   Section        0  __rtentry2.o(.ARM.Collect$$rtentry$$00000002)
    .ARM.Collect$$rtentry$$00000004          0x0800018e   Section        6  __rtentry4.o(.ARM.Collect$$rtentry$$00000004)
    .ARM.Collect$$rtentry$$00000009          0x08000194   Section        0  __rtentry2.o(.ARM.Collect$$rtentry$$00000009)
    .ARM.Collect$$rtentry$$0000000A          0x08000194   Section        4  __rtentry2.o(.ARM.Collect$$rtentry$$0000000A)
    .ARM.Collect$$rtentry$$0000000C          0x08000198   Section        0  __rtentry2.o(.ARM.Collect$$rtentry$$0000000C)
    .ARM.Collect$$rtentry$$0000000D          0x08000198   Section        8  __rtentry2.o(.ARM.Collect$$rtentry$$0000000D)
    .ARM.Collect$$rtexit$$00000000           0x080001a0   Section        2  rtexit.o(.ARM.Collect$$rtexit$$00000000)
    .ARM.Collect$$rtexit$$00000002           0x080001a2   Section        0  rtexit2.o(.ARM.Collect$$rtexit$$00000002)
    .ARM.Collect$$rtexit$$00000003           0x080001a2   Section        4  rtexit2.o(.ARM.Collect$$rtexit$$00000003)
    .ARM.Collect$$rtexit$$00000004           0x080001a6   Section        6  rtexit2.o(.ARM.Collect$$rtexit$$00000004)
    .text                                    0x080001ac   Section       64  startup_stm32f103xb.o(.text)
    .text                                    0x080001ec   Section        2  use_no_semi_2.o(.text)
    .text                                    0x080001f0   Section        0  noretval__2printf.o(.text)
    .text                                    0x08000208   Section        0  _printf_pad.o(.text)
    .text                                    0x08000258   Section        0  _printf_dec.o(.text)
    .text                                    0x080002d0   Section        0  _printf_hex_int.o(.text)
    .text                                    0x08000328   Section        0  __printf_flags_ss_wp.o(.text)
    .text                                    0x080004b0   Section       78  rt_memclr_w.o(.text)
    .text                                    0x080004fe   Section        0  heapauxi.o(.text)
    .text                                    0x08000504   Section        2  use_no_semi.o(.text)
    .text                                    0x08000506   Section        0  _printf_intcommon.o(.text)
    .text                                    0x080005b8   Section        0  _printf_fp_dec.o(.text)
    _fp_digits                               0x080005bb   Thumb Code   432  _printf_fp_dec.o(.text)
    .text                                    0x080009d8   Section        0  _printf_char_file.o(.text)
    .text                                    0x080009fc   Section        8  rt_locale_intlibspace.o(.text)
    .text                                    0x08000a04   Section      138  lludiv10.o(.text)
    .text                                    0x08000a90   Section        0  _printf_char_common.o(.text)
    _printf_input_char                       0x08000a91   Thumb Code    10  _printf_char_common.o(.text)
    .text                                    0x08000ac0   Section        0  _printf_fp_infnan.o(.text)
    .text                                    0x08000b40   Section        0  bigflt0.o(.text)
    .text                                    0x08000c24   Section        0  ferror.o(.text)
    .text                                    0x08000c2c   Section        8  libspace.o(.text)
    .text                                    0x08000c34   Section       74  sys_stackheap_outer.o(.text)
    .text                                    0x08000c7e   Section        0  exit.o(.text)
    .text                                    0x08000c90   Section      128  strcmpv7m.o(.text)
    CL$$btod_d2e                             0x08000d10   Section       62  btod.o(CL$$btod_d2e)
    CL$$btod_d2e_denorm_low                  0x08000d4e   Section       70  btod.o(CL$$btod_d2e_denorm_low)
    CL$$btod_d2e_norm_op1                    0x08000d94   Section       96  btod.o(CL$$btod_d2e_norm_op1)
    CL$$btod_div_common                      0x08000df4   Section      824  btod.o(CL$$btod_div_common)
    CL$$btod_e2e                             0x0800112c   Section      220  btod.o(CL$$btod_e2e)
    CL$$btod_ediv                            0x08001208   Section       42  btod.o(CL$$btod_ediv)
    CL$$btod_emul                            0x08001232   Section       42  btod.o(CL$$btod_emul)
    CL$$btod_mult_common                     0x0800125c   Section      580  btod.o(CL$$btod_mult_common)
    i.ADC_ConversionStop_Disable             0x080014a0   Section        0  stm32f1xx_hal_adc.o(i.ADC_ConversionStop_Disable)
    i.BusFault_Handler                       0x080014f6   Section        0  stm32f1xx_it.o(i.BusFault_Handler)
    i.DebugMon_Handler                       0x080014f8   Section        0  stm32f1xx_it.o(i.DebugMon_Handler)
    i.Error_Handler                          0x080014fa   Section        0  main.o(i.Error_Handler)
    i.HAL_ADC_ConfigChannel                  0x08001500   Section        0  stm32f1xx_hal_adc.o(i.HAL_ADC_ConfigChannel)
    i.HAL_ADC_Init                           0x080015fc   Section        0  stm32f1xx_hal_adc.o(i.HAL_ADC_Init)
    i.HAL_ADC_MspInit                        0x08001718   Section        0  adc.o(i.HAL_ADC_MspInit)
    i.HAL_CAN_AddTxMessage                   0x08001770   Section        0  stm32f1xx_hal_can.o(i.HAL_CAN_AddTxMessage)
    i.HAL_CAN_ConfigFilter                   0x08001840   Section        0  stm32f1xx_hal_can.o(i.HAL_CAN_ConfigFilter)
    i.HAL_CAN_GetError                       0x0800192e   Section        0  stm32f1xx_hal_can.o(i.HAL_CAN_GetError)
    i.HAL_CAN_GetRxFifoFillLevel             0x08001934   Section        0  stm32f1xx_hal_can.o(i.HAL_CAN_GetRxFifoFillLevel)
    i.HAL_CAN_GetRxMessage                   0x08001956   Section        0  stm32f1xx_hal_can.o(i.HAL_CAN_GetRxMessage)
    i.HAL_CAN_GetTxMailboxesFreeLevel        0x08001a4a   Section        0  stm32f1xx_hal_can.o(i.HAL_CAN_GetTxMailboxesFreeLevel)
    i.HAL_CAN_Init                           0x08001a76   Section        0  stm32f1xx_hal_can.o(i.HAL_CAN_Init)
    i.HAL_CAN_MspInit                        0x08001b90   Section        0  can.o(i.HAL_CAN_MspInit)
    i.HAL_CAN_Start                          0x08001bfc   Section        0  stm32f1xx_hal_can.o(i.HAL_CAN_Start)
    i.HAL_DMA_Abort                          0x08001c54   Section        0  stm32f1xx_hal_dma.o(i.HAL_DMA_Abort)
    i.HAL_DMA_Abort_IT                       0x08001c9c   Section        0  stm32f1xx_hal_dma.o(i.HAL_DMA_Abort_IT)
    i.HAL_GPIO_Init                          0x08001d34   Section        0  stm32f1xx_hal_gpio.o(i.HAL_GPIO_Init)
    i.HAL_GetTick                            0x08001f14   Section        0  stm32f1xx_hal.o(i.HAL_GetTick)
    i.HAL_IncTick                            0x08001f20   Section        0  stm32f1xx_hal.o(i.HAL_IncTick)
    i.HAL_Init                               0x08001f30   Section        0  stm32f1xx_hal.o(i.HAL_Init)
    i.HAL_InitTick                           0x08001f54   Section        0  stm32f1xx_hal.o(i.HAL_InitTick)
    i.HAL_MspInit                            0x08001f94   Section        0  stm32f1xx_hal_msp.o(i.HAL_MspInit)
    i.HAL_NVIC_EnableIRQ                     0x08001fd0   Section        0  stm32f1xx_hal_cortex.o(i.HAL_NVIC_EnableIRQ)
    i.HAL_NVIC_SetPriority                   0x08001fec   Section        0  stm32f1xx_hal_cortex.o(i.HAL_NVIC_SetPriority)
    i.HAL_NVIC_SetPriorityGrouping           0x0800202c   Section        0  stm32f1xx_hal_cortex.o(i.HAL_NVIC_SetPriorityGrouping)
    i.HAL_RCCEx_PeriphCLKConfig              0x08002050   Section        0  stm32f1xx_hal_rcc_ex.o(i.HAL_RCCEx_PeriphCLKConfig)
    i.HAL_RCC_ClockConfig                    0x0800213c   Section        0  stm32f1xx_hal_rcc.o(i.HAL_RCC_ClockConfig)
    i.HAL_RCC_GetPCLK1Freq                   0x08002268   Section        0  stm32f1xx_hal_rcc.o(i.HAL_RCC_GetPCLK1Freq)
    i.HAL_RCC_GetPCLK2Freq                   0x08002288   Section        0  stm32f1xx_hal_rcc.o(i.HAL_RCC_GetPCLK2Freq)
    i.HAL_RCC_GetSysClockFreq                0x080022a8   Section        0  stm32f1xx_hal_rcc.o(i.HAL_RCC_GetSysClockFreq)
    i.HAL_RCC_OscConfig                      0x080022f4   Section        0  stm32f1xx_hal_rcc.o(i.HAL_RCC_OscConfig)
    i.HAL_SYSTICK_Config                     0x08002614   Section        0  stm32f1xx_hal_cortex.o(i.HAL_SYSTICK_Config)
    i.HAL_UARTEx_RxEventCallback             0x0800263c   Section        0  stm32f1xx_hal_uart.o(i.HAL_UARTEx_RxEventCallback)
    i.HAL_UART_ErrorCallback                 0x0800263e   Section        0  stm32f1xx_hal_uart.o(i.HAL_UART_ErrorCallback)
    i.HAL_UART_IRQHandler                    0x08002640   Section        0  stm32f1xx_hal_uart.o(i.HAL_UART_IRQHandler)
    i.HAL_UART_Init                          0x080028ac   Section        0  stm32f1xx_hal_uart.o(i.HAL_UART_Init)
    i.HAL_UART_MspInit                       0x08002910   Section        0  usart.o(i.HAL_UART_MspInit)
    i.HAL_UART_Receive_IT                    0x08002990   Section        0  stm32f1xx_hal_uart.o(i.HAL_UART_Receive_IT)
    i.HAL_UART_RxCpltCallback                0x080029ac   Section        0  main.o(i.HAL_UART_RxCpltCallback)
    i.HAL_UART_Transmit                      0x080029b0   Section        0  stm32f1xx_hal_uart.o(i.HAL_UART_Transmit)
    i.HAL_UART_TxCpltCallback                0x08002a50   Section        0  stm32f1xx_hal_uart.o(i.HAL_UART_TxCpltCallback)
    i.HardFault_Handler                      0x08002a52   Section        0  stm32f1xx_it.o(i.HardFault_Handler)
    i.MX_ADC1_Init                           0x08002a54   Section        0  adc.o(i.MX_ADC1_Init)
    i.MX_CAN_Init                            0x08002aa4   Section        0  can.o(i.MX_CAN_Init)
    i.MX_GPIO_Init                           0x08002aec   Section        0  gpio.o(i.MX_GPIO_Init)
    i.MX_USART1_UART_Init                    0x08002b38   Section        0  usart.o(i.MX_USART1_UART_Init)
    i.MasterCAN_Init                         0x08002b70   Section        0  mastercan.o(i.MasterCAN_Init)
    i.MasterCAN_PollRx                       0x08002bfc   Section        0  mastercan.o(i.MasterCAN_PollRx)
    i.MasterCAN_SendCtrlByte                 0x08002d0c   Section        0  mastercan.o(i.MasterCAN_SendCtrlByte)
    i.MasterCAN_Start                        0x08002e10   Section        0  mastercan.o(i.MasterCAN_Start)
    i.MemManage_Handler                      0x08002e64   Section        0  stm32f1xx_it.o(i.MemManage_Handler)
    i.NMI_Handler                            0x08002e66   Section        0  stm32f1xx_it.o(i.NMI_Handler)
    i.PendSV_Handler                         0x08002e68   Section        0  stm32f1xx_it.o(i.PendSV_Handler)
    i.SVC_Handler                            0x08002e6a   Section        0  stm32f1xx_it.o(i.SVC_Handler)
    i.SysTick_Handler                        0x08002e6c   Section        0  stm32f1xx_it.o(i.SysTick_Handler)
    i.SystemClock_Config                     0x08002e70   Section        0  main.o(i.SystemClock_Config)
    i.SystemInit                             0x08002ef0   Section        0  system_stm32f1xx.o(i.SystemInit)
    i.UART_DMAAbortOnError                   0x08002ef2   Section        0  stm32f1xx_hal_uart.o(i.UART_DMAAbortOnError)
    UART_DMAAbortOnError                     0x08002ef3   Thumb Code    16  stm32f1xx_hal_uart.o(i.UART_DMAAbortOnError)
    i.UART_EndRxTransfer                     0x08002f02   Section        0  stm32f1xx_hal_uart.o(i.UART_EndRxTransfer)
    UART_EndRxTransfer                       0x08002f03   Thumb Code    78  stm32f1xx_hal_uart.o(i.UART_EndRxTransfer)
    i.UART_Receive_IT                        0x08002f50   Section        0  stm32f1xx_hal_uart.o(i.UART_Receive_IT)
    UART_Receive_IT                          0x08002f51   Thumb Code   194  stm32f1xx_hal_uart.o(i.UART_Receive_IT)
    i.UART_SetConfig                         0x08003014   Section        0  stm32f1xx_hal_uart.o(i.UART_SetConfig)
    UART_SetConfig                           0x08003015   Thumb Code   178  stm32f1xx_hal_uart.o(i.UART_SetConfig)
    i.UART_Start_Receive_IT                  0x080030cc   Section        0  stm32f1xx_hal_uart.o(i.UART_Start_Receive_IT)
    i.UART_WaitOnFlagUntilTimeout            0x08003102   Section        0  stm32f1xx_hal_uart.o(i.UART_WaitOnFlagUntilTimeout)
    UART_WaitOnFlagUntilTimeout              0x08003103   Thumb Code   114  stm32f1xx_hal_uart.o(i.UART_WaitOnFlagUntilTimeout)
    i.USART1_IRQHandler                      0x08003174   Section        0  stm32f1xx_it.o(i.USART1_IRQHandler)
    i.UartProto_HandleFrame                  0x08003180   Section        0  uartproto.o(i.UartProto_HandleFrame)
    UartProto_HandleFrame                    0x08003181   Thumb Code    82  uartproto.o(i.UartProto_HandleFrame)
    i.UartProto_Init                         0x080032a8   Section        0  uartproto.o(i.UartProto_Init)
    i.UartProto_Reset                        0x080032e4   Section        0  uartproto.o(i.UartProto_Reset)
    UartProto_Reset                          0x080032e5   Thumb Code    14  uartproto.o(i.UartProto_Reset)
    i.UartProto_RxCpltCallback               0x080032f8   Section        0  uartproto.o(i.UartProto_RxCpltCallback)
    i.UsageFault_Handler                     0x08003404   Section        0  stm32f1xx_it.o(i.UsageFault_Handler)
    i.__ARM_fpclassify                       0x08003406   Section        0  fpclassify.o(i.__ARM_fpclassify)
    i.__NVIC_SetPriority                     0x0800342e   Section        0  stm32f1xx_hal_cortex.o(i.__NVIC_SetPriority)
    __NVIC_SetPriority                       0x0800342f   Thumb Code    32  stm32f1xx_hal_cortex.o(i.__NVIC_SetPriority)
    i._is_digit                              0x0800344e   Section        0  __printf_wp.o(i._is_digit)
    i._sys_exit                              0x0800345c   Section        0  main.o(i._sys_exit)
    i.fputc                                  0x08003460   Section        0  usart.o(i.fputc)
    i.main                                   0x08003480   Section        0  main.o(i.main)
    locale$$code                             0x080034fc   Section       44  lc_numeric_c.o(locale$$code)
    x$fpl$dretinf                            0x08003528   Section       12  dretinf.o(x$fpl$dretinf)
    x$fpl$f2d                                0x08003534   Section       86  f2d.o(x$fpl$f2d)
    x$fpl$fdiv                               0x0800358c   Section      388  fdiv.o(x$fpl$fdiv)
    _fdiv1                                   0x0800358d   Thumb Code     0  fdiv.o(x$fpl$fdiv)
    x$fpl$fflt                               0x08003710   Section       48  fflt_clz.o(x$fpl$fflt)
    x$fpl$fnaninf                            0x08003740   Section      140  fnaninf.o(x$fpl$fnaninf)
    x$fpl$fretinf                            0x080037cc   Section       10  fretinf.o(x$fpl$fretinf)
    x$fpl$printf1                            0x080037d6   Section        4  printf1.o(x$fpl$printf1)
    .constdata                               0x080037da   Section       18  stm32f1xx_hal_rcc.o(.constdata)
    x$fpl$usenofp                            0x080037da   Section        0  usenofp.o(x$fpl$usenofp)
    aPredivFactorTable                       0x080037da   Data           2  stm32f1xx_hal_rcc.o(.constdata)
    aPLLMULFactorTable                       0x080037dc   Data          16  stm32f1xx_hal_rcc.o(.constdata)
    .constdata                               0x080037ec   Section       16  system_stm32f1xx.o(.constdata)
    .constdata                               0x080037fc   Section        8  system_stm32f1xx.o(.constdata)
    .constdata                               0x08003804   Section       40  _printf_hex_int.o(.constdata)
    uc_hextab                                0x08003804   Data          20  _printf_hex_int.o(.constdata)
    lc_hextab                                0x08003818   Data          20  _printf_hex_int.o(.constdata)
    .constdata                               0x0800382c   Section       17  __printf_flags_ss_wp.o(.constdata)
    maptable                                 0x0800382c   Data          17  __printf_flags_ss_wp.o(.constdata)
    .constdata                               0x08003840   Section      148  bigflt0.o(.constdata)
    tenpwrs_x                                0x08003840   Data          60  bigflt0.o(.constdata)
    tenpwrs_i                                0x0800387c   Data          64  bigflt0.o(.constdata)
    locale$$data                             0x080038f4   Section       28  lc_numeric_c.o(locale$$data)
    __lcnum_c_name                           0x080038f8   Data           2  lc_numeric_c.o(locale$$data)
    __lcnum_c_start                          0x08003900   Data           0  lc_numeric_c.o(locale$$data)
    __lcnum_c_point                          0x0800390c   Data           0  lc_numeric_c.o(locale$$data)
    __lcnum_c_thousands                      0x0800390e   Data           0  lc_numeric_c.o(locale$$data)
    __lcnum_c_grouping                       0x0800390f   Data           0  lc_numeric_c.o(locale$$data)
    __lcnum_c_end                            0x08003910   Data           0  lc_numeric_c.o(locale$$data)
    .data                                    0x20000000   Section        1  mastercan.o(.data)
    g_mcan_last_node_id                      0x20000000   Data           1  mastercan.o(.data)
    .data                                    0x20000001   Section       13  uartproto.o(.data)
    g_uart_state                             0x20000001   Data           1  uartproto.o(.data)
    g_uart_rx_byte                           0x20000002   Data           1  uartproto.o(.data)
    g_uart_cmd                               0x20000003   Data           1  uartproto.o(.data)
    g_uart_len                               0x20000004   Data           1  uartproto.o(.data)
    g_uart_index                             0x20000005   Data           1  uartproto.o(.data)
    g_uart_data                              0x20000006   Data           8  uartproto.o(.data)
    .data                                    0x20000010   Section        4  main.o(.data)
    .data                                    0x20000014   Section       12  stm32f1xx_hal.o(.data)
    .data                                    0x20000020   Section        4  system_stm32f1xx.o(.data)
    .bss                                     0x20000024   Section       12  mastercan.o(.bss)
    g_mcan_sensor_data                       0x20000024   Data          12  mastercan.o(.bss)
    .bss                                     0x20000030   Section       48  adc.o(.bss)
    .bss                                     0x20000060   Section       40  can.o(.bss)
    .bss                                     0x20000088   Section       72  usart.o(.bss)
    .bss                                     0x200000d0   Section       96  libspace.o(.bss)
    HEAP                                     0x20000130   Section      512  startup_stm32f103xb.o(HEAP)
    Heap_Mem                                 0x20000130   Data         512  startup_stm32f103xb.o(HEAP)
    STACK                                    0x20000330   Section     1024  startup_stm32f103xb.o(STACK)
    Stack_Mem                                0x20000330   Data        1024  startup_stm32f103xb.o(STACK)
    __initial_sp                             0x20000730   Data           0  startup_stm32f103xb.o(STACK)

    Global Symbols

    Symbol Name                              Value     Ov Type        Size  Object(Section)

    BuildAttributes$$THM_ISAv4$P$D$K$B$S$PE$A:L22UL41UL21$X:L11$S22US41US21$IEEE1$IW$USESV6$~STKCKD$USESV7$~SHL$OTIME$ROPI$IEEEJ$EBA8$UX$STANDARDLIB$REQ8$PRES8$EABIv2 0x00000000   Number         0  anon$$obj.o ABSOLUTE
    __ARM_use_no_argv                        0x00000000   Number         0  main.o ABSOLUTE
    _printf_flags                            0x00000000   Number         0  printf_stubs.o ABSOLUTE
    _printf_return_value                     0x00000000   Number         0  printf_stubs.o ABSOLUTE
    _printf_sizespec                         0x00000000   Number         0  printf_stubs.o ABSOLUTE
    _printf_widthprec                        0x00000000   Number         0  printf_stubs.o ABSOLUTE
    __ARM_exceptions_init                     - Undefined Weak Reference
    __alloca_initialize                       - Undefined Weak Reference
    __arm_fini_                               - Undefined Weak Reference
    __arm_preinit_                            - Undefined Weak Reference
    __cpp_initialize__aeabi_                  - Undefined Weak Reference
    __cxa_finalize                            - Undefined Weak Reference
    __sigvec_lookup                           - Undefined Weak Reference
    _atexit_init                              - Undefined Weak Reference
    _call_atexit_fns                          - Undefined Weak Reference
    _clock_init                               - Undefined Weak Reference
    _fp_trap_init                             - Undefined Weak Reference
    _fp_trap_shutdown                         - Undefined Weak Reference
    _get_lc_collate                           - Undefined Weak Reference
    _get_lc_ctype                             - Undefined Weak Reference
    _get_lc_monetary                          - Undefined Weak Reference
    _get_lc_time                              - Undefined Weak Reference
    _getenv_init                              - Undefined Weak Reference
    _handle_redirection                       - Undefined Weak Reference
    _init_alloc                               - Undefined Weak Reference
    _init_user_alloc                          - Undefined Weak Reference
    _initio                                   - Undefined Weak Reference
    _mutex_acquire                            - Undefined Weak Reference
    _mutex_release                            - Undefined Weak Reference
    _printf_truncate_signed                   - Undefined Weak Reference
    _printf_truncate_unsigned                 - Undefined Weak Reference
    _rand_init                                - Undefined Weak Reference
    _signal_finish                            - Undefined Weak Reference
    _signal_init                              - Undefined Weak Reference
    _terminate_alloc                          - Undefined Weak Reference
    _terminate_user_alloc                     - Undefined Weak Reference
    _terminateio                              - Undefined Weak Reference
    __Vectors_Size                           0x000000ec   Number         0  startup_stm32f103xb.o ABSOLUTE
    __Vectors                                0x08000000   Data           4  startup_stm32f103xb.o(RESET)
    __Vectors_End                            0x080000ec   Data           0  startup_stm32f103xb.o(RESET)
    __main                                   0x080000ed   Thumb Code     8  __main.o(!!!main)
    __scatterload                            0x080000f5   Thumb Code     0  __scatter.o(!!!scatter)
    __scatterload_rt2                        0x080000f5   Thumb Code    44  __scatter.o(!!!scatter)
    __scatterload_rt2_thumb_only             0x080000f5   Thumb Code     0  __scatter.o(!!!scatter)
    __scatterload_null                       0x08000103   Thumb Code     0  __scatter.o(!!!scatter)
    __scatterload_copy                       0x08000129   Thumb Code    26  __scatter_copy.o(!!handler_copy)
    __scatterload_zeroinit                   0x08000145   Thumb Code    28  __scatter_zi.o(!!handler_zi)
    _printf_f                                0x08000161   Thumb Code     0  _printf_f.o(.ARM.Collect$$_printf_percent$$00000003)
    _printf_percent                          0x08000161   Thumb Code     0  _printf_percent.o(.ARM.Collect$$_printf_percent$$00000000)
    _printf_d                                0x08000167   Thumb Code     0  _printf_d.o(.ARM.Collect$$_printf_percent$$00000009)
    _printf_x                                0x0800016d   Thumb Code     0  _printf_x.o(.ARM.Collect$$_printf_percent$$0000000C)
    _printf_percent_end                      0x08000173   Thumb Code     0  _printf_percent_end.o(.ARM.Collect$$_printf_percent$$00000017)
    __rt_lib_init                            0x08000177   Thumb Code     0  libinit.o(.ARM.Collect$$libinit$$00000000)
    __rt_lib_init_fp_1                       0x08000179   Thumb Code     0  libinit2.o(.ARM.Collect$$libinit$$00000002)
    __rt_lib_init_heap_1                     0x08000179   Thumb Code     0  libinit2.o(.ARM.Collect$$libinit$$0000000A)
    __rt_lib_init_lc_common                  0x08000179   Thumb Code     0  libinit2.o(.ARM.Collect$$libinit$$0000000F)
    __rt_lib_init_preinit_1                  0x08000179   Thumb Code     0  libinit2.o(.ARM.Collect$$libinit$$00000004)
    __rt_lib_init_rand_1                     0x08000179   Thumb Code     0  libinit2.o(.ARM.Collect$$libinit$$0000000E)
    __rt_lib_init_user_alloc_1               0x08000179   Thumb Code     0  libinit2.o(.ARM.Collect$$libinit$$0000000C)
    __rt_lib_init_lc_collate_1               0x0800017f   Thumb Code     0  libinit2.o(.ARM.Collect$$libinit$$00000011)
    __rt_lib_init_lc_ctype_1                 0x0800017f   Thumb Code     0  libinit2.o(.ARM.Collect$$libinit$$00000013)
    __rt_lib_init_lc_monetary_1              0x0800017f   Thumb Code     0  libinit2.o(.ARM.Collect$$libinit$$00000015)
    __rt_lib_init_lc_numeric_2               0x0800017f   Thumb Code     0  libinit2.o(.ARM.Collect$$libinit$$00000016)
    __rt_lib_init_alloca_1                   0x08000189   Thumb Code     0  libinit2.o(.ARM.Collect$$libinit$$0000002E)
    __rt_lib_init_argv_1                     0x08000189   Thumb Code     0  libinit2.o(.ARM.Collect$$libinit$$0000002C)
    __rt_lib_init_atexit_1                   0x08000189   Thumb Code     0  libinit2.o(.ARM.Collect$$libinit$$0000001B)
    __rt_lib_init_clock_1                    0x08000189   Thumb Code     0  libinit2.o(.ARM.Collect$$libinit$$00000021)
    __rt_lib_init_cpp_1                      0x08000189   Thumb Code     0  libinit2.o(.ARM.Collect$$libinit$$00000032)
    __rt_lib_init_exceptions_1               0x08000189   Thumb Code     0  libinit2.o(.ARM.Collect$$libinit$$00000030)
    __rt_lib_init_fp_trap_1                  0x08000189   Thumb Code     0  libinit2.o(.ARM.Collect$$libinit$$0000001F)
    __rt_lib_init_getenv_1                   0x08000189   Thumb Code     0  libinit2.o(.ARM.Collect$$libinit$$00000023)
    __rt_lib_init_lc_numeric_1               0x08000189   Thumb Code     0  libinit2.o(.ARM.Collect$$libinit$$00000017)
    __rt_lib_init_lc_time_1                  0x08000189   Thumb Code     0  libinit2.o(.ARM.Collect$$libinit$$00000019)
    __rt_lib_init_return                     0x08000189   Thumb Code     0  libinit2.o(.ARM.Collect$$libinit$$00000033)
    __rt_lib_init_signal_1                   0x08000189   Thumb Code     0  libinit2.o(.ARM.Collect$$libinit$$0000001D)
    __rt_lib_init_stdio_1                    0x08000189   Thumb Code     0  libinit2.o(.ARM.Collect$$libinit$$00000025)
    __rt_lib_shutdown                        0x0800018b   Thumb Code     0  libshutdown.o(.ARM.Collect$$libshutdown$$00000000)
    __rt_lib_shutdown_cpp_1                  0x0800018d   Thumb Code     0  libshutdown2.o(.ARM.Collect$$libshutdown$$00000004)
    __rt_lib_shutdown_fini_1                 0x0800018d   Thumb Code     0  libshutdown2.o(.ARM.Collect$$libshutdown$$00000002)
    __rt_lib_shutdown_fp_trap_1              0x0800018d   Thumb Code     0  libshutdown2.o(.ARM.Collect$$libshutdown$$00000009)
    __rt_lib_shutdown_heap_1                 0x0800018d   Thumb Code     0  libshutdown2.o(.ARM.Collect$$libshutdown$$00000011)
    __rt_lib_shutdown_return                 0x0800018d   Thumb Code     0  libshutdown2.o(.ARM.Collect$$libshutdown$$00000012)
    __rt_lib_shutdown_signal_1               0x0800018d   Thumb Code     0  libshutdown2.o(.ARM.Collect$$libshutdown$$0000000C)
    __rt_lib_shutdown_stdio_1                0x0800018d   Thumb Code     0  libshutdown2.o(.ARM.Collect$$libshutdown$$00000006)
    __rt_lib_shutdown_user_alloc_1           0x0800018d   Thumb Code     0  libshutdown2.o(.ARM.Collect$$libshutdown$$0000000E)
    __rt_entry                               0x0800018f   Thumb Code     0  __rtentry.o(.ARM.Collect$$rtentry$$00000000)
    __rt_entry_presh_1                       0x0800018f   Thumb Code     0  __rtentry2.o(.ARM.Collect$$rtentry$$00000002)
    __rt_entry_sh                            0x0800018f   Thumb Code     0  __rtentry4.o(.ARM.Collect$$rtentry$$00000004)
    __rt_entry_li                            0x08000195   Thumb Code     0  __rtentry2.o(.ARM.Collect$$rtentry$$0000000A)
    __rt_entry_postsh_1                      0x08000195   Thumb Code     0  __rtentry2.o(.ARM.Collect$$rtentry$$00000009)
    __rt_entry_main                          0x08000199   Thumb Code     0  __rtentry2.o(.ARM.Collect$$rtentry$$0000000D)
    __rt_entry_postli_1                      0x08000199   Thumb Code     0  __rtentry2.o(.ARM.Collect$$rtentry$$0000000C)
    __rt_exit                                0x080001a1   Thumb Code     0  rtexit.o(.ARM.Collect$$rtexit$$00000000)
    __rt_exit_ls                             0x080001a3   Thumb Code     0  rtexit2.o(.ARM.Collect$$rtexit$$00000003)
    __rt_exit_prels_1                        0x080001a3   Thumb Code     0  rtexit2.o(.ARM.Collect$$rtexit$$00000002)
    __rt_exit_exit                           0x080001a7   Thumb Code     0  rtexit2.o(.ARM.Collect$$rtexit$$00000004)
    Reset_Handler                            0x080001ad   Thumb Code     8  startup_stm32f103xb.o(.text)
    ADC1_2_IRQHandler                        0x080001c7   Thumb Code     0  startup_stm32f103xb.o(.text)
    CAN1_RX1_IRQHandler                      0x080001c7   Thumb Code     0  startup_stm32f103xb.o(.text)
    CAN1_SCE_IRQHandler                      0x080001c7   Thumb Code     0  startup_stm32f103xb.o(.text)
    DMA1_Channel1_IRQHandler                 0x080001c7   Thumb Code     0  startup_stm32f103xb.o(.text)
    DMA1_Channel2_IRQHandler                 0x080001c7   Thumb Code     0  startup_stm32f103xb.o(.text)
    DMA1_Channel3_IRQHandler                 0x080001c7   Thumb Code     0  startup_stm32f103xb.o(.text)
    DMA1_Channel4_IRQHandler                 0x080001c7   Thumb Code     0  startup_stm32f103xb.o(.text)
    DMA1_Channel5_IRQHandler                 0x080001c7   Thumb Code     0  startup_stm32f103xb.o(.text)
    DMA1_Channel6_IRQHandler                 0x080001c7   Thumb Code     0  startup_stm32f103xb.o(.text)
    DMA1_Channel7_IRQHandler                 0x080001c7   Thumb Code     0  startup_stm32f103xb.o(.text)
    EXTI0_IRQHandler                         0x080001c7   Thumb Code     0  startup_stm32f103xb.o(.text)
    EXTI15_10_IRQHandler                     0x080001c7   Thumb Code     0  startup_stm32f103xb.o(.text)
    EXTI1_IRQHandler                         0x080001c7   Thumb Code     0  startup_stm32f103xb.o(.text)
    EXTI2_IRQHandler                         0x080001c7   Thumb Code     0  startup_stm32f103xb.o(.text)
    EXTI3_IRQHandler                         0x080001c7   Thumb Code     0  startup_stm32f103xb.o(.text)
    EXTI4_IRQHandler                         0x080001c7   Thumb Code     0  startup_stm32f103xb.o(.text)
    EXTI9_5_IRQHandler                       0x080001c7   Thumb Code     0  startup_stm32f103xb.o(.text)
    FLASH_IRQHandler                         0x080001c7   Thumb Code     0  startup_stm32f103xb.o(.text)
    I2C1_ER_IRQHandler                       0x080001c7   Thumb Code     0  startup_stm32f103xb.o(.text)
    I2C1_EV_IRQHandler                       0x080001c7   Thumb Code     0  startup_stm32f103xb.o(.text)
    I2C2_ER_IRQHandler                       0x080001c7   Thumb Code     0  startup_stm32f103xb.o(.text)
    I2C2_EV_IRQHandler                       0x080001c7   Thumb Code     0  startup_stm32f103xb.o(.text)
    PVD_IRQHandler                           0x080001c7   Thumb Code     0  startup_stm32f103xb.o(.text)
    RCC_IRQHandler                           0x080001c7   Thumb Code     0  startup_stm32f103xb.o(.text)
    RTC_Alarm_IRQHandler                     0x080001c7   Thumb Code     0  startup_stm32f103xb.o(.text)
    RTC_IRQHandler                           0x080001c7   Thumb Code     0  startup_stm32f103xb.o(.text)
    SPI1_IRQHandler                          0x080001c7   Thumb Code     0  startup_stm32f103xb.o(.text)
    SPI2_IRQHandler                          0x080001c7   Thumb Code     0  startup_stm32f103xb.o(.text)
    TAMPER_IRQHandler                        0x080001c7   Thumb Code     0  startup_stm32f103xb.o(.text)
    TIM1_BRK_IRQHandler                      0x080001c7   Thumb Code     0  startup_stm32f103xb.o(.text)
    TIM1_CC_IRQHandler                       0x080001c7   Thumb Code     0  startup_stm32f103xb.o(.text)
    TIM1_TRG_COM_IRQHandler                  0x080001c7   Thumb Code     0  startup_stm32f103xb.o(.text)
    TIM1_UP_IRQHandler                       0x080001c7   Thumb Code     0  startup_stm32f103xb.o(.text)
    TIM2_IRQHandler                          0x080001c7   Thumb Code     0  startup_stm32f103xb.o(.text)
    TIM3_IRQHandler                          0x080001c7   Thumb Code     0  startup_stm32f103xb.o(.text)
    TIM4_IRQHandler                          0x080001c7   Thumb Code     0  startup_stm32f103xb.o(.text)
    USART2_IRQHandler                        0x080001c7   Thumb Code     0  startup_stm32f103xb.o(.text)
    USART3_IRQHandler                        0x080001c7   Thumb Code     0  startup_stm32f103xb.o(.text)
    USBWakeUp_IRQHandler                     0x080001c7   Thumb Code     0  startup_stm32f103xb.o(.text)
    USB_HP_CAN1_TX_IRQHandler                0x080001c7   Thumb Code     0  startup_stm32f103xb.o(.text)
    USB_LP_CAN1_RX0_IRQHandler               0x080001c7   Thumb Code     0  startup_stm32f103xb.o(.text)
    WWDG_IRQHandler                          0x080001c7   Thumb Code     0  startup_stm32f103xb.o(.text)
    __user_initial_stackheap                 0x080001c9   Thumb Code     0  startup_stm32f103xb.o(.text)
    __use_no_semihosting                     0x080001ed   Thumb Code     2  use_no_semi_2.o(.text)
    __2printf                                0x080001f1   Thumb Code    20  noretval__2printf.o(.text)
    _printf_pre_padding                      0x08000209   Thumb Code    44  _printf_pad.o(.text)
    _printf_post_padding                     0x08000235   Thumb Code    34  _printf_pad.o(.text)
    _printf_int_dec                          0x08000259   Thumb Code   104  _printf_dec.o(.text)
    _printf_int_hex                          0x080002d1   Thumb Code    84  _printf_hex_int.o(.text)
    _printf_longlong_hex                     0x080002d1   Thumb Code     0  _printf_hex_int.o(.text)
    __printf                                 0x08000329   Thumb Code   388  __printf_flags_ss_wp.o(.text)
    __aeabi_memclr4                          0x080004b1   Thumb Code     0  rt_memclr_w.o(.text)
    __aeabi_memclr8                          0x080004b1   Thumb Code     0  rt_memclr_w.o(.text)
    __rt_memclr_w                            0x080004b1   Thumb Code    78  rt_memclr_w.o(.text)
    _memset_w                                0x080004b5   Thumb Code     0  rt_memclr_w.o(.text)
    __use_two_region_memory                  0x080004ff   Thumb Code     2  heapauxi.o(.text)
    __rt_heap_escrow$2region                 0x08000501   Thumb Code     2  heapauxi.o(.text)
    __rt_heap_expand$2region                 0x08000503   Thumb Code     2  heapauxi.o(.text)
    __I$use$semihosting                      0x08000505   Thumb Code     0  use_no_semi.o(.text)
    __use_no_semihosting_swi                 0x08000505   Thumb Code     2  use_no_semi.o(.text)
    _printf_int_common                       0x08000507   Thumb Code   178  _printf_intcommon.o(.text)
    __lib_sel_fp_printf                      0x080005b9   Thumb Code     2  _printf_fp_dec.o(.text)
    _printf_fp_dec_real                      0x0800076b   Thumb Code   620  _printf_fp_dec.o(.text)
    _printf_char_file                        0x080009d9   Thumb Code    32  _printf_char_file.o(.text)
    __rt_locale                              0x080009fd   Thumb Code     8  rt_locale_intlibspace.o(.text)
    _ll_udiv10                               0x08000a05   Thumb Code   138  lludiv10.o(.text)
    _printf_char_common                      0x08000a9b   Thumb Code    32  _printf_char_common.o(.text)
    _printf_fp_infnan                        0x08000ac1   Thumb Code   112  _printf_fp_infnan.o(.text)
    _btod_etento                             0x08000b41   Thumb Code   224  bigflt0.o(.text)
    ferror                                   0x08000c25   Thumb Code     8  ferror.o(.text)
    __user_libspace                          0x08000c2d   Thumb Code     8  libspace.o(.text)
    __user_perproc_libspace                  0x08000c2d   Thumb Code     0  libspace.o(.text)
    __user_perthread_libspace                0x08000c2d   Thumb Code     0  libspace.o(.text)
    __user_setup_stackheap                   0x08000c35   Thumb Code    74  sys_stackheap_outer.o(.text)
    exit                                     0x08000c7f   Thumb Code    18  exit.o(.text)
    strcmp                                   0x08000c91   Thumb Code   128  strcmpv7m.o(.text)
    _btod_d2e                                0x08000d11   Thumb Code    62  btod.o(CL$$btod_d2e)
    _d2e_denorm_low                          0x08000d4f   Thumb Code    70  btod.o(CL$$btod_d2e_denorm_low)
    _d2e_norm_op1                            0x08000d95   Thumb Code    96  btod.o(CL$$btod_d2e_norm_op1)
    __btod_div_common                        0x08000df5   Thumb Code   696  btod.o(CL$$btod_div_common)
    _e2e                                     0x0800112d   Thumb Code   220  btod.o(CL$$btod_e2e)
    _btod_ediv                               0x08001209   Thumb Code    42  btod.o(CL$$btod_ediv)
    _btod_emul                               0x08001233   Thumb Code    42  btod.o(CL$$btod_emul)
    __btod_mult_common                       0x0800125d   Thumb Code   580  btod.o(CL$$btod_mult_common)
    ADC_ConversionStop_Disable               0x080014a1   Thumb Code    86  stm32f1xx_hal_adc.o(i.ADC_ConversionStop_Disable)
    BusFault_Handler                         0x080014f7   Thumb Code     2  stm32f1xx_it.o(i.BusFault_Handler)
    DebugMon_Handler                         0x080014f9   Thumb Code     2  stm32f1xx_it.o(i.DebugMon_Handler)
    Error_Handler                            0x080014fb   Thumb Code     4  main.o(i.Error_Handler)
    HAL_ADC_ConfigChannel                    0x08001501   Thumb Code   240  stm32f1xx_hal_adc.o(i.HAL_ADC_ConfigChannel)
    HAL_ADC_Init                             0x080015fd   Thumb Code   272  stm32f1xx_hal_adc.o(i.HAL_ADC_Init)
    HAL_ADC_MspInit                          0x08001719   Thumb Code    76  adc.o(i.HAL_ADC_MspInit)
    HAL_CAN_AddTxMessage                     0x08001771   Thumb Code   208  stm32f1xx_hal_can.o(i.HAL_CAN_AddTxMessage)
    HAL_CAN_ConfigFilter                     0x08001841   Thumb Code   238  stm32f1xx_hal_can.o(i.HAL_CAN_ConfigFilter)
    HAL_CAN_GetError                         0x0800192f   Thumb Code     4  stm32f1xx_hal_can.o(i.HAL_CAN_GetError)
    HAL_CAN_GetRxFifoFillLevel               0x08001935   Thumb Code    34  stm32f1xx_hal_can.o(i.HAL_CAN_GetRxFifoFillLevel)
    HAL_CAN_GetRxMessage                     0x08001957   Thumb Code   244  stm32f1xx_hal_can.o(i.HAL_CAN_GetRxMessage)
    HAL_CAN_GetTxMailboxesFreeLevel          0x08001a4b   Thumb Code    44  stm32f1xx_hal_can.o(i.HAL_CAN_GetTxMailboxesFreeLevel)
    HAL_CAN_Init                             0x08001a77   Thumb Code   282  stm32f1xx_hal_can.o(i.HAL_CAN_Init)
    HAL_CAN_MspInit                          0x08001b91   Thumb Code    96  can.o(i.HAL_CAN_MspInit)
    HAL_CAN_Start                            0x08001bfd   Thumb Code    88  stm32f1xx_hal_can.o(i.HAL_CAN_Start)
    HAL_DMA_Abort                            0x08001c55   Thumb Code    70  stm32f1xx_hal_dma.o(i.HAL_DMA_Abort)
    HAL_DMA_Abort_IT                         0x08001c9d   Thumb Code   148  stm32f1xx_hal_dma.o(i.HAL_DMA_Abort_IT)
    HAL_GPIO_Init                            0x08001d35   Thumb Code   446  stm32f1xx_hal_gpio.o(i.HAL_GPIO_Init)
    HAL_GetTick                              0x08001f15   Thumb Code     6  stm32f1xx_hal.o(i.HAL_GetTick)
    HAL_IncTick                              0x08001f21   Thumb Code    12  stm32f1xx_hal.o(i.HAL_IncTick)
    HAL_Init                                 0x08001f31   Thumb Code    32  stm32f1xx_hal.o(i.HAL_Init)
    HAL_InitTick                             0x08001f55   Thumb Code    54  stm32f1xx_hal.o(i.HAL_InitTick)
    HAL_MspInit                              0x08001f95   Thumb Code    52  stm32f1xx_hal_msp.o(i.HAL_MspInit)
    HAL_NVIC_EnableIRQ                       0x08001fd1   Thumb Code    26  stm32f1xx_hal_cortex.o(i.HAL_NVIC_EnableIRQ)
    HAL_NVIC_SetPriority                     0x08001fed   Thumb Code    60  stm32f1xx_hal_cortex.o(i.HAL_NVIC_SetPriority)
    HAL_NVIC_SetPriorityGrouping             0x0800202d   Thumb Code    26  stm32f1xx_hal_cortex.o(i.HAL_NVIC_SetPriorityGrouping)
    HAL_RCCEx_PeriphCLKConfig                0x08002051   Thumb Code   224  stm32f1xx_hal_rcc_ex.o(i.HAL_RCCEx_PeriphCLKConfig)
    HAL_RCC_ClockConfig                      0x0800213d   Thumb Code   280  stm32f1xx_hal_rcc.o(i.HAL_RCC_ClockConfig)
    HAL_RCC_GetPCLK1Freq                     0x08002269   Thumb Code    20  stm32f1xx_hal_rcc.o(i.HAL_RCC_GetPCLK1Freq)
    HAL_RCC_GetPCLK2Freq                     0x08002289   Thumb Code    20  stm32f1xx_hal_rcc.o(i.HAL_RCC_GetPCLK2Freq)
    HAL_RCC_GetSysClockFreq                  0x080022a9   Thumb Code    58  stm32f1xx_hal_rcc.o(i.HAL_RCC_GetSysClockFreq)
    HAL_RCC_OscConfig                        0x080022f5   Thumb Code   778  stm32f1xx_hal_rcc.o(i.HAL_RCC_OscConfig)
    HAL_SYSTICK_Config                       0x08002615   Thumb Code    40  stm32f1xx_hal_cortex.o(i.HAL_SYSTICK_Config)
    HAL_UARTEx_RxEventCallback               0x0800263d   Thumb Code     2  stm32f1xx_hal_uart.o(i.HAL_UARTEx_RxEventCallback)
    HAL_UART_ErrorCallback                   0x0800263f   Thumb Code     2  stm32f1xx_hal_uart.o(i.HAL_UART_ErrorCallback)
    HAL_UART_IRQHandler                      0x08002641   Thumb Code   616  stm32f1xx_hal_uart.o(i.HAL_UART_IRQHandler)
    HAL_UART_Init                            0x080028ad   Thumb Code   100  stm32f1xx_hal_uart.o(i.HAL_UART_Init)
    HAL_UART_MspInit                         0x08002911   Thumb Code   116  usart.o(i.HAL_UART_MspInit)
    HAL_UART_Receive_IT                      0x08002991   Thumb Code    28  stm32f1xx_hal_uart.o(i.HAL_UART_Receive_IT)
    HAL_UART_RxCpltCallback                  0x080029ad   Thumb Code     4  main.o(i.HAL_UART_RxCpltCallback)
    HAL_UART_Transmit                        0x080029b1   Thumb Code   160  stm32f1xx_hal_uart.o(i.HAL_UART_Transmit)
    HAL_UART_TxCpltCallback                  0x08002a51   Thumb Code     2  stm32f1xx_hal_uart.o(i.HAL_UART_TxCpltCallback)
    HardFault_Handler                        0x08002a53   Thumb Code     2  stm32f1xx_it.o(i.HardFault_Handler)
    MX_ADC1_Init                             0x08002a55   Thumb Code    70  adc.o(i.MX_ADC1_Init)
    MX_CAN_Init                              0x08002aa5   Thumb Code    62  can.o(i.MX_CAN_Init)
    MX_GPIO_Init                             0x08002aed   Thumb Code    70  gpio.o(i.MX_GPIO_Init)
    MX_USART1_UART_Init                      0x08002b39   Thumb Code    48  usart.o(i.MX_USART1_UART_Init)
    MasterCAN_Init                           0x08002b71   Thumb Code    62  mastercan.o(i.MasterCAN_Init)
    MasterCAN_PollRx                         0x08002bfd   Thumb Code   174  mastercan.o(i.MasterCAN_PollRx)
    MasterCAN_SendCtrlByte                   0x08002d0d   Thumb Code   114  mastercan.o(i.MasterCAN_SendCtrlByte)
    MasterCAN_Start                          0x08002e11   Thumb Code    30  mastercan.o(i.MasterCAN_Start)
    MemManage_Handler                        0x08002e65   Thumb Code     2  stm32f1xx_it.o(i.MemManage_Handler)
    NMI_Handler                              0x08002e67   Thumb Code     2  stm32f1xx_it.o(i.NMI_Handler)
    PendSV_Handler                           0x08002e69   Thumb Code     2  stm32f1xx_it.o(i.PendSV_Handler)
    SVC_Handler                              0x08002e6b   Thumb Code     2  stm32f1xx_it.o(i.SVC_Handler)
    SysTick_Handler                          0x08002e6d   Thumb Code     4  stm32f1xx_it.o(i.SysTick_Handler)
    SystemClock_Config                       0x08002e71   Thumb Code   128  main.o(i.SystemClock_Config)
    SystemInit                               0x08002ef1   Thumb Code     2  system_stm32f1xx.o(i.SystemInit)
    UART_Start_Receive_IT                    0x080030cd   Thumb Code    54  stm32f1xx_hal_uart.o(i.UART_Start_Receive_IT)
    USART1_IRQHandler                        0x08003175   Thumb Code     6  stm32f1xx_it.o(i.USART1_IRQHandler)
    UartProto_Init                           0x080032a9   Thumb Code    26  uartproto.o(i.UartProto_Init)
    UartProto_RxCpltCallback                 0x080032f9   Thumb Code   190  uartproto.o(i.UartProto_RxCpltCallback)
    UsageFault_Handler                       0x08003405   Thumb Code     2  stm32f1xx_it.o(i.UsageFault_Handler)
    __ARM_fpclassify                         0x08003407   Thumb Code    40  fpclassify.o(i.__ARM_fpclassify)
    _is_digit                                0x0800344f   Thumb Code    14  __printf_wp.o(i._is_digit)
    _sys_exit                                0x0800345d   Thumb Code     2  main.o(i._sys_exit)
    fputc                                    0x08003461   Thumb Code    26  usart.o(i.fputc)
    main                                     0x08003481   Thumb Code    62  main.o(i.main)
    _get_lc_numeric                          0x080034fd   Thumb Code    44  lc_numeric_c.o(locale$$code)
    __fpl_dretinf                            0x08003529   Thumb Code    12  dretinf.o(x$fpl$dretinf)
    __aeabi_f2d                              0x08003535   Thumb Code     0  f2d.o(x$fpl$f2d)
    _f2d                                     0x08003535   Thumb Code    86  f2d.o(x$fpl$f2d)
    __aeabi_fdiv                             0x0800358d   Thumb Code     0  fdiv.o(x$fpl$fdiv)
    _fdiv                                    0x0800358d   Thumb Code   384  fdiv.o(x$fpl$fdiv)
    __aeabi_i2f                              0x08003711   Thumb Code     0  fflt_clz.o(x$fpl$fflt)
    _fflt                                    0x08003711   Thumb Code    48  fflt_clz.o(x$fpl$fflt)
    __fpl_fnaninf                            0x08003741   Thumb Code   140  fnaninf.o(x$fpl$fnaninf)
    __fpl_fretinf                            0x080037cd   Thumb Code    10  fretinf.o(x$fpl$fretinf)
    _printf_fp_dec                           0x080037d7   Thumb Code     4  printf1.o(x$fpl$printf1)
    __I$use$fp                               0x080037da   Number         0  usenofp.o(x$fpl$usenofp)
    AHBPrescTable                            0x080037ec   Data          16  system_stm32f1xx.o(.constdata)
    APBPrescTable                            0x080037fc   Data           8  system_stm32f1xx.o(.constdata)
    Region$$Table$$Base                      0x080038d4   Number         0  anon$$obj.o(Region$$Table)
    Region$$Table$$Limit                     0x080038f4   Number         0  anon$$obj.o(Region$$Table)
    __stdout                                 0x20000010   Data           4  main.o(.data)
    uwTickFreq                               0x20000014   Data           1  stm32f1xx_hal.o(.data)
    uwTickPrio                               0x20000018   Data           4  stm32f1xx_hal.o(.data)
    uwTick                                   0x2000001c   Data           4  stm32f1xx_hal.o(.data)
    SystemCoreClock                          0x20000020   Data           4  system_stm32f1xx.o(.data)
    hadc1                                    0x20000030   Data          48  adc.o(.bss)
    hcan                                     0x20000060   Data          40  can.o(.bss)
    huart1                                   0x20000088   Data          72  usart.o(.bss)
    __libspace_start                         0x200000d0   Data          96  libspace.o(.bss)
    __temporary_stack_top$libspace           0x20000130   Data           0  libspace.o(.bss)



==============================================================================

Memory Map of the image

  Image Entry point : 0x080000ed

  Load Region LR_IROM1 (Base: 0x08000000, Size: 0x00003934, Max: 0x00010000, ABSOLUTE)

    Execution Region ER_IROM1 (Exec base: 0x08000000, Load base: 0x08000000, Size: 0x00003910, Max: 0x00010000, ABSOLUTE)

    Exec Addr    Load Addr    Size         Type   Attr      Idx    E Section Name        Object

    0x08000000   0x08000000   0x000000ec   Data   RO            3    RESET               startup_stm32f103xb.o
    0x080000ec   0x080000ec   0x00000008   Code   RO         2596  * !!!main             c_w.l(__main.o)
    0x080000f4   0x080000f4   0x00000034   Code   RO         2832    !!!scatter          c_w.l(__scatter.o)
    0x08000128   0x08000128   0x0000001a   Code   RO         2834    !!handler_copy      c_w.l(__scatter_copy.o)
    0x08000142   0x08000142   0x00000002   PAD
    0x08000144   0x08000144   0x0000001c   Code   RO         2836    !!handler_zi        c_w.l(__scatter_zi.o)
    0x08000160   0x08000160   0x00000000   Code   RO         2591    .ARM.Collect$$_printf_percent$$00000000  c_w.l(_printf_percent.o)
    0x08000160   0x08000160   0x00000006   Code   RO         2590    .ARM.Collect$$_printf_percent$$00000003  c_w.l(_printf_f.o)
    0x08000166   0x08000166   0x00000006   Code   RO         2589    .ARM.Collect$$_printf_percent$$00000009  c_w.l(_printf_d.o)
    0x0800016c   0x0800016c   0x00000006   Code   RO         2588    .ARM.Collect$$_printf_percent$$0000000C  c_w.l(_printf_x.o)
    0x08000172   0x08000172   0x00000004   Code   RO         2621    .ARM.Collect$$_printf_percent$$00000017  c_w.l(_printf_percent_end.o)
    0x08000176   0x08000176   0x00000002   Code   RO         2707    .ARM.Collect$$libinit$$00000000  c_w.l(libinit.o)
    0x08000178   0x08000178   0x00000000   Code   RO         2709    .ARM.Collect$$libinit$$00000002  c_w.l(libinit2.o)
    0x08000178   0x08000178   0x00000000   Code   RO         2711    .ARM.Collect$$libinit$$00000004  c_w.l(libinit2.o)
    0x08000178   0x08000178   0x00000000   Code   RO         2714    .ARM.Collect$$libinit$$0000000A  c_w.l(libinit2.o)
    0x08000178   0x08000178   0x00000000   Code   RO         2716    .ARM.Collect$$libinit$$0000000C  c_w.l(libinit2.o)
    0x08000178   0x08000178   0x00000000   Code   RO         2718    .ARM.Collect$$libinit$$0000000E  c_w.l(libinit2.o)
    0x08000178   0x08000178   0x00000006   Code   RO         2719    .ARM.Collect$$libinit$$0000000F  c_w.l(libinit2.o)
    0x0800017e   0x0800017e   0x00000000   Code   RO         2721    .ARM.Collect$$libinit$$00000011  c_w.l(libinit2.o)
    0x0800017e   0x0800017e   0x00000000   Code   RO         2723    .ARM.Collect$$libinit$$00000013  c_w.l(libinit2.o)
    0x0800017e   0x0800017e   0x00000000   Code   RO         2725    .ARM.Collect$$libinit$$00000015  c_w.l(libinit2.o)
    0x0800017e   0x0800017e   0x0000000a   Code   RO         2726    .ARM.Collect$$libinit$$00000016  c_w.l(libinit2.o)
    0x08000188   0x08000188   0x00000000   Code   RO         2727    .ARM.Collect$$libinit$$00000017  c_w.l(libinit2.o)
    0x08000188   0x08000188   0x00000000   Code   RO         2729    .ARM.Collect$$libinit$$00000019  c_w.l(libinit2.o)
    0x08000188   0x08000188   0x00000000   Code   RO         2731    .ARM.Collect$$libinit$$0000001B  c_w.l(libinit2.o)
    0x08000188   0x08000188   0x00000000   Code   RO         2733    .ARM.Collect$$libinit$$0000001D  c_w.l(libinit2.o)
    0x08000188   0x08000188   0x00000000   Code   RO         2735    .ARM.Collect$$libinit$$0000001F  c_w.l(libinit2.o)
    0x08000188   0x08000188   0x00000000   Code   RO         2737    .ARM.Collect$$libinit$$00000021  c_w.l(libinit2.o)
    0x08000188   0x08000188   0x00000000   Code   RO         2739    .ARM.Collect$$libinit$$00000023  c_w.l(libinit2.o)
    0x08000188   0x08000188   0x00000000   Code   RO         2741    .ARM.Collect$$libinit$$00000025  c_w.l(libinit2.o)
    0x08000188   0x08000188   0x00000000   Code   RO         2745    .ARM.Collect$$libinit$$0000002C  c_w.l(libinit2.o)
    0x08000188   0x08000188   0x00000000   Code   RO         2747    .ARM.Collect$$libinit$$0000002E  c_w.l(libinit2.o)
    0x08000188   0x08000188   0x00000000   Code   RO         2749    .ARM.Collect$$libinit$$00000030  c_w.l(libinit2.o)
    0x08000188   0x08000188   0x00000000   Code   RO         2751    .ARM.Collect$$libinit$$00000032  c_w.l(libinit2.o)
    0x08000188   0x08000188   0x00000002   Code   RO         2752    .ARM.Collect$$libinit$$00000033  c_w.l(libinit2.o)
    0x0800018a   0x0800018a   0x00000002   Code   RO         2780    .ARM.Collect$$libshutdown$$00000000  c_w.l(libshutdown.o)
    0x0800018c   0x0800018c   0x00000000   Code   RO         2789    .ARM.Collect$$libshutdown$$00000002  c_w.l(libshutdown2.o)
    0x0800018c   0x0800018c   0x00000000   Code   RO         2791    .ARM.Collect$$libshutdown$$00000004  c_w.l(libshutdown2.o)
    0x0800018c   0x0800018c   0x00000000   Code   RO         2793    .ARM.Collect$$libshutdown$$00000006  c_w.l(libshutdown2.o)
    0x0800018c   0x0800018c   0x00000000   Code   RO         2796    .ARM.Collect$$libshutdown$$00000009  c_w.l(libshutdown2.o)
    0x0800018c   0x0800018c   0x00000000   Code   RO         2799    .ARM.Collect$$libshutdown$$0000000C  c_w.l(libshutdown2.o)
    0x0800018c   0x0800018c   0x00000000   Code   RO         2801    .ARM.Collect$$libshutdown$$0000000E  c_w.l(libshutdown2.o)
    0x0800018c   0x0800018c   0x00000000   Code   RO         2804    .ARM.Collect$$libshutdown$$00000011  c_w.l(libshutdown2.o)
    0x0800018c   0x0800018c   0x00000002   Code   RO         2805    .ARM.Collect$$libshutdown$$00000012  c_w.l(libshutdown2.o)
    0x0800018e   0x0800018e   0x00000000   Code   RO         2614    .ARM.Collect$$rtentry$$00000000  c_w.l(__rtentry.o)
    0x0800018e   0x0800018e   0x00000000   Code   RO         2630    .ARM.Collect$$rtentry$$00000002  c_w.l(__rtentry2.o)
    0x0800018e   0x0800018e   0x00000006   Code   RO         2642    .ARM.Collect$$rtentry$$00000004  c_w.l(__rtentry4.o)
    0x08000194   0x08000194   0x00000000   Code   RO         2632    .ARM.Collect$$rtentry$$00000009  c_w.l(__rtentry2.o)
    0x08000194   0x08000194   0x00000004   Code   RO         2633    .ARM.Collect$$rtentry$$0000000A  c_w.l(__rtentry2.o)
    0x08000198   0x08000198   0x00000000   Code   RO         2635    .ARM.Collect$$rtentry$$0000000C  c_w.l(__rtentry2.o)
    0x08000198   0x08000198   0x00000008   Code   RO         2636    .ARM.Collect$$rtentry$$0000000D  c_w.l(__rtentry2.o)
    0x080001a0   0x080001a0   0x00000002   Code   RO         2753    .ARM.Collect$$rtexit$$00000000  c_w.l(rtexit.o)
    0x080001a2   0x080001a2   0x00000000   Code   RO         2760    .ARM.Collect$$rtexit$$00000002  c_w.l(rtexit2.o)
    0x080001a2   0x080001a2   0x00000004   Code   RO         2761    .ARM.Collect$$rtexit$$00000003  c_w.l(rtexit2.o)
    0x080001a6   0x080001a6   0x00000006   Code   RO         2762    .ARM.Collect$$rtexit$$00000004  c_w.l(rtexit2.o)
    0x080001ac   0x080001ac   0x00000040   Code   RO            4    .text               startup_stm32f103xb.o
    0x080001ec   0x080001ec   0x00000002   Code   RO         2533    .text               c_w.l(use_no_semi_2.o)
    0x080001ee   0x080001ee   0x00000002   PAD
    0x080001f0   0x080001f0   0x00000018   Code   RO         2539    .text               c_w.l(noretval__2printf.o)
    0x08000208   0x08000208   0x0000004e   Code   RO         2543    .text               c_w.l(_printf_pad.o)
    0x08000256   0x08000256   0x00000002   PAD
    0x08000258   0x08000258   0x00000078   Code   RO         2545    .text               c_w.l(_printf_dec.o)
    0x080002d0   0x080002d0   0x00000058   Code   RO         2550    .text               c_w.l(_printf_hex_int.o)
    0x08000328   0x08000328   0x00000188   Code   RO         2585    .text               c_w.l(__printf_flags_ss_wp.o)
    0x080004b0   0x080004b0   0x0000004e   Code   RO         2592    .text               c_w.l(rt_memclr_w.o)
    0x080004fe   0x080004fe   0x00000006   Code   RO         2594    .text               c_w.l(heapauxi.o)
    0x08000504   0x08000504   0x00000002   Code   RO         2612    .text               c_w.l(use_no_semi.o)
    0x08000506   0x08000506   0x000000b2   Code   RO         2615    .text               c_w.l(_printf_intcommon.o)
    0x080005b8   0x080005b8   0x0000041e   Code   RO         2617    .text               c_w.l(_printf_fp_dec.o)
    0x080009d6   0x080009d6   0x00000002   PAD
    0x080009d8   0x080009d8   0x00000024   Code   RO         2619    .text               c_w.l(_printf_char_file.o)
    0x080009fc   0x080009fc   0x00000008   Code   RO         2647    .text               c_w.l(rt_locale_intlibspace.o)
    0x08000a04   0x08000a04   0x0000008a   Code   RO         2649    .text               c_w.l(lludiv10.o)
    0x08000a8e   0x08000a8e   0x00000002   PAD
    0x08000a90   0x08000a90   0x00000030   Code   RO         2651    .text               c_w.l(_printf_char_common.o)
    0x08000ac0   0x08000ac0   0x00000080   Code   RO         2653    .text               c_w.l(_printf_fp_infnan.o)
    0x08000b40   0x08000b40   0x000000e4   Code   RO         2655    .text               c_w.l(bigflt0.o)
    0x08000c24   0x08000c24   0x00000008   Code   RO         2680    .text               c_w.l(ferror.o)
    0x08000c2c   0x08000c2c   0x00000008   Code   RO         2691    .text               c_w.l(libspace.o)
    0x08000c34   0x08000c34   0x0000004a   Code   RO         2694    .text               c_w.l(sys_stackheap_outer.o)
    0x08000c7e   0x08000c7e   0x00000012   Code   RO         2698    .text               c_w.l(exit.o)
    0x08000c90   0x08000c90   0x00000080   Code   RO         2700    .text               c_w.l(strcmpv7m.o)
    0x08000d10   0x08000d10   0x0000003e   Code   RO         2658    CL$$btod_d2e        c_w.l(btod.o)
    0x08000d4e   0x08000d4e   0x00000046   Code   RO         2660    CL$$btod_d2e_denorm_low  c_w.l(btod.o)
    0x08000d94   0x08000d94   0x00000060   Code   RO         2659    CL$$btod_d2e_norm_op1  c_w.l(btod.o)
    0x08000df4   0x08000df4   0x00000338   Code   RO         2668    CL$$btod_div_common  c_w.l(btod.o)
    0x0800112c   0x0800112c   0x000000dc   Code   RO         2665    CL$$btod_e2e        c_w.l(btod.o)
    0x08001208   0x08001208   0x0000002a   Code   RO         2662    CL$$btod_ediv       c_w.l(btod.o)
    0x08001232   0x08001232   0x0000002a   Code   RO         2661    CL$$btod_emul       c_w.l(btod.o)
    0x0800125c   0x0800125c   0x00000244   Code   RO         2667    CL$$btod_mult_common  c_w.l(btod.o)
    0x080014a0   0x080014a0   0x00000056   Code   RO          616    i.ADC_ConversionStop_Disable  stm32f1xx_hal_adc.o
    0x080014f6   0x080014f6   0x00000002   Code   RO          474    i.BusFault_Handler  stm32f1xx_it.o
    0x080014f8   0x080014f8   0x00000002   Code   RO          475    i.DebugMon_Handler  stm32f1xx_it.o
    0x080014fa   0x080014fa   0x00000004   Code   RO          221    i.Error_Handler     main.o
    0x080014fe   0x080014fe   0x00000002   PAD
    0x08001500   0x08001500   0x000000fc   Code   RO          622    i.HAL_ADC_ConfigChannel  stm32f1xx_hal_adc.o
    0x080015fc   0x080015fc   0x0000011c   Code   RO          631    i.HAL_ADC_Init      stm32f1xx_hal_adc.o
    0x08001718   0x08001718   0x00000058   Code   RO          313    i.HAL_ADC_MspInit   adc.o
    0x08001770   0x08001770   0x000000d0   Code   RO         1871    i.HAL_CAN_AddTxMessage  stm32f1xx_hal_can.o
    0x08001840   0x08001840   0x000000ee   Code   RO         1872    i.HAL_CAN_ConfigFilter  stm32f1xx_hal_can.o
    0x0800192e   0x0800192e   0x00000004   Code   RO         1876    i.HAL_CAN_GetError  stm32f1xx_hal_can.o
    0x08001932   0x08001932   0x00000002   PAD
    0x08001934   0x08001934   0x00000022   Code   RO         1877    i.HAL_CAN_GetRxFifoFillLevel  stm32f1xx_hal_can.o
    0x08001956   0x08001956   0x000000f4   Code   RO         1878    i.HAL_CAN_GetRxMessage  stm32f1xx_hal_can.o
    0x08001a4a   0x08001a4a   0x0000002c   Code   RO         1880    i.HAL_CAN_GetTxMailboxesFreeLevel  stm32f1xx_hal_can.o
    0x08001a76   0x08001a76   0x0000011a   Code   RO         1883    i.HAL_CAN_Init      stm32f1xx_hal_can.o
    0x08001b90   0x08001b90   0x0000006c   Code   RO          355    i.HAL_CAN_MspInit   can.o
    0x08001bfc   0x08001bfc   0x00000058   Code   RO         1895    i.HAL_CAN_Start     stm32f1xx_hal_can.o
    0x08001c54   0x08001c54   0x00000046   Code   RO         1273    i.HAL_DMA_Abort     stm32f1xx_hal_dma.o
    0x08001c9a   0x08001c9a   0x00000002   PAD
    0x08001c9c   0x08001c9c   0x00000098   Code   RO         1274    i.HAL_DMA_Abort_IT  stm32f1xx_hal_dma.o
    0x08001d34   0x08001d34   0x000001e0   Code   RO         1209    i.HAL_GPIO_Init     stm32f1xx_hal_gpio.o
    0x08001f14   0x08001f14   0x0000000c   Code   RO          903    i.HAL_GetTick       stm32f1xx_hal.o
    0x08001f20   0x08001f20   0x00000010   Code   RO          909    i.HAL_IncTick       stm32f1xx_hal.o
    0x08001f30   0x08001f30   0x00000024   Code   RO          910    i.HAL_Init          stm32f1xx_hal.o
    0x08001f54   0x08001f54   0x00000040   Code   RO          911    i.HAL_InitTick      stm32f1xx_hal.o
    0x08001f94   0x08001f94   0x0000003c   Code   RO          556    i.HAL_MspInit       stm32f1xx_hal_msp.o
    0x08001fd0   0x08001fd0   0x0000001a   Code   RO         1369    i.HAL_NVIC_EnableIRQ  stm32f1xx_hal_cortex.o
    0x08001fea   0x08001fea   0x00000002   PAD
    0x08001fec   0x08001fec   0x00000040   Code   RO         1375    i.HAL_NVIC_SetPriority  stm32f1xx_hal_cortex.o
    0x0800202c   0x0800202c   0x00000024   Code   RO         1376    i.HAL_NVIC_SetPriorityGrouping  stm32f1xx_hal_cortex.o
    0x08002050   0x08002050   0x000000ec   Code   RO         1171    i.HAL_RCCEx_PeriphCLKConfig  stm32f1xx_hal_rcc_ex.o
    0x0800213c   0x0800213c   0x0000012c   Code   RO         1067    i.HAL_RCC_ClockConfig  stm32f1xx_hal_rcc.o
    0x08002268   0x08002268   0x00000020   Code   RO         1074    i.HAL_RCC_GetPCLK1Freq  stm32f1xx_hal_rcc.o
    0x08002288   0x08002288   0x00000020   Code   RO         1075    i.HAL_RCC_GetPCLK2Freq  stm32f1xx_hal_rcc.o
    0x080022a8   0x080022a8   0x0000004c   Code   RO         1076    i.HAL_RCC_GetSysClockFreq  stm32f1xx_hal_rcc.o
    0x080022f4   0x080022f4   0x00000320   Code   RO         1079    i.HAL_RCC_OscConfig  stm32f1xx_hal_rcc.o
    0x08002614   0x08002614   0x00000028   Code   RO         1380    i.HAL_SYSTICK_Config  stm32f1xx_hal_cortex.o
    0x0800263c   0x0800263c   0x00000002   Code   RO         2145    i.HAL_UARTEx_RxEventCallback  stm32f1xx_hal_uart.o
    0x0800263e   0x0800263e   0x00000002   Code   RO         2159    i.HAL_UART_ErrorCallback  stm32f1xx_hal_uart.o
    0x08002640   0x08002640   0x0000026c   Code   RO         2162    i.HAL_UART_IRQHandler  stm32f1xx_hal_uart.o
    0x080028ac   0x080028ac   0x00000064   Code   RO         2163    i.HAL_UART_Init     stm32f1xx_hal_uart.o
    0x08002910   0x08002910   0x00000080   Code   RO          427    i.HAL_UART_MspInit  usart.o
    0x08002990   0x08002990   0x0000001c   Code   RO         2168    i.HAL_UART_Receive_IT  stm32f1xx_hal_uart.o
    0x080029ac   0x080029ac   0x00000004   Code   RO          222    i.HAL_UART_RxCpltCallback  main.o
    0x080029b0   0x080029b0   0x000000a0   Code   RO         2171    i.HAL_UART_Transmit  stm32f1xx_hal_uart.o
    0x08002a50   0x08002a50   0x00000002   Code   RO         2174    i.HAL_UART_TxCpltCallback  stm32f1xx_hal_uart.o
    0x08002a52   0x08002a52   0x00000002   Code   RO          476    i.HardFault_Handler  stm32f1xx_it.o
    0x08002a54   0x08002a54   0x00000050   Code   RO          314    i.MX_ADC1_Init      adc.o
    0x08002aa4   0x08002aa4   0x00000048   Code   RO          356    i.MX_CAN_Init       can.o
    0x08002aec   0x08002aec   0x0000004c   Code   RO          288    i.MX_GPIO_Init      gpio.o
    0x08002b38   0x08002b38   0x00000038   Code   RO          428    i.MX_USART1_UART_Init  usart.o
    0x08002b70   0x08002b70   0x0000008c   Code   RO           14    i.MasterCAN_Init    mastercan.o
    0x08002bfc   0x08002bfc   0x00000110   Code   RO           15    i.MasterCAN_PollRx  mastercan.o
    0x08002d0c   0x08002d0c   0x00000104   Code   RO           16    i.MasterCAN_SendCtrlByte  mastercan.o
    0x08002e10   0x08002e10   0x00000054   Code   RO           17    i.MasterCAN_Start   mastercan.o
    0x08002e64   0x08002e64   0x00000002   Code   RO          477    i.MemManage_Handler  stm32f1xx_it.o
    0x08002e66   0x08002e66   0x00000002   Code   RO          478    i.NMI_Handler       stm32f1xx_it.o
    0x08002e68   0x08002e68   0x00000002   Code   RO          479    i.PendSV_Handler    stm32f1xx_it.o
    0x08002e6a   0x08002e6a   0x00000002   Code   RO          480    i.SVC_Handler       stm32f1xx_it.o
    0x08002e6c   0x08002e6c   0x00000004   Code   RO          481    i.SysTick_Handler   stm32f1xx_it.o
    0x08002e70   0x08002e70   0x00000080   Code   RO          223    i.SystemClock_Config  main.o
    0x08002ef0   0x08002ef0   0x00000002   Code   RO         2497    i.SystemInit        system_stm32f1xx.o
    0x08002ef2   0x08002ef2   0x00000010   Code   RO         2176    i.UART_DMAAbortOnError  stm32f1xx_hal_uart.o
    0x08002f02   0x08002f02   0x0000004e   Code   RO         2186    i.UART_EndRxTransfer  stm32f1xx_hal_uart.o
    0x08002f50   0x08002f50   0x000000c2   Code   RO         2188    i.UART_Receive_IT   stm32f1xx_hal_uart.o
    0x08003012   0x08003012   0x00000002   PAD
    0x08003014   0x08003014   0x000000b8   Code   RO         2189    i.UART_SetConfig    stm32f1xx_hal_uart.o
    0x080030cc   0x080030cc   0x00000036   Code   RO         2191    i.UART_Start_Receive_IT  stm32f1xx_hal_uart.o
    0x08003102   0x08003102   0x00000072   Code   RO         2192    i.UART_WaitOnFlagUntilTimeout  stm32f1xx_hal_uart.o
    0x08003174   0x08003174   0x0000000c   Code   RO          482    i.USART1_IRQHandler  stm32f1xx_it.o
    0x08003180   0x08003180   0x00000128   Code   RO          172    i.UartProto_HandleFrame  uartproto.o
    0x080032a8   0x080032a8   0x0000003c   Code   RO          173    i.UartProto_Init    uartproto.o
    0x080032e4   0x080032e4   0x00000014   Code   RO          174    i.UartProto_Reset   uartproto.o
    0x080032f8   0x080032f8   0x0000010c   Code   RO          175    i.UartProto_RxCpltCallback  uartproto.o
    0x08003404   0x08003404   0x00000002   Code   RO          483    i.UsageFault_Handler  stm32f1xx_it.o
    0x08003406   0x08003406   0x00000028   Code   RO         2689    i.__ARM_fpclassify  m_ws.l(fpclassify.o)
    0x0800342e   0x0800342e   0x00000020   Code   RO         1382    i.__NVIC_SetPriority  stm32f1xx_hal_cortex.o
    0x0800344e   0x0800344e   0x0000000e   Code   RO         2578    i._is_digit         c_w.l(__printf_wp.o)
    0x0800345c   0x0800345c   0x00000002   Code   RO          224    i._sys_exit         main.o
    0x0800345e   0x0800345e   0x00000002   PAD
    0x08003460   0x08003460   0x00000020   Code   RO          429    i.fputc             usart.o
    0x08003480   0x08003480   0x0000007c   Code   RO          225    i.main              main.o
    0x080034fc   0x080034fc   0x0000002c   Code   RO         2685    locale$$code        c_w.l(lc_numeric_c.o)
    0x08003528   0x08003528   0x0000000c   Code   RO         2622    x$fpl$dretinf       fz_ws.l(dretinf.o)
    0x08003534   0x08003534   0x00000056   Code   RO         2598    x$fpl$f2d           fz_ws.l(f2d.o)
    0x0800358a   0x0800358a   0x00000002   PAD
    0x0800358c   0x0800358c   0x00000184   Code   RO         2601    x$fpl$fdiv          fz_ws.l(fdiv.o)
    0x08003710   0x08003710   0x00000030   Code   RO         2605    x$fpl$fflt          fz_ws.l(fflt_clz.o)
    0x08003740   0x08003740   0x0000008c   Code   RO         2624    x$fpl$fnaninf       fz_ws.l(fnaninf.o)
    0x080037cc   0x080037cc   0x0000000a   Code   RO         2626    x$fpl$fretinf       fz_ws.l(fretinf.o)
    0x080037d6   0x080037d6   0x00000004   Code   RO         2610    x$fpl$printf1       fz_ws.l(printf1.o)
    0x080037da   0x080037da   0x00000000   Code   RO         2628    x$fpl$usenofp       fz_ws.l(usenofp.o)
    0x080037da   0x080037da   0x00000012   Data   RO         1080    .constdata          stm32f1xx_hal_rcc.o
    0x080037ec   0x080037ec   0x00000010   Data   RO         2498    .constdata          system_stm32f1xx.o
    0x080037fc   0x080037fc   0x00000008   Data   RO         2499    .constdata          system_stm32f1xx.o
    0x08003804   0x08003804   0x00000028   Data   RO         2551    .constdata          c_w.l(_printf_hex_int.o)
    0x0800382c   0x0800382c   0x00000011   Data   RO         2586    .constdata          c_w.l(__printf_flags_ss_wp.o)
    0x0800383d   0x0800383d   0x00000003   PAD
    0x08003840   0x08003840   0x00000094   Data   RO         2656    .constdata          c_w.l(bigflt0.o)
    0x080038d4   0x080038d4   0x00000020   Data   RO         2830    Region$$Table       anon$$obj.o
    0x080038f4   0x080038f4   0x0000001c   Data   RO         2684    locale$$data        c_w.l(lc_numeric_c.o)


    Execution Region RW_IRAM1 (Exec base: 0x20000000, Load base: 0x08003910, Size: 0x00000730, Max: 0x00005000, ABSOLUTE)

    Exec Addr    Load Addr    Size         Type   Attr      Idx    E Section Name        Object

    0x20000000   0x08003910   0x00000001   Data   RW           19    .data               mastercan.o
    0x20000001   0x08003911   0x0000000d   Data   RW          176    .data               uartproto.o
    0x2000000e   0x0800391e   0x00000002   PAD
    0x20000010   0x08003920   0x00000004   Data   RW          226    .data               main.o
    0x20000014   0x08003924   0x0000000c   Data   RW          917    .data               stm32f1xx_hal.o
    0x20000020   0x08003930   0x00000004   Data   RW         2500    .data               system_stm32f1xx.o
    0x20000024        -       0x0000000c   Zero   RW           18    .bss                mastercan.o
    0x20000030        -       0x00000030   Zero   RW          315    .bss                adc.o
    0x20000060        -       0x00000028   Zero   RW          357    .bss                can.o
    0x20000088        -       0x00000048   Zero   RW          430    .bss                usart.o
    0x200000d0        -       0x00000060   Zero   RW         2692    .bss                c_w.l(libspace.o)
    0x20000130        -       0x00000200   Zero   RW            2    HEAP                startup_stm32f103xb.o
    0x20000330        -       0x00000400   Zero   RW            1    STACK               startup_stm32f103xb.o


==============================================================================

Image component sizes


      Code (inc. data)   RO Data    RW Data    ZI Data      Debug   Object Name

       168         22          0          0         48       1569   adc.o
       180         22          0          0         40       1575   can.o
        76          6          0          0          0        819   gpio.o
       262         62          0          4          0       4328   main.o
       756        376          0          1         12     423079   mastercan.o
        64         26        236          0       1536        788   startup_stm32f103xb.o
       128         24          0         12          0       5173   stm32f1xx_hal.o
       622         24          0          0          0       3228   stm32f1xx_hal_adc.o
      1142          0          0          0          0       7054   stm32f1xx_hal_can.o
       198         14          0          0          0      28835   stm32f1xx_hal_cortex.o
       222          4          0          0          0       1715   stm32f1xx_hal_dma.o
       480         34          0          0          0       2224   stm32f1xx_hal_gpio.o
        60          8          0          0          0        838   stm32f1xx_hal_msp.o
      1240         84         18          0          0       5004   stm32f1xx_hal_rcc.o
       236         12          0          0          0       1348   stm32f1xx_hal_rcc_ex.o
      1554         10          0          0          0      10700   stm32f1xx_hal_uart.o
        32          6          0          0          0       4126   stm32f1xx_it.o
         2          0         24          4          0       1059   system_stm32f1xx.o
       644        338          0         13          0       3392   uartproto.o
       216         26          0          0         72       2186   usart.o

    ----------------------------------------------------------------------
      8294       1098        310         36       1708     509040   Object Totals
         0          0         32          0          0          0   (incl. Generated)
        12          0          0          2          0          0   (incl. Padding)

    ----------------------------------------------------------------------

      Code (inc. data)   RO Data    RW Data    ZI Data      Debug   Library Member Name

         8          0          0          0          0         68   __main.o
       392          4         17          0          0         92   __printf_flags_ss_wp.o
        14          0          0          0          0         68   __printf_wp.o
         0          0          0          0          0          0   __rtentry.o
        12          0          0          0          0          0   __rtentry2.o
         6          0          0          0          0          0   __rtentry4.o
        52          8          0          0          0          0   __scatter.o
        26          0          0          0          0          0   __scatter_copy.o
        28          0          0          0          0          0   __scatter_zi.o
        48          6          0          0          0         96   _printf_char_common.o
        36          4          0          0          0         80   _printf_char_file.o
         6          0          0          0          0          0   _printf_d.o
       120         16          0          0          0         92   _printf_dec.o
         6          0          0          0          0          0   _printf_f.o
      1054          0          0          0          0        216   _printf_fp_dec.o
       128         16          0          0          0         84   _printf_fp_infnan.o
        88          4         40          0          0         88   _printf_hex_int.o
       178          0          0          0          0         88   _printf_intcommon.o
        78          0          0          0          0        108   _printf_pad.o
         0          0          0          0          0          0   _printf_percent.o
         4          0          0          0          0          0   _printf_percent_end.o
         6          0          0          0          0          0   _printf_x.o
       228          4        148          0          0         96   bigflt0.o
      1936        128          0          0          0        672   btod.o
        18          0          0          0          0         80   exit.o
         8          0          0          0          0         68   ferror.o
         6          0          0          0          0        152   heapauxi.o
        44         10         28          0          0         76   lc_numeric_c.o
         2          0          0          0          0          0   libinit.o
        18          0          0          0          0          0   libinit2.o
         2          0          0          0          0          0   libshutdown.o
         2          0          0          0          0          0   libshutdown2.o
         8          4          0          0         96         68   libspace.o
       138          0          0          0          0         80   lludiv10.o
        24          4          0          0          0         84   noretval__2printf.o
         8          4          0          0          0         68   rt_locale_intlibspace.o
        78          0          0          0          0         80   rt_memclr_w.o
         2          0          0          0          0          0   rtexit.o
        10          0          0          0          0          0   rtexit2.o
       128          0          0          0          0         68   strcmpv7m.o
        74          0          0          0          0         80   sys_stackheap_outer.o
         2          0          0          0          0         68   use_no_semi.o
         2          0          0          0          0         68   use_no_semi_2.o
        12          0          0          0          0         68   dretinf.o
        86          4          0          0          0         84   f2d.o
       388         76          0          0          0         96   fdiv.o
        48          0          0          0          0         68   fflt_clz.o
       140          4          0          0          0         84   fnaninf.o
        10          0          0          0          0         68   fretinf.o
         4          0          0          0          0         68   printf1.o
         0          0          0          0          0          0   usenofp.o
        40          0          0          0          0         68   fpclassify.o

    ----------------------------------------------------------------------
      5768        296        236          0         96       3492   Library Totals
        12          0          3          0          0          0   (incl. Padding)

    ----------------------------------------------------------------------

      Code (inc. data)   RO Data    RW Data    ZI Data      Debug   Library Name

      5028        212        233          0         96       2888   c_w.l
       688         84          0          0          0        536   fz_ws.l
        40          0          0          0          0         68   m_ws.l

    ----------------------------------------------------------------------
      5768        296        236          0         96       3492   Library Totals

    ----------------------------------------------------------------------

==============================================================================


      Code (inc. data)   RO Data    RW Data    ZI Data      Debug   

     14062       1394        546         36       1804     506912   Grand Totals
     14062       1394        546         36       1804     506912   ELF Image Totals
     14062       1394        546         36          0          0   ROM Totals

==============================================================================

    Total RO  Size (Code + RO Data)                14608 (  14.27kB)
    Total RW  Size (RW Data + ZI Data)              1840 (   1.80kB)
    Total ROM Size (Code + RO Data + RW Data)      14644 (  14.30kB)

==============================================================================

