<html>
<body>
<pre>
<h1>µVision Build Log</h1>
<h2>Tool Versions:</h2>
IDE-Version: ¦ÌVision V5.36.0.0
Copyright (C) 2021 ARM Ltd and ARM Germany GmbH. All rights reserved.
License Information: 1 Administrator, 1, LIC=KRMW3-AJIJR-NNGAF-6HLWC-RP71C-ILZJ4
 
Tool Versions:
Toolchain:       MDK-ARM Plus  Version: 5.36.0.0
Toolchain Path:  D:\Keil_v5\Core\ARM\ARMCC\Bin
C Compiler:      Armcc.exe V5.06 update 7 (build 960)
Assembler:       Armasm.exe V5.06 update 7 (build 960)
Linker/Locator:  ArmLink.exe V5.06 update 7 (build 960)
Library Manager: ArmAr.exe V5.06 update 7 (build 960)
Hex Converter:   FromElf.exe V5.06 update 7 (build 960)
CPU DLL:         SARMCM3.DLL V5.36.0.0
Dialog DLL:      DCM.DLL V1.17.3.0
Target DLL:      STLink\ST-LINKIII-KEIL_SWO.dll V3.0.9.0
Dialog DLL:      TCM.DLL V1.53.0.0
 
<h2>Project:</h2>
D:\¶¯ÂöÓ²»¯\Çý¶¯°å\qudongtest\MDK-ARM\qudongtest.uvprojx
Project File Date:  04/20/2026

<h2>Output:</h2>
*** Using Compiler 'V5.06 update 7 (build 960)', folder: 'D:\Keil_v5\Core\ARM\ARMCC\Bin'
Build target 'qudongtest'
compiling main.c...
../Core/Inc/pressureTest.h(193): warning:  #1-D: last line of file ends without a newline
  #endif 
../Core/Inc/userCan.h(72): warning:  #1-D: last line of file ends without a newline
  #endif
../Core/Src/main.c(106): warning:  #177-D: function "Debug_PrintSensorAndCanFrame"  was declared but never referenced
  static void Debug_PrintSensorAndCanFrame(float pressure_kpa, float temp_c)
../Core/Src/main.c: 3 warnings, 0 errors
compiling userCan.c...
../Core/Inc/userCan.h(72): warning:  #1-D: last line of file ends without a newline
  #endif
..\Core\Src\UserCore\userCan.c(253): warning:  #1-D: last line of file ends without a newline
  }
..\Core\Src\UserCore\userCan.c: 2 warnings, 0 errors
linking...
Program Size: Code=18414 RO-data=546 RW-data=28 ZI-data=1908  
FromELF: creating hex file...
"qudongtest\qudongtest.axf" - 0 Error(s), 5 Warning(s).

<h2>Software Packages used:</h2>

Package Vendor: ARM
                http://www.keil.com/pack/ARM.CMSIS.5.8.0.pack
                ARM.CMSIS.5.8.0
                CMSIS (Common Microcontroller Software Interface Standard)
   * Component: CORE Version: 5.5.0

Package Vendor: Keil
                https://www.keil.com/pack/Keil.STM32F1xx_DFP.2.4.1.pack
                Keil.STM32F1xx_DFP.2.4.1
                STMicroelectronics STM32F1 Series Device Support, Drivers and Examples

<h2>Collection of Component include folders:</h2>
  .\RTE\_qudongtest
  D:\Keil_v5\pack\ARM\CMSIS\5.8.0\CMSIS\Core\Include
  D:\Keil_v5\pack\Keil\STM32F1xx_DFP\2.4.1\Device\Include

<h2>Collection of Component Files used:</h2>

   * Component: ARM::CMSIS:CORE:5.5.0
      Include file:  CMSIS\Core\Include\tz_context.h
Build Time Elapsed:  00:00:00
</pre>
</body>
</html>
