Component: ARM Compiler 5.06 update 7 (build 960) Tool: armlink [4d3601]

==============================================================================

Section Cross References

    startup_stm32f103xb.o(STACK) refers (Special) to heapauxi.o(.text) for __use_two_region_memory
    startup_stm32f103xb.o(HEAP) refers (Special) to heapauxi.o(.text) for __use_two_region_memory
    startup_stm32f103xb.o(RESET) refers (Special) to heapauxi.o(.text) for __use_two_region_memory
    startup_stm32f103xb.o(RESET) refers to startup_stm32f103xb.o(STACK) for __initial_sp
    startup_stm32f103xb.o(RESET) refers to startup_stm32f103xb.o(.text) for Reset_Handler
    startup_stm32f103xb.o(RESET) refers to stm32f1xx_it.o(i.NMI_Handler) for NMI_Handler
    startup_stm32f103xb.o(RESET) refers to stm32f1xx_it.o(i.HardFault_Handler) for HardFault_Handler
    startup_stm32f103xb.o(RESET) refers to stm32f1xx_it.o(i.MemManage_Handler) for MemManage_Handler
    startup_stm32f103xb.o(RESET) refers to stm32f1xx_it.o(i.BusFault_Handler) for BusFault_Handler
    startup_stm32f103xb.o(RESET) refers to stm32f1xx_it.o(i.UsageFault_Handler) for UsageFault_Handler
    startup_stm32f103xb.o(RESET) refers to stm32f1xx_it.o(i.SVC_Handler) for SVC_Handler
    startup_stm32f103xb.o(RESET) refers to stm32f1xx_it.o(i.DebugMon_Handler) for DebugMon_Handler
    startup_stm32f103xb.o(RESET) refers to stm32f1xx_it.o(i.PendSV_Handler) for PendSV_Handler
    startup_stm32f103xb.o(RESET) refers to stm32f1xx_it.o(i.SysTick_Handler) for SysTick_Handler
    startup_stm32f103xb.o(RESET) refers to stm32f1xx_it.o(i.USART1_IRQHandler) for USART1_IRQHandler
    startup_stm32f103xb.o(.text) refers (Special) to heapauxi.o(.text) for __use_two_region_memory
    startup_stm32f103xb.o(.text) refers to system_stm32f1xx.o(i.SystemInit) for SystemInit
    startup_stm32f103xb.o(.text) refers to __main.o(!!!main) for __main
    startup_stm32f103xb.o(.text) refers to startup_stm32f103xb.o(HEAP) for Heap_Mem
    startup_stm32f103xb.o(.text) refers to startup_stm32f103xb.o(STACK) for Stack_Mem
    main.o(.rev16_text) refers (Special) to use_no_semi_2.o(.text) for __use_no_semihosting
    main.o(.revsh_text) refers (Special) to use_no_semi_2.o(.text) for __use_no_semihosting
    main.o(.rrx_text) refers (Special) to use_no_semi_2.o(.text) for __use_no_semihosting
    main.o(i.Error_Handler) refers (Special) to use_no_semi_2.o(.text) for __use_no_semihosting
    main.o(i.SystemClock_Config) refers (Special) to use_no_semi_2.o(.text) for __use_no_semihosting
    main.o(i.SystemClock_Config) refers to rt_memclr_w.o(.text) for __aeabi_memclr4
    main.o(i.SystemClock_Config) refers to stm32f1xx_hal_rcc.o(i.HAL_RCC_OscConfig) for HAL_RCC_OscConfig
    main.o(i.SystemClock_Config) refers to stm32f1xx_hal_rcc.o(i.HAL_RCC_ClockConfig) for HAL_RCC_ClockConfig
    main.o(i.SystemClock_Config) refers to stm32f1xx_hal_rcc_ex.o(i.HAL_RCCEx_PeriphCLKConfig) for HAL_RCCEx_PeriphCLKConfig
    main.o(i._sys_exit) refers (Special) to use_no_semi_2.o(.text) for __use_no_semihosting
    main.o(i.main) refers (Special) to use_no_semi_2.o(.text) for __use_no_semihosting
    main.o(i.main) refers to _printf_percent.o(.ARM.Collect$$_printf_percent$$00000000) for _printf_percent
    main.o(i.main) refers to _printf_d.o(.ARM.Collect$$_printf_percent$$00000009) for _printf_d
    main.o(i.main) refers to _printf_dec.o(.text) for _printf_int_dec
    main.o(i.main) refers to _printf_f.o(.ARM.Collect$$_printf_percent$$00000003) for _printf_f
    main.o(i.main) refers to printf1.o(x$fpl$printf1) for _printf_fp_dec
    main.o(i.main) refers to stm32f1xx_hal.o(i.HAL_Init) for HAL_Init
    main.o(i.main) refers to main.o(i.SystemClock_Config) for SystemClock_Config
    main.o(i.main) refers to gpio.o(i.MX_GPIO_Init) for MX_GPIO_Init
    main.o(i.main) refers to adc.o(i.MX_ADC1_Init) for MX_ADC1_Init
    main.o(i.main) refers to can.o(i.MX_CAN_Init) for MX_CAN_Init
    main.o(i.main) refers to i2c.o(i.MX_I2C1_Init) for MX_I2C1_Init
    main.o(i.main) refers to usart.o(i.MX_USART1_UART_Init) for MX_USART1_UART_Init
    main.o(i.main) refers to usercan.o(i.UserCAN_Init) for UserCAN_Init
    main.o(i.main) refers to noretval__2printf.o(.text) for __2printf
    main.o(i.main) refers to pressuretest.o(i.PressureTest_Init) for PressureTest_Init
    main.o(i.main) refers to usercan.o(i.UserCAN_Start) for UserCAN_Start
    main.o(i.main) refers to usercan.o(i.UserCAN_PollRx) for UserCAN_PollRx
    main.o(i.main) refers to usercan.o(i.UserCAN_ConsumeSendRequest) for UserCAN_ConsumeSendRequest
    main.o(i.main) refers to pressuretest.o(i.PressureTest_ReadOnce) for PressureTest_ReadOnce
    main.o(i.main) refers to usercan.o(i.UserCAN_SendSensorData) for UserCAN_SendSensorData
    main.o(i.main) refers to f2d.o(x$fpl$f2d) for __aeabi_f2d
    main.o(i.main) refers to i2c.o(.bss) for hi2c1
    main.o(i.main) refers to main.o(.bss) for .bss
    main.o(.bss) refers (Special) to use_no_semi_2.o(.text) for __use_no_semihosting
[...]
    .ARM.Collect$$libinit$$00000025          0x0800018e   Section        0  libinit2.o(.ARM.Collect$$libinit$$00000025)
    .ARM.Collect$$libinit$$0000002C          0x0800018e   Section        0  libinit2.o(.ARM.Collect$$libinit$$0000002C)
    .ARM.Collect$$libinit$$0000002E          0x0800018e   Section        0  libinit2.o(.ARM.Collect$$libinit$$0000002E)
    .ARM.Collect$$libinit$$00000030          0x0800018e   Section        0  libinit2.o(.ARM.Collect$$libinit$$00000030)
    .ARM.Collect$$libinit$$00000032          0x0800018e   Section        0  libinit2.o(.ARM.Collect$$libinit$$00000032)
    .ARM.Collect$$libinit$$00000033          0x0800018e   Section        2  libinit2.o(.ARM.Collect$$libinit$$00000033)
    .ARM.Collect$$libshutdown$$00000000      0x08000190   Section        2  libshutdown.o(.ARM.Collect$$libshutdown$$00000000)
    .ARM.Collect$$libshutdown$$00000002      0x08000192   Section        0  libshutdown2.o(.ARM.Collect$$libshutdown$$00000002)
    .ARM.Collect$$libshutdown$$00000004      0x08000192   Section        0  libshutdown2.o(.ARM.Collect$$libshutdown$$00000004)
    .ARM.Collect$$libshutdown$$00000006      0x08000192   Section        0  libshutdown2.o(.ARM.Collect$$libshutdown$$00000006)
    .ARM.Collect$$libshutdown$$00000009      0x08000192   Section        0  libshutdown2.o(.ARM.Collect$$libshutdown$$00000009)
    .ARM.Collect$$libshutdown$$0000000C      0x08000192   Section        0  libshutdown2.o(.ARM.Collect$$libshutdown$$0000000C)
    .ARM.Collect$$libshutdown$$0000000E      0x08000192   Section        0  libshutdown2.o(.ARM.Collect$$libshutdown$$0000000E)
    .ARM.Collect$$libshutdown$$00000011      0x08000192   Section        0  libshutdown2.o(.ARM.Collect$$libshutdown$$00000011)
    .ARM.Collect$$libshutdown$$00000012      0x08000192   Section        2  libshutdown2.o(.ARM.Collect$$libshutdown$$00000012)
    .ARM.Collect$$rtentry$$00000000          0x08000194   Section        0  __rtentry.o(.ARM.Collect$$rtentry$$00000000)
    .ARM.Collect$$rtentry$$00000002          0x08000194   Section        0  __rtentry2.o(.ARM.Collect$$rtentry$$00000002)
    .ARM.Collect$$rtentry$$00000004          0x08000194   Section        6  __rtentry4.o(.ARM.Collect$$rtentry$$00000004)
    .ARM.Collect$$rtentry$$00000009          0x0800019a   Section        0  __rtentry2.o(.ARM.Collect$$rtentry$$00000009)
    .ARM.Collect$$rtentry$$0000000A          0x0800019a   Section        4  __rtentry2.o(.ARM.Collect$$rtentry$$0000000A)
    .ARM.Collect$$rtentry$$0000000C          0x0800019e   Section        0  __rtentry2.o(.ARM.Collect$$rtentry$$0000000C)
    .ARM.Collect$$rtentry$$0000000D          0x0800019e   Section        8  __rtentry2.o(.ARM.Collect$$rtentry$$0000000D)
    .ARM.Collect$$rtexit$$00000000           0x080001a6   Section        2  rtexit.o(.ARM.Collect$$rtexit$$00000000)
    .ARM.Collect$$rtexit$$00000002           0x080001a8   Section        0  rtexit2.o(.ARM.Collect$$rtexit$$00000002)
    .ARM.Collect$$rtexit$$00000003           0x080001a8   Section        4  rtexit2.o(.ARM.Collect$$rtexit$$00000003)
    .ARM.Collect$$rtexit$$00000004           0x080001ac   Section        6  rtexit2.o(.ARM.Collect$$rtexit$$00000004)
    .text                                    0x080001b4   Section       64  startup_stm32f103xb.o(.text)
    .text                                    0x080001f4   Section        2  use_no_semi_2.o(.text)
    .text                                    0x080001f8   Section        0  noretval__2printf.o(.text)
    .text                                    0x08000210   Section        0  _printf_pad.o(.text)
    .text                                    0x0800025e   Section        0  _printf_str.o(.text)
    .text                                    0x080002b0   Section        0  _printf_dec.o(.text)
    .text                                    0x08000328   Section        0  _printf_hex_int.o(.text)
    .text                                    0x08000380   Section        0  __printf_flags_ss_wp.o(.text)
    .text                                    0x08000508   Section       78  rt_memclr_w.o(.text)
    .text                                    0x08000556   Section        0  heapauxi.o(.text)
    .text                                    0x0800055c   Section        2  use_no_semi.o(.text)
    .text                                    0x0800055e   Section        0  _printf_intcommon.o(.text)
    .text                                    0x08000610   Section        0  _printf_fp_dec.o(.text)
    _fp_digits                               0x08000613   Thumb Code   432  _printf_fp_dec.o(.text)
    .text                                    0x08000a2e   Section        0  _printf_char.o(.text)
    .text                                    0x08000a5c   Section        0  _printf_char_file.o(.text)
    .text                                    0x08000a80   Section        8  rt_locale_intlibspace.o(.text)
    .text                                    0x08000a88   Section      138  lludiv10.o(.text)
    .text                                    0x08000b14   Section        0  _printf_char_common.o(.text)
    _printf_input_char                       0x08000b15   Thumb Code    10  _printf_char_common.o(.text)
    .text                                    0x08000b44   Section        0  _printf_fp_infnan.o(.text)
    .text                                    0x08000bc4   Section        0  bigflt0.o(.text)
    .text                                    0x08000ca8   Section        0  ferror.o(.text)
    .text                                    0x08000cb0   Section        8  libspace.o(.text)
    .text                                    0x08000cb8   Section       74  sys_stackheap_outer.o(.text)
    .text                                    0x08000d02   Section        0  exit.o(.text)
    .text                                    0x08000d14   Section      128  strcmpv7m.o(.text)
    CL$$btod_d2e                             0x08000d94   Section       62  btod.o(CL$$btod_d2e)
    CL$$btod_d2e_denorm_low                  0x08000dd2   Section       70  btod.o(CL$$btod_d2e_denorm_low)
    CL$$btod_d2e_norm_op1                    0x08000e18   Section       96  btod.o(CL$$btod_d2e_norm_op1)
    CL$$btod_div_common                      0x08000e78   Section      824  btod.o(CL$$btod_div_common)
    CL$$btod_e2e                             0x080011b0   Section      220  btod.o(CL$$btod_e2e)
    CL$$btod_ediv                            0x0800128c   Section       42  btod.o(CL$$btod_ediv)
    CL$$btod_emul                            0x080012b6   Section       42  btod.o(CL$$btod_emul)
    CL$$btod_mult_common                     0x080012e0   Section      580  btod.o(CL$$btod_mult_common)
    i.ADC_ConversionStop_Disable             0x08001524   Section        0  stm32f1xx_hal_adc.o(i.ADC_ConversionStop_Disable)
    i.BusFault_Handler                       0x0800157a   Section        0  stm32f1xx_it.o(i.BusFault_Handler)
    i.DebugMon_Handler                       0x0800157c   Section        0  stm32f1xx_it.o(i.DebugMon_Handler)
    i.Error_Handler                          0x0800157e   Section        0  main.o(i.Error_Handler)
    i.HAL_ADC_ConfigChannel                  0x08001584   Section        0  stm32f1xx_hal_adc.o(i.HAL_ADC_ConfigChannel)
    i.HAL_ADC_Init                           0x08001680   Section        0  stm32f1xx_hal_adc.o(i.HAL_ADC_Init)
    i.HAL_ADC_MspInit                        0x0800179c   Section        0  adc.o(i.HAL_ADC_MspInit)
    i.HAL_CAN_AddTxMessage                   0x080017f4   Section        0  stm32f1xx_hal_can.o(i.HAL_CAN_AddTxMessage)
    i.HAL_CAN_ConfigFilter                   0x080018c4   Section        0  stm32f1xx_hal_can.o(i.HAL_CAN_ConfigFilter)
    i.HAL_CAN_GetError                       0x080019b2   Section        0  stm32f1xx_hal_can.o(i.HAL_CAN_GetError)
    i.HAL_CAN_GetRxFifoFillLevel             0x080019b8   Section        0  stm32f1xx_hal_can.o(i.HAL_CAN_GetRxFifoFillLevel)
    i.HAL_CAN_GetRxMessage                   0x080019da   Section        0  stm32f1xx_hal_can.o(i.HAL_CAN_GetRxMessage)
    i.HAL_CAN_GetTxMailboxesFreeLevel        0x08001ace   Section        0  stm32f1xx_hal_can.o(i.HAL_CAN_GetTxMailboxesFreeLevel)
    i.HAL_CAN_Init                           0x08001afa   Section        0  stm32f1xx_hal_can.o(i.HAL_CAN_Init)
    i.HAL_CAN_MspInit                        0x08001c14   Section        0  can.o(i.HAL_CAN_MspInit)
    i.HAL_CAN_Start                          0x08001c80   Section        0  stm32f1xx_hal_can.o(i.HAL_CAN_Start)
    i.HAL_DMA_Abort                          0x08001cd8   Section        0  stm32f1xx_hal_dma.o(i.HAL_DMA_Abort)
    i.HAL_DMA_Abort_IT                       0x08001d20   Section        0  stm32f1xx_hal_dma.o(i.HAL_DMA_Abort_IT)
    i.HAL_Delay                              0x08001db8   Section        0  stm32f1xx_hal.o(i.HAL_Delay)
    i.HAL_GPIO_Init                          0x08001ddc   Section        0  stm32f1xx_hal_gpio.o(i.HAL_GPIO_Init)
    i.HAL_GPIO_WritePin                      0x08001fbc   Section        0  stm32f1xx_hal_gpio.o(i.HAL_GPIO_WritePin)
    i.HAL_GetTick                            0x08001fc8   Section        0  stm32f1xx_hal.o(i.HAL_GetTick)
    i.HAL_I2C_Init                           0x08001fd4   Section        0  stm32f1xx_hal_i2c.o(i.HAL_I2C_Init)
    i.HAL_I2C_Master_Receive                 0x0800215c   Section        0  stm32f1xx_hal_i2c.o(i.HAL_I2C_Master_Receive)
    i.HAL_I2C_Master_Transmit                0x080023ac   Section        0  stm32f1xx_hal_i2c.o(i.HAL_I2C_Master_Transmit)
    i.HAL_I2C_MspInit                        0x080024d8   Section        0  i2c.o(i.HAL_I2C_MspInit)
    i.HAL_IncTick                            0x08002534   Section        0  stm32f1xx_hal.o(i.HAL_IncTick)
    i.HAL_Init                               0x08002544   Section        0  stm32f1xx_hal.o(i.HAL_Init)
    i.HAL_InitTick                           0x08002568   Section        0  stm32f1xx_hal.o(i.HAL_InitTick)
    i.HAL_MspInit                            0x080025a8   Section        0  stm32f1xx_hal_msp.o(i.HAL_MspInit)
    i.HAL_NVIC_EnableIRQ                     0x080025e4   Section        0  stm32f1xx_hal_cortex.o(i.HAL_NVIC_EnableIRQ)
    i.HAL_NVIC_SetPriority                   0x08002600   Section        0  stm32f1xx_hal_cortex.o(i.HAL_NVIC_SetPriority)
    i.HAL_NVIC_SetPriorityGrouping           0x08002640   Section        0  stm32f1xx_hal_cortex.o(i.HAL_NVIC_SetPriorityGrouping)
    i.HAL_RCCEx_PeriphCLKConfig              0x08002664   Section        0  stm32f1xx_hal_rcc_ex.o(i.HAL_RCCEx_PeriphCLKConfig)
    i.HAL_RCC_ClockConfig                    0x08002750   Section        0  stm32f1xx_hal_rcc.o(i.HAL_RCC_ClockConfig)
    i.HAL_RCC_GetPCLK1Freq                   0x0800287c   Section        0  stm32f1xx_hal_rcc.o(i.HAL_RCC_GetPCLK1Freq)
    i.HAL_RCC_GetPCLK2Freq                   0x0800289c   Section        0  stm32f1xx_hal_rcc.o(i.HAL_RCC_GetPCLK2Freq)
    i.HAL_RCC_GetSysClockFreq                0x080028bc   Section        0  stm32f1xx_hal_rcc.o(i.HAL_RCC_GetSysClockFreq)
    i.HAL_RCC_OscConfig                      0x08002908   Section        0  stm32f1xx_hal_rcc.o(i.HAL_RCC_OscConfig)
    i.HAL_SYSTICK_Config                     0x08002c28   Section        0  stm32f1xx_hal_cortex.o(i.HAL_SYSTICK_Config)
    i.HAL_UARTEx_RxEventCallback             0x08002c50   Section        0  stm32f1xx_hal_uart.o(i.HAL_UARTEx_RxEventCallback)
    i.HAL_UART_ErrorCallback                 0x08002c52   Section        0  stm32f1xx_hal_uart.o(i.HAL_UART_ErrorCallback)
    i.HAL_UART_IRQHandler                    0x08002c54   Section        0  stm32f1xx_hal_uart.o(i.HAL_UART_IRQHandler)
    i.HAL_UART_Init                          0x08002ec0   Section        0  stm32f1xx_hal_uart.o(i.HAL_UART_Init)
    i.HAL_UART_MspInit                       0x08002f24   Section        0  usart.o(i.HAL_UART_MspInit)
    i.HAL_UART_RxCpltCallback                0x08002fa4   Section        0  stm32f1xx_hal_uart.o(i.HAL_UART_RxCpltCallback)
    i.HAL_UART_Transmit                      0x08002fa6   Section        0  stm32f1xx_hal_uart.o(i.HAL_UART_Transmit)
    i.HAL_UART_TxCpltCallback                0x08003046   Section        0  stm32f1xx_hal_uart.o(i.HAL_UART_TxCpltCallback)
    i.HardFault_Handler                      0x08003048   Section        0  stm32f1xx_it.o(i.HardFault_Handler)
    i.I2C_IsAcknowledgeFailed                0x0800304a   Section        0  stm32f1xx_hal_i2c.o(i.I2C_IsAcknowledgeFailed)
    I2C_IsAcknowledgeFailed                  0x0800304b   Thumb Code    46  stm32f1xx_hal_i2c.o(i.I2C_IsAcknowledgeFailed)
    i.I2C_MasterRequestRead                  0x08003078   Section        0  stm32f1xx_hal_i2c.o(i.I2C_MasterRequestRead)
    I2C_MasterRequestRead                    0x08003079   Thumb Code   230  stm32f1xx_hal_i2c.o(i.I2C_MasterRequestRead)
    i.I2C_MasterRequestWrite                 0x08003164   Section        0  stm32f1xx_hal_i2c.o(i.I2C_MasterRequestWrite)
    I2C_MasterRequestWrite                   0x08003165   Thumb Code   150  stm32f1xx_hal_i2c.o(i.I2C_MasterRequestWrite)
    i.I2C_WaitOnBTFFlagUntilTimeout          0x08003200   Section        0  stm32f1xx_hal_i2c.o(i.I2C_WaitOnBTFFlagUntilTimeout)
    I2C_WaitOnBTFFlagUntilTimeout            0x08003201   Thumb Code    86  stm32f1xx_hal_i2c.o(i.I2C_WaitOnBTFFlagUntilTimeout)
    i.I2C_WaitOnFlagUntilTimeout             0x08003258   Section        0  stm32f1xx_hal_i2c.o(i.I2C_WaitOnFlagUntilTimeout)
    I2C_WaitOnFlagUntilTimeout               0x08003259   Thumb Code   144  stm32f1xx_hal_i2c.o(i.I2C_WaitOnFlagUntilTimeout)
    i.I2C_WaitOnMasterAddressFlagUntilTimeout 0x080032e8   Section        0  stm32f1xx_hal_i2c.o(i.I2C_WaitOnMasterAddressFlagUntilTimeout)
    I2C_WaitOnMasterAddressFlagUntilTimeout  0x080032e9   Thumb Code   188  stm32f1xx_hal_i2c.o(i.I2C_WaitOnMasterAddressFlagUntilTimeout)
    i.I2C_WaitOnRXNEFlagUntilTimeout         0x080033a4   Section        0  stm32f1xx_hal_i2c.o(i.I2C_WaitOnRXNEFlagUntilTimeout)
    I2C_WaitOnRXNEFlagUntilTimeout           0x080033a5   Thumb Code   112  stm32f1xx_hal_i2c.o(i.I2C_WaitOnRXNEFlagUntilTimeout)
    i.I2C_WaitOnTXEFlagUntilTimeout          0x08003414   Section        0  stm32f1xx_hal_i2c.o(i.I2C_WaitOnTXEFlagUntilTimeout)
    I2C_WaitOnTXEFlagUntilTimeout            0x08003415   Thumb Code    86  stm32f1xx_hal_i2c.o(i.I2C_WaitOnTXEFlagUntilTimeout)
    i.MX_ADC1_Init                           0x0800346c   Section        0  adc.o(i.MX_ADC1_Init)
    i.MX_CAN_Init                            0x080034b8   Section        0  can.o(i.MX_CAN_Init)
    i.MX_GPIO_Init                           0x08003500   Section        0  gpio.o(i.MX_GPIO_Init)
    i.MX_I2C1_Init                           0x080035a8   Section        0  i2c.o(i.MX_I2C1_Init)
    i.MX_USART1_UART_Init                    0x080035e8   Section        0  usart.o(i.MX_USART1_UART_Init)
    i.MemManage_Handler                      0x08003620   Section        0  stm32f1xx_it.o(i.MemManage_Handler)
    i.NMI_Handler                            0x08003622   Section        0  stm32f1xx_it.o(i.NMI_Handler)
    i.PT_ReadBytes                           0x08003624   Section        0  pressuretest.o(i.PT_ReadBytes)
    PT_ReadBytes                             0x08003625   Thumb Code    62  pressuretest.o(i.PT_ReadBytes)
    i.PendSV_Handler                         0x08003662   Section        0  stm32f1xx_it.o(i.PendSV_Handler)
    i.PressureTest_ConvertPressure           0x08003664   Section        0  pressuretest.o(i.PressureTest_ConvertPressure)
    i.PressureTest_ConvertTemperature        0x0800369c   Section        0  pressuretest.o(i.PressureTest_ConvertTemperature)
    i.PressureTest_GetKValue                 0x080036c0   Section        0  pressuretest.o(i.PressureTest_GetKValue)
    i.PressureTest_Init                      0x08003744   Section        0  pressuretest.o(i.PressureTest_Init)
    i.PressureTest_ReadOnce                  0x08003770   Section        0  pressuretest.o(i.PressureTest_ReadOnce)
    i.PressureTest_ReadReg                   0x08003850   Section        0  pressuretest.o(i.PressureTest_ReadReg)
    i.PressureTest_WriteReg                  0x08003856   Section        0  pressuretest.o(i.PressureTest_WriteReg)
    i.SVC_Handler                            0x0800387c   Section        0  stm32f1xx_it.o(i.SVC_Handler)
    i.SysTick_Handler                        0x0800387e   Section        0  stm32f1xx_it.o(i.SysTick_Handler)
    i.SystemClock_Config                     0x08003882   Section        0  main.o(i.SystemClock_Config)
    i.SystemInit                             0x08003902   Section        0  system_stm32f1xx.o(i.SystemInit)
    i.UART_DMAAbortOnError                   0x08003904   Section        0  stm32f1xx_hal_uart.o(i.UART_DMAAbortOnError)
    UART_DMAAbortOnError                     0x08003905   Thumb Code    16  stm32f1xx_hal_uart.o(i.UART_DMAAbortOnError)
    i.UART_EndRxTransfer                     0x08003914   Section        0  stm32f1xx_hal_uart.o(i.UART_EndRxTransfer)
    UART_EndRxTransfer                       0x08003915   Thumb Code    78  stm32f1xx_hal_uart.o(i.UART_EndRxTransfer)
    i.UART_Receive_IT                        0x08003962   Section        0  stm32f1xx_hal_uart.o(i.UART_Receive_IT)
    UART_Receive_IT                          0x08003963   Thumb Code   194  stm32f1xx_hal_uart.o(i.UART_Receive_IT)
    i.UART_SetConfig                         0x08003a24   Section        0  stm32f1xx_hal_uart.o(i.UART_SetConfig)
    UART_SetConfig                           0x08003a25   Thumb Code   178  stm32f1xx_hal_uart.o(i.UART_SetConfig)
    i.UART_WaitOnFlagUntilTimeout            0x08003adc   Section        0  stm32f1xx_hal_uart.o(i.UART_WaitOnFlagUntilTimeout)
    UART_WaitOnFlagUntilTimeout              0x08003add   Thumb Code   114  stm32f1xx_hal_uart.o(i.UART_WaitOnFlagUntilTimeout)
    i.USART1_IRQHandler                      0x08003b50   Section        0  stm32f1xx_it.o(i.USART1_IRQHandler)
    i.UsageFault_Handler                     0x08003b5c   Section        0  stm32f1xx_it.o(i.UsageFault_Handler)
    i.UserCAN_ApplyOutputs                   0x08003b5e   Section        0  usercan.o(i.UserCAN_ApplyOutputs)
    i.UserCAN_ConsumeSendRequest             0x08003b7c   Section        0  usercan.o(i.UserCAN_ConsumeSendRequest)
    i.UserCAN_FloatToX100                    0x08003b8c   Section        0  usercan.o(i.UserCAN_FloatToX100)
    UserCAN_FloatToX100                      0x08003b8d   Thumb Code    54  usercan.o(i.UserCAN_FloatToX100)
    i.UserCAN_Init                           0x08003bd0   Section        0  usercan.o(i.UserCAN_Init)
    i.UserCAN_PollRx                         0x08003c4c   Section        0  usercan.o(i.UserCAN_PollRx)
    i.UserCAN_SendSensorData                 0x08003e20   Section        0  usercan.o(i.UserCAN_SendSensorData)
    i.UserCAN_SetPump                        0x08003ec0   Section        0  usercan.o(i.UserCAN_SetPump)
    i.UserCAN_SetValve1                      0x08003f4c   Section        0  usercan.o(i.UserCAN_SetValve1)
    i.UserCAN_SetValve2                      0x08003f98   Section        0  usercan.o(i.UserCAN_SetValve2)
    i.UserCAN_Start                          0x08003fe4   Section        0  usercan.o(i.UserCAN_Start)
    i.__ARM_fpclassify                       0x08004034   Section        0  fpclassify.o(i.__ARM_fpclassify)
    i.__NVIC_SetPriority                     0x0800405c   Section        0  stm32f1xx_hal_cortex.o(i.__NVIC_SetPriority)
    __NVIC_SetPriority                       0x0800405d   Thumb Code    32  stm32f1xx_hal_cortex.o(i.__NVIC_SetPriority)
    i._is_digit                              0x0800407c   Section        0  __printf_wp.o(i._is_digit)
    i._sys_exit                              0x0800408a   Section        0  main.o(i._sys_exit)
    i.fputc                                  0x0800408c   Section        0  usart.o(i.fputc)
    i.main                                   0x080040ac   Section        0  main.o(i.main)
    locale$$code                             0x08004200   Section       44  lc_numeric_c.o(locale$$code)
    x$fpl$dretinf                            0x0800422c   Section       12  dretinf.o(x$fpl$dretinf)
    x$fpl$f2d                                0x08004238   Section       86  f2d.o(x$fpl$f2d)
    x$fpl$fadd                               0x08004290   Section      196  faddsub_clz.o(x$fpl$fadd)
    _fadd1                                   0x0800429f   Thumb Code     0  faddsub_clz.o(x$fpl$fadd)
    x$fpl$fcheck1                            0x08004354   Section       12  fcheck1.o(x$fpl$fcheck1)
    x$fpl$fdiv                               0x08004360   Section      388  fdiv.o(x$fpl$fdiv)
    _fdiv1                                   0x08004361   Thumb Code     0  fdiv.o(x$fpl$fdiv)
    x$fpl$ffix                               0x080044e4   Section       54  ffix.o(x$fpl$ffix)
    x$fpl$fflt                               0x0800451c   Section       48  fflt_clz.o(x$fpl$fflt)
    x$fpl$ffltu                              0x0800454c   Section       38  fflt_clz.o(x$fpl$ffltu)
    x$fpl$fmul                               0x08004574   Section      258  fmul.o(x$fpl$fmul)
    x$fpl$fnaninf                            0x08004676   Section      140  fnaninf.o(x$fpl$fnaninf)
    x$fpl$fretinf                            0x08004702   Section       10  fretinf.o(x$fpl$fretinf)
    x$fpl$fsub                               0x0800470c   Section      234  faddsub_clz.o(x$fpl$fsub)
    _fsub1                                   0x0800471b   Thumb Code     0  faddsub_clz.o(x$fpl$fsub)
    x$fpl$printf1                            0x080047f6   Section        4  printf1.o(x$fpl$printf1)
    x$fpl$retnan                             0x080047fa   Section      100  retnan.o(x$fpl$retnan)
    x$fpl$scalbnf                            0x0800485e   Section       76  scalbnf.o(x$fpl$scalbnf)
    x$fpl$trapveneer                         0x080048aa   Section       48  trapv.o(x$fpl$trapveneer)
    .constdata                               0x080048da   Section       18  stm32f1xx_hal_rcc.o(.constdata)
    x$fpl$usenofp                            0x080048da   Section        0  usenofp.o(x$fpl$usenofp)
    aPredivFactorTable                       0x080048da   Data           2  stm32f1xx_hal_rcc.o(.constdata)
    aPLLMULFactorTable                       0x080048dc   Data          16  stm32f1xx_hal_rcc.o(.constdata)
    .constdata                               0x080048ec   Section       16  system_stm32f1xx.o(.constdata)
    .constdata                               0x080048fc   Section        8  system_stm32f1xx.o(.constdata)
    .constdata                               0x08004904   Section       40  _printf_hex_int.o(.constdata)
    uc_hextab                                0x08004904   Data          20  _printf_hex_int.o(.constdata)
    lc_hextab                                0x08004918   Data          20  _printf_hex_int.o(.constdata)
    .constdata                               0x0800492c   Section       17  __printf_flags_ss_wp.o(.constdata)
    maptable                                 0x0800492c   Data          17  __printf_flags_ss_wp.o(.constdata)
    .constdata                               0x08004940   Section      148  bigflt0.o(.constdata)
    tenpwrs_x                                0x08004940   Data          60  bigflt0.o(.constdata)
    tenpwrs_i                                0x0800497c   Data          64  bigflt0.o(.constdata)
    locale$$data                             0x080049f4   Section       28  lc_numeric_c.o(locale$$data)
    __lcnum_c_name                           0x080049f8   Data           2  lc_numeric_c.o(locale$$data)
    __lcnum_c_start                          0x08004a00   Data           0  lc_numeric_c.o(locale$$data)
    __lcnum_c_point                          0x08004a0c   Data           0  lc_numeric_c.o(locale$$data)
    __lcnum_c_thousands                      0x08004a0e   Data           0  lc_numeric_c.o(locale$$data)
    __lcnum_c_grouping                       0x08004a0f   Data           0  lc_numeric_c.o(locale$$data)
    __lcnum_c_end                            0x08004a10   Data           0  lc_numeric_c.o(locale$$data)
    .data                                    0x20000000   Section        4  main.o(.data)
    .data                                    0x20000004   Section        5  usercan.o(.data)
    g_send_request_flag                      0x20000004   Data           1  usercan.o(.data)
    g_userCanRxCmd                           0x20000005   Data           4  usercan.o(.data)
    .data                                    0x2000000c   Section       12  stm32f1xx_hal.o(.data)
    .data                                    0x20000018   Section        4  system_stm32f1xx.o(.data)
    .bss                                     0x2000001c   Section       28  main.o(.bss)
    .bss                                     0x20000038   Section       48  adc.o(.bss)
    .bss                                     0x20000068   Section       40  can.o(.bss)
    .bss                                     0x20000090   Section       84  i2c.o(.bss)
    .bss                                     0x200000e4   Section       72  usart.o(.bss)
    .bss                                     0x2000012c   Section       96  libspace.o(.bss)
    HEAP                                     0x20000190   Section      512  startup_stm32f103xb.o(HEAP)
    Heap_Mem                                 0x20000190   Data         512  startup_stm32f103xb.o(HEAP)
    STACK                                    0x20000390   Section     1024  startup_stm32f103xb.o(STACK)
    Stack_Mem                                0x20000390   Data        1024  startup_stm32f103xb.o(STACK)
    __initial_sp                             0x20000790   Data           0  startup_stm32f103xb.o(STACK)

    Global Symbols

    Symbol Name                              Value     Ov Type        Size  Object(Section)

    BuildAttributes$$THM_ISAv4$P$D$K$B$S$PE$A:L22UL41UL21$X:L11$S22US41US21$IEEE1$IW$USESV6$~STKCKD$USESV7$~SHL$OTIME$ROPI$IEEEJ$EBA8$UX$STANDARDLIB$REQ8$PRES8$EABIv2 0x00000000   Number         0  anon$$obj.o ABSOLUTE
    __ARM_use_no_argv                        0x00000000   Number         0  main.o ABSOLUTE
    _printf_flags                            0x00000000   Number         0  printf_stubs.o ABSOLUTE
    _printf_return_value                     0x00000000   Number         0  printf_stubs.o ABSOLUTE
    _printf_sizespec                         0x00000000   Number         0  printf_stubs.o ABSOLUTE
    _printf_widthprec                        0x00000000   Number         0  printf_stubs.o ABSOLUTE
    __ARM_exceptions_init                     - Undefined Weak Reference
    __alloca_initialize                       - Undefined Weak Reference
    __arm_fini_                               - Undefined Weak Reference
    __arm_preinit_                            - Undefined Weak Reference
    __cpp_initialize__aeabi_                  - Undefined Weak Reference
    __cxa_finalize                            - Undefined Weak Reference
    __sigvec_lookup                           - Undefined Weak Reference
    _atexit_init                              - Undefined Weak Reference
    _call_atexit_fns                          - Undefined Weak Reference
    _clock_init                               - Undefined Weak Reference
    _fp_trap_init                             - Undefined Weak Reference
    _fp_trap_shutdown                         - Undefined Weak Reference
    _get_lc_collate                           - Undefined Weak Reference
    _get_lc_ctype                             - Undefined Weak Reference
    _get_lc_monetary                          - Undefined Weak Reference
    _get_lc_time                              - Undefined Weak Reference
    _getenv_init                              - Undefined Weak Reference
    _handle_redirection                       - Undefined Weak Reference
    _init_alloc                               - Undefined Weak Reference
    _init_user_alloc                          - Undefined Weak Reference
    _initio                                   - Undefined Weak Reference
    _mutex_acquire                            - Undefined Weak Reference
    _mutex_release                            - Undefined Weak Reference
    _printf_mbtowc                            - Undefined Weak Reference
    _printf_truncate_signed                   - Undefined Weak Reference
    _printf_truncate_unsigned                 - Undefined Weak Reference
    _rand_init                                - Undefined Weak Reference
    _signal_finish                            - Undefined Weak Reference
    _signal_init                              - Undefined Weak Reference
    _terminate_alloc                          - Undefined Weak Reference
    _terminate_user_alloc                     - Undefined Weak Reference
    _terminateio                              - Undefined Weak Reference
    __Vectors_Size                           0x000000ec   Number         0  startup_stm32f103xb.o ABSOLUTE
    __Vectors                                0x08000000   Data           4  startup_stm32f103xb.o(RESET)
    __Vectors_End                            0x080000ec   Data           0  startup_stm32f103xb.o(RESET)
    __main                                   0x080000ed   Thumb Code     8  __main.o(!!!main)
    __scatterload                            0x080000f5   Thumb Code     0  __scatter.o(!!!scatter)
    __scatterload_rt2                        0x080000f5   Thumb Code    44  __scatter.o(!!!scatter)
    __scatterload_rt2_thumb_only             0x080000f5   Thumb Code     0  __scatter.o(!!!scatter)
    __scatterload_null                       0x08000103   Thumb Code     0  __scatter.o(!!!scatter)
    __scatterload_copy                       0x08000129   Thumb Code    26  __scatter_copy.o(!!handler_copy)
    __scatterload_zeroinit                   0x08000145   Thumb Code    28  __scatter_zi.o(!!handler_zi)
    _printf_f                                0x08000161   Thumb Code     0  _printf_f.o(.ARM.Collect$$_printf_percent$$00000003)
    _printf_percent                          0x08000161   Thumb Code     0  _printf_percent.o(.ARM.Collect$$_printf_percent$$00000000)
    _printf_d                                0x08000167   Thumb Code     0  _printf_d.o(.ARM.Collect$$_printf_percent$$00000009)
    _printf_x                                0x0800016d   Thumb Code     0  _printf_x.o(.ARM.Collect$$_printf_percent$$0000000C)
    _printf_s                                0x08000173   Thumb Code     0  _printf_s.o(.ARM.Collect$$_printf_percent$$00000014)
    _printf_percent_end                      0x08000179   Thumb Code     0  _printf_percent_end.o(.ARM.Collect$$_printf_percent$$00000017)
    __rt_lib_init                            0x0800017d   Thumb Code     0  libinit.o(.ARM.Collect$$libinit$$00000000)
    __rt_lib_init_fp_1                       0x0800017f   Thumb Code     0  libinit2.o(.ARM.Collect$$libinit$$00000002)
    __rt_lib_init_heap_1                     0x0800017f   Thumb Code     0  libinit2.o(.ARM.Collect$$libinit$$0000000A)
    __rt_lib_init_lc_common                  0x0800017f   Thumb Code     0  libinit2.o(.ARM.Collect$$libinit$$0000000F)
    __rt_lib_init_preinit_1                  0x0800017f   Thumb Code     0  libinit2.o(.ARM.Collect$$libinit$$00000004)
    __rt_lib_init_rand_1                     0x0800017f   Thumb Code     0  libinit2.o(.ARM.Collect$$libinit$$0000000E)
    __rt_lib_init_user_alloc_1               0x0800017f   Thumb Code     0  libinit2.o(.ARM.Collect$$libinit$$0000000C)
    __rt_lib_init_lc_collate_1               0x08000185   Thumb Code     0  libinit2.o(.ARM.Collect$$libinit$$00000011)
    __rt_lib_init_lc_ctype_1                 0x08000185   Thumb Code     0  libinit2.o(.ARM.Collect$$libinit$$00000013)
    __rt_lib_init_lc_monetary_1              0x08000185   Thumb Code     0  libinit2.o(.ARM.Collect$$libinit$$00000015)
    __rt_lib_init_lc_numeric_2               0x08000185   Thumb Code     0  libinit2.o(.ARM.Collect$$libinit$$00000016)
    __rt_lib_init_alloca_1                   0x0800018f   Thumb Code     0  libinit2.o(.ARM.Collect$$libinit$$0000002E)
    __rt_lib_init_argv_1                     0x0800018f   Thumb Code     0  libinit2.o(.ARM.Collect$$libinit$$0000002C)
    __rt_lib_init_atexit_1                   0x0800018f   Thumb Code     0  libinit2.o(.ARM.Collect$$libinit$$0000001B)
    __rt_lib_init_clock_1                    0x0800018f   Thumb Code     0  libinit2.o(.ARM.Collect$$libinit$$00000021)
    __rt_lib_init_cpp_1                      0x0800018f   Thumb Code     0  libinit2.o(.ARM.Collect$$libinit$$00000032)
    __rt_lib_init_exceptions_1               0x0800018f   Thumb Code     0  libinit2.o(.ARM.Collect$$libinit$$00000030)
    __rt_lib_init_fp_trap_1                  0x0800018f   Thumb Code     0  libinit2.o(.ARM.Collect$$libinit$$0000001F)
    __rt_lib_init_getenv_1                   0x0800018f   Thumb Code     0  libinit2.o(.ARM.Collect$$libinit$$00000023)
    __rt_lib_init_lc_numeric_1               0x0800018f   Thumb Code     0  libinit2.o(.ARM.Collect$$libinit$$00000017)
    __rt_lib_init_lc_time_1                  0x0800018f   Thumb Code     0  libinit2.o(.ARM.Collect$$libinit$$00000019)
    __rt_lib_init_return                     0x0800018f   Thumb Code     0  libinit2.o(.ARM.Collect$$libinit$$00000033)
    __rt_lib_init_signal_1                   0x0800018f   Thumb Code     0  libinit2.o(.ARM.Collect$$libinit$$0000001D)
    __rt_lib_init_stdio_1                    0x0800018f   Thumb Code     0  libinit2.o(.ARM.Collect$$libinit$$00000025)
    __rt_lib_shutdown                        0x08000191   Thumb Code     0  libshutdown.o(.ARM.Collect$$libshutdown$$00000000)
    __rt_lib_shutdown_cpp_1                  0x08000193   Thumb Code     0  libshutdown2.o(.ARM.Collect$$libshutdown$$00000004)
    __rt_lib_shutdown_fini_1                 0x08000193   Thumb Code     0  libshutdown2.o(.ARM.Collect$$libshutdown$$00000002)
    __rt_lib_shutdown_fp_trap_1              0x08000193   Thumb Code     0  libshutdown2.o(.ARM.Collect$$libshutdown$$00000009)
    __rt_lib_shutdown_heap_1                 0x08000193   Thumb Code     0  libshutdown2.o(.ARM.Collect$$libshutdown$$00000011)
    __rt_lib_shutdown_return                 0x08000193   Thumb Code     0  libshutdown2.o(.ARM.Collect$$libshutdown$$00000012)
    __rt_lib_shutdown_signal_1               0x08000193   Thumb Code     0  libshutdown2.o(.ARM.Collect$$libshutdown$$0000000C)
    __rt_lib_shutdown_stdio_1                0x08000193   Thumb Code     0  libshutdown2.o(.ARM.Collect$$libshutdown$$00000006)
    __rt_lib_shutdown_user_alloc_1           0x08000193   Thumb Code     0  libshutdown2.o(.ARM.Collect$$libshutdown$$0000000E)
    __rt_entry                               0x08000195   Thumb Code     0  __rtentry.o(.ARM.Collect$$rtentry$$00000000)
    __rt_entry_presh_1                       0x08000195   Thumb Code     0  __rtentry2.o(.ARM.Collect$$rtentry$$00000002)
    __rt_entry_sh                            0x08000195   Thumb Code     0  __rtentry4.o(.ARM.Collect$$rtentry$$00000004)
    __rt_entry_li                            0x0800019b   Thumb Code     0  __rtentry2.o(.ARM.Collect$$rtentry$$0000000A)
    __rt_entry_postsh_1                      0x0800019b   Thumb Code     0  __rtentry2.o(.ARM.Collect$$rtentry$$00000009)
    __rt_entry_main                          0x0800019f   Thumb Code     0  __rtentry2.o(.ARM.Collect$$rtentry$$0000000D)
    __rt_entry_postli_1                      0x0800019f   Thumb Code     0  __rtentry2.o(.ARM.Collect$$rtentry$$0000000C)
    __rt_exit                                0x080001a7   Thumb Code     0  rtexit.o(.ARM.Collect$$rtexit$$00000000)
    __rt_exit_ls                             0x080001a9   Thumb Code     0  rtexit2.o(.ARM.Collect$$rtexit$$00000003)
    __rt_exit_prels_1                        0x080001a9   Thumb Code     0  rtexit2.o(.ARM.Collect$$rtexit$$00000002)
    __rt_exit_exit                           0x080001ad   Thumb Code     0  rtexit2.o(.ARM.Collect$$rtexit$$00000004)
    Reset_Handler                            0x080001b5   Thumb Code     8  startup_stm32f103xb.o(.text)
    ADC1_2_IRQHandler                        0x080001cf   Thumb Code     0  startup_stm32f103xb.o(.text)
    CAN1_RX1_IRQHandler                      0x080001cf   Thumb Code     0  startup_stm32f103xb.o(.text)
    CAN1_SCE_IRQHandler                      0x080001cf   Thumb Code     0  startup_stm32f103xb.o(.text)
    DMA1_Channel1_IRQHandler                 0x080001cf   Thumb Code     0  startup_stm32f103xb.o(.text)
    DMA1_Channel2_IRQHandler                 0x080001cf   Thumb Code     0  startup_stm32f103xb.o(.text)
    DMA1_Channel3_IRQHandler                 0x080001cf   Thumb Code     0  startup_stm32f103xb.o(.text)
    DMA1_Channel4_IRQHandler                 0x080001cf   Thumb Code     0  startup_stm32f103xb.o(.text)
    DMA1_Channel5_IRQHandler                 0x080001cf   Thumb Code     0  startup_stm32f103xb.o(.text)
    DMA1_Channel6_IRQHandler                 0x080001cf   Thumb Code     0  startup_stm32f103xb.o(.text)
    DMA1_Channel7_IRQHandler                 0x080001cf   Thumb Code     0  startup_stm32f103xb.o(.text)
    EXTI0_IRQHandler                         0x080001cf   Thumb Code     0  startup_stm32f103xb.o(.text)
    EXTI15_10_IRQHandler                     0x080001cf   Thumb Code     0  startup_stm32f103xb.o(.text)
    EXTI1_IRQHandler                         0x080001cf   Thumb Code     0  startup_stm32f103xb.o(.text)
    EXTI2_IRQHandler                         0x080001cf   Thumb Code     0  startup_stm32f103xb.o(.text)
    EXTI3_IRQHandler                         0x080001cf   Thumb Code     0  startup_stm32f103xb.o(.text)
    EXTI4_IRQHandler                         0x080001cf   Thumb Code     0  startup_stm32f103xb.o(.text)
    EXTI9_5_IRQHandler                       0x080001cf   Thumb Code     0  startup_stm32f103xb.o(.text)
    FLASH_IRQHandler                         0x080001cf   Thumb Code     0  startup_stm32f103xb.o(.text)
    I2C1_ER_IRQHandler                       0x080001cf   Thumb Code     0  startup_stm32f103xb.o(.text)
    I2C1_EV_IRQHandler                       0x080001cf   Thumb Code     0  startup_stm32f103xb.o(.text)
    I2C2_ER_IRQHandler                       0x080001cf   Thumb Code     0  startup_stm32f103xb.o(.text)
    I2C2_EV_IRQHandler                       0x080001cf   Thumb Code     0  startup_stm32f103xb.o(.text)
    PVD_IRQHandler                           0x080001cf   Thumb Code     0  startup_stm32f103xb.o(.text)
    RCC_IRQHandler                           0x080001cf   Thumb Code     0  startup_stm32f103xb.o(.text)
    RTC_Alarm_IRQHandler                     0x080001cf   Thumb Code     0  startup_stm32f103xb.o(.text)
    RTC_IRQHandler                           0x080001cf   Thumb Code     0  startup_stm32f103xb.o(.text)
    SPI1_IRQHandler                          0x080001cf   Thumb Code     0  startup_stm32f103xb.o(.text)
    SPI2_IRQHandler                          0x080001cf   Thumb Code     0  startup_stm32f103xb.o(.text)
    TAMPER_IRQHandler                        0x080001cf   Thumb Code     0  startup_stm32f103xb.o(.text)
    TIM1_BRK_IRQHandler                      0x080001cf   Thumb Code     0  startup_stm32f103xb.o(.text)
    TIM1_CC_IRQHandler                       0x080001cf   Thumb Code     0  startup_stm32f103xb.o(.text)
    TIM1_TRG_COM_IRQHandler                  0x080001cf   Thumb Code     0  startup_stm32f103xb.o(.text)
    TIM1_UP_IRQHandler                       0x080001cf   Thumb Code     0  startup_stm32f103xb.o(.text)
    TIM2_IRQHandler                          0x080001cf   Thumb Code     0  startup_stm32f103xb.o(.text)
    TIM3_IRQHandler                          0x080001cf   Thumb Code     0  startup_stm32f103xb.o(.text)
    TIM4_IRQHandler                          0x080001cf   Thumb Code     0  startup_stm32f103xb.o(.text)
    USART2_IRQHandler                        0x080001cf   Thumb Code     0  startup_stm32f103xb.o(.text)
    USART3_IRQHandler                        0x080001cf   Thumb Code     0  startup_stm32f103xb.o(.text)
    USBWakeUp_IRQHandler                     0x080001cf   Thumb Code     0  startup_stm32f103xb.o(.text)
    USB_HP_CAN1_TX_IRQHandler                0x080001cf   Thumb Code     0  startup_stm32f103xb.o(.text)
    USB_LP_CAN1_RX0_IRQHandler               0x080001cf   Thumb Code     0  startup_stm32f103xb.o(.text)
    WWDG_IRQHandler                          0x080001cf   Thumb Code     0  startup_stm32f103xb.o(.text)
    __user_initial_stackheap                 0x080001d1   Thumb Code     0  startup_stm32f103xb.o(.text)
    __use_no_semihosting                     0x080001f5   Thumb Code     2  use_no_semi_2.o(.text)
    __2printf                                0x080001f9   Thumb Code    20  noretval__2printf.o(.text)
    _printf_pre_padding                      0x08000211   Thumb Code    44  _printf_pad.o(.text)
    _printf_post_padding                     0x0800023d   Thumb Code    34  _printf_pad.o(.text)
    _printf_str                              0x0800025f   Thumb Code    82  _printf_str.o(.text)
    _printf_int_dec                          0x080002b1   Thumb Code   104  _printf_dec.o(.text)
    _printf_int_hex                          0x08000329   Thumb Code    84  _printf_hex_int.o(.text)
    _printf_longlong_hex                     0x08000329   Thumb Code     0  _printf_hex_int.o(.text)
    __printf                                 0x08000381   Thumb Code   388  __printf_flags_ss_wp.o(.text)
    __aeabi_memclr4                          0x08000509   Thumb Code     0  rt_memclr_w.o(.text)
    __aeabi_memclr8                          0x08000509   Thumb Code     0  rt_memclr_w.o(.text)
    __rt_memclr_w                            0x08000509   Thumb Code    78  rt_memclr_w.o(.text)
    _memset_w                                0x0800050d   Thumb Code     0  rt_memclr_w.o(.text)
    __use_two_region_memory                  0x08000557   Thumb Code     2  heapauxi.o(.text)
    __rt_heap_escrow$2region                 0x08000559   Thumb Code     2  heapauxi.o(.text)
    __rt_heap_expand$2region                 0x0800055b   Thumb Code     2  heapauxi.o(.text)
    __I$use$semihosting                      0x0800055d   Thumb Code     0  use_no_semi.o(.text)
    __use_no_semihosting_swi                 0x0800055d   Thumb Code     2  use_no_semi.o(.text)
    _printf_int_common                       0x0800055f   Thumb Code   178  _printf_intcommon.o(.text)
    __lib_sel_fp_printf                      0x08000611   Thumb Code     2  _printf_fp_dec.o(.text)
    _printf_fp_dec_real                      0x080007c3   Thumb Code   620  _printf_fp_dec.o(.text)
    _printf_cs_common                        0x08000a2f   Thumb Code    20  _printf_char.o(.text)
    _printf_char                             0x08000a43   Thumb Code    16  _printf_char.o(.text)
    _printf_string                           0x08000a53   Thumb Code     8  _printf_char.o(.text)
    _printf_char_file                        0x08000a5d   Thumb Code    32  _printf_char_file.o(.text)
    __rt_locale                              0x08000a81   Thumb Code     8  rt_locale_intlibspace.o(.text)
    _ll_udiv10                               0x08000a89   Thumb Code   138  lludiv10.o(.text)
    _printf_char_common                      0x08000b1f   Thumb Code    32  _printf_char_common.o(.text)
    _printf_fp_infnan                        0x08000b45   Thumb Code   112  _printf_fp_infnan.o(.text)
    _btod_etento                             0x08000bc5   Thumb Code   224  bigflt0.o(.text)
    ferror                                   0x08000ca9   Thumb Code     8  ferror.o(.text)
    __user_libspace                          0x08000cb1   Thumb Code     8  libspace.o(.text)
    __user_perproc_libspace                  0x08000cb1   Thumb Code     0  libspace.o(.text)
    __user_perthread_libspace                0x08000cb1   Thumb Code     0  libspace.o(.text)
    __user_setup_stackheap                   0x08000cb9   Thumb Code    74  sys_stackheap_outer.o(.text)
    exit                                     0x08000d03   Thumb Code    18  exit.o(.text)
    strcmp                                   0x08000d15   Thumb Code   128  strcmpv7m.o(.text)
    _btod_d2e                                0x08000d95   Thumb Code    62  btod.o(CL$$btod_d2e)
    _d2e_denorm_low                          0x08000dd3   Thumb Code    70  btod.o(CL$$btod_d2e_denorm_low)
    _d2e_norm_op1                            0x08000e19   Thumb Code    96  btod.o(CL$$btod_d2e_norm_op1)
    __btod_div_common                        0x08000e79   Thumb Code   696  btod.o(CL$$btod_div_common)
    _e2e                                     0x080011b1   Thumb Code   220  btod.o(CL$$btod_e2e)
    _btod_ediv                               0x0800128d   Thumb Code    42  btod.o(CL$$btod_ediv)
    _btod_emul                               0x080012b7   Thumb Code    42  btod.o(CL$$btod_emul)
    __btod_mult_common                       0x080012e1   Thumb Code   580  btod.o(CL$$btod_mult_common)
    ADC_ConversionStop_Disable               0x08001525   Thumb Code    86  stm32f1xx_hal_adc.o(i.ADC_ConversionStop_Disable)
    BusFault_Handler                         0x0800157b   Thumb Code     2  stm32f1xx_it.o(i.BusFault_Handler)
    DebugMon_Handler                         0x0800157d   Thumb Code     2  stm32f1xx_it.o(i.DebugMon_Handler)
    Error_Handler                            0x0800157f   Thumb Code     4  main.o(i.Error_Handler)
    HAL_ADC_ConfigChannel                    0x08001585   Thumb Code   240  stm32f1xx_hal_adc.o(i.HAL_ADC_ConfigChannel)
    HAL_ADC_Init                             0x08001681   Thumb Code   272  stm32f1xx_hal_adc.o(i.HAL_ADC_Init)
    HAL_ADC_MspInit                          0x0800179d   Thumb Code    76  adc.o(i.HAL_ADC_MspInit)
    HAL_CAN_AddTxMessage                     0x080017f5   Thumb Code   208  stm32f1xx_hal_can.o(i.HAL_CAN_AddTxMessage)
    HAL_CAN_ConfigFilter                     0x080018c5   Thumb Code   238  stm32f1xx_hal_can.o(i.HAL_CAN_ConfigFilter)
    HAL_CAN_GetError                         0x080019b3   Thumb Code     4  stm32f1xx_hal_can.o(i.HAL_CAN_GetError)
    HAL_CAN_GetRxFifoFillLevel               0x080019b9   Thumb Code    34  stm32f1xx_hal_can.o(i.HAL_CAN_GetRxFifoFillLevel)
    HAL_CAN_GetRxMessage                     0x080019db   Thumb Code   244  stm32f1xx_hal_can.o(i.HAL_CAN_GetRxMessage)
    HAL_CAN_GetTxMailboxesFreeLevel          0x08001acf   Thumb Code    44  stm32f1xx_hal_can.o(i.HAL_CAN_GetTxMailboxesFreeLevel)
    HAL_CAN_Init                             0x08001afb   Thumb Code   282  stm32f1xx_hal_can.o(i.HAL_CAN_Init)
    HAL_CAN_MspInit                          0x08001c15   Thumb Code    96  can.o(i.HAL_CAN_MspInit)
    HAL_CAN_Start                            0x08001c81   Thumb Code    88  stm32f1xx_hal_can.o(i.HAL_CAN_Start)
    HAL_DMA_Abort                            0x08001cd9   Thumb Code    70  stm32f1xx_hal_dma.o(i.HAL_DMA_Abort)
    HAL_DMA_Abort_IT                         0x08001d21   Thumb Code   148  stm32f1xx_hal_dma.o(i.HAL_DMA_Abort_IT)
    HAL_Delay                                0x08001db9   Thumb Code    32  stm32f1xx_hal.o(i.HAL_Delay)
    HAL_GPIO_Init                            0x08001ddd   Thumb Code   446  stm32f1xx_hal_gpio.o(i.HAL_GPIO_Init)
    HAL_GPIO_WritePin                        0x08001fbd   Thumb Code    10  stm32f1xx_hal_gpio.o(i.HAL_GPIO_WritePin)
    HAL_GetTick                              0x08001fc9   Thumb Code     6  stm32f1xx_hal.o(i.HAL_GetTick)
    HAL_I2C_Init                             0x08001fd5   Thumb Code   376  stm32f1xx_hal_i2c.o(i.HAL_I2C_Init)
    HAL_I2C_Master_Receive                   0x0800215d   Thumb Code   576  stm32f1xx_hal_i2c.o(i.HAL_I2C_Master_Receive)
    HAL_I2C_Master_Transmit                  0x080023ad   Thumb Code   290  stm32f1xx_hal_i2c.o(i.HAL_I2C_Master_Transmit)
    HAL_I2C_MspInit                          0x080024d9   Thumb Code    80  i2c.o(i.HAL_I2C_MspInit)
    HAL_IncTick                              0x08002535   Thumb Code    12  stm32f1xx_hal.o(i.HAL_IncTick)
    HAL_Init                                 0x08002545   Thumb Code    32  stm32f1xx_hal.o(i.HAL_Init)
    HAL_InitTick                             0x08002569   Thumb Code    54  stm32f1xx_hal.o(i.HAL_InitTick)
    HAL_MspInit                              0x080025a9   Thumb Code    52  stm32f1xx_hal_msp.o(i.HAL_MspInit)
    HAL_NVIC_EnableIRQ                       0x080025e5   Thumb Code    26  stm32f1xx_hal_cortex.o(i.HAL_NVIC_EnableIRQ)
    HAL_NVIC_SetPriority                     0x08002601   Thumb Code    60  stm32f1xx_hal_cortex.o(i.HAL_NVIC_SetPriority)
    HAL_NVIC_SetPriorityGrouping             0x08002641   Thumb Code    26  stm32f1xx_hal_cortex.o(i.HAL_NVIC_SetPriorityGrouping)
    HAL_RCCEx_PeriphCLKConfig                0x08002665   Thumb Code   224  stm32f1xx_hal_rcc_ex.o(i.HAL_RCCEx_PeriphCLKConfig)
    HAL_RCC_ClockConfig                      0x08002751   Thumb Code   280  stm32f1xx_hal_rcc.o(i.HAL_RCC_ClockConfig)
    HAL_RCC_GetPCLK1Freq                     0x0800287d   Thumb Code    20  stm32f1xx_hal_rcc.o(i.HAL_RCC_GetPCLK1Freq)
    HAL_RCC_GetPCLK2Freq                     0x0800289d   Thumb Code    20  stm32f1xx_hal_rcc.o(i.HAL_RCC_GetPCLK2Freq)
    HAL_RCC_GetSysClockFreq                  0x080028bd   Thumb Code    58  stm32f1xx_hal_rcc.o(i.HAL_RCC_GetSysClockFreq)
    HAL_RCC_OscConfig                        0x08002909   Thumb Code   778  stm32f1xx_hal_rcc.o(i.HAL_RCC_OscConfig)
    HAL_SYSTICK_Config                       0x08002c29   Thumb Code    40  stm32f1xx_hal_cortex.o(i.HAL_SYSTICK_Config)
    HAL_UARTEx_RxEventCallback               0x08002c51   Thumb Code     2  stm32f1xx_hal_uart.o(i.HAL_UARTEx_RxEventCallback)
    HAL_UART_ErrorCallback                   0x08002c53   Thumb Code     2  stm32f1xx_hal_uart.o(i.HAL_UART_ErrorCallback)
    HAL_UART_IRQHandler                      0x08002c55   Thumb Code   616  stm32f1xx_hal_uart.o(i.HAL_UART_IRQHandler)
    HAL_UART_Init                            0x08002ec1   Thumb Code   100  stm32f1xx_hal_uart.o(i.HAL_UART_Init)
    HAL_UART_MspInit                         0x08002f25   Thumb Code   116  usart.o(i.HAL_UART_MspInit)
    HAL_UART_RxCpltCallback                  0x08002fa5   Thumb Code     2  stm32f1xx_hal_uart.o(i.HAL_UART_RxCpltCallback)
    HAL_UART_Transmit                        0x08002fa7   Thumb Code   160  stm32f1xx_hal_uart.o(i.HAL_UART_Transmit)
    HAL_UART_TxCpltCallback                  0x08003047   Thumb Code     2  stm32f1xx_hal_uart.o(i.HAL_UART_TxCpltCallback)
    HardFault_Handler                        0x08003049   Thumb Code     2  stm32f1xx_it.o(i.HardFault_Handler)
    MX_ADC1_Init                             0x0800346d   Thumb Code    68  adc.o(i.MX_ADC1_Init)
    MX_CAN_Init                              0x080034b9   Thumb Code    62  can.o(i.MX_CAN_Init)
    MX_GPIO_Init                             0x08003501   Thumb Code   156  gpio.o(i.MX_GPIO_Init)
    MX_I2C1_Init                             0x080035a9   Thumb Code    50  i2c.o(i.MX_I2C1_Init)
    MX_USART1_UART_Init                      0x080035e9   Thumb Code    48  usart.o(i.MX_USART1_UART_Init)
    MemManage_Handler                        0x08003621   Thumb Code     2  stm32f1xx_it.o(i.MemManage_Handler)
    NMI_Handler                              0x08003623   Thumb Code     2  stm32f1xx_it.o(i.NMI_Handler)
    PendSV_Handler                           0x08003663   Thumb Code     2  stm32f1xx_it.o(i.PendSV_Handler)
    PressureTest_ConvertPressure             0x08003665   Thumb Code    56  pressuretest.o(i.PressureTest_ConvertPressure)
    PressureTest_ConvertTemperature          0x0800369d   Thumb Code    34  pressuretest.o(i.PressureTest_ConvertTemperature)
    PressureTest_GetKValue                   0x080036c1   Thumb Code   116  pressuretest.o(i.PressureTest_GetKValue)
    PressureTest_Init                        0x08003745   Thumb Code    44  pressuretest.o(i.PressureTest_Init)
    PressureTest_ReadOnce                    0x08003771   Thumb Code   218  pressuretest.o(i.PressureTest_ReadOnce)
    PressureTest_ReadReg                     0x08003851   Thumb Code     6  pressuretest.o(i.PressureTest_ReadReg)
    PressureTest_WriteReg                    0x08003857   Thumb Code    38  pressuretest.o(i.PressureTest_WriteReg)
    SVC_Handler                              0x0800387d   Thumb Code     2  stm32f1xx_it.o(i.SVC_Handler)
    SysTick_Handler                          0x0800387f   Thumb Code     4  stm32f1xx_it.o(i.SysTick_Handler)
    SystemClock_Config                       0x08003883   Thumb Code   128  main.o(i.SystemClock_Config)
    SystemInit                               0x08003903   Thumb Code     2  system_stm32f1xx.o(i.SystemInit)
    USART1_IRQHandler                        0x08003b51   Thumb Code     6  stm32f1xx_it.o(i.USART1_IRQHandler)
    UsageFault_Handler                       0x08003b5d   Thumb Code     2  stm32f1xx_it.o(i.UsageFault_Handler)
    UserCAN_ApplyOutputs                     0x08003b5f   Thumb Code    30  usercan.o(i.UserCAN_ApplyOutputs)
    UserCAN_ConsumeSendRequest               0x08003b7d   Thumb Code    10  usercan.o(i.UserCAN_ConsumeSendRequest)
    UserCAN_Init                             0x08003bd1   Thumb Code    58  usercan.o(i.UserCAN_Init)
    UserCAN_PollRx                           0x08003c4d   Thumb Code   198  usercan.o(i.UserCAN_PollRx)
    UserCAN_SendSensorData                   0x08003e21   Thumb Code   112  usercan.o(i.UserCAN_SendSensorData)
    UserCAN_SetPump                          0x08003ec1   Thumb Code    66  usercan.o(i.UserCAN_SetPump)
    UserCAN_SetValve1                        0x08003f4d   Thumb Code    38  usercan.o(i.UserCAN_SetValve1)
    UserCAN_SetValve2                        0x08003f99   Thumb Code    38  usercan.o(i.UserCAN_SetValve2)
    UserCAN_Start                            0x08003fe5   Thumb Code    30  usercan.o(i.UserCAN_Start)
    __ARM_fpclassify                         0x08004035   Thumb Code    40  fpclassify.o(i.__ARM_fpclassify)
    _is_digit                                0x0800407d   Thumb Code    14  __printf_wp.o(i._is_digit)
    _sys_exit                                0x0800408b   Thumb Code     2  main.o(i._sys_exit)
    fputc                                    0x0800408d   Thumb Code    26  usart.o(i.fputc)
    main                                     0x080040ad   Thumb Code   166  main.o(i.main)
    _get_lc_numeric                          0x08004201   Thumb Code    44  lc_numeric_c.o(locale$$code)
    __fpl_dretinf                            0x0800422d   Thumb Code    12  dretinf.o(x$fpl$dretinf)
    __aeabi_f2d                              0x08004239   Thumb Code     0  f2d.o(x$fpl$f2d)
    _f2d                                     0x08004239   Thumb Code    86  f2d.o(x$fpl$f2d)
    __aeabi_fadd                             0x08004291   Thumb Code     0  faddsub_clz.o(x$fpl$fadd)
    _fadd                                    0x08004291   Thumb Code   196  faddsub_clz.o(x$fpl$fadd)
    __fpl_fcheck_NaN1                        0x08004355   Thumb Code     6  fcheck1.o(x$fpl$fcheck1)
    __aeabi_fdiv                             0x08004361   Thumb Code     0  fdiv.o(x$fpl$fdiv)
    _fdiv                                    0x08004361   Thumb Code   384  fdiv.o(x$fpl$fdiv)
    __aeabi_f2iz                             0x080044e5   Thumb Code     0  ffix.o(x$fpl$ffix)
    _ffix                                    0x080044e5   Thumb Code    54  ffix.o(x$fpl$ffix)
    __aeabi_i2f                              0x0800451d   Thumb Code     0  fflt_clz.o(x$fpl$fflt)
    _fflt                                    0x0800451d   Thumb Code    48  fflt_clz.o(x$fpl$fflt)
    __aeabi_ui2f                             0x0800454d   Thumb Code     0  fflt_clz.o(x$fpl$ffltu)
    _ffltu                                   0x0800454d   Thumb Code    38  fflt_clz.o(x$fpl$ffltu)
    __aeabi_fmul                             0x08004575   Thumb Code     0  fmul.o(x$fpl$fmul)
    _fmul                                    0x08004575   Thumb Code   258  fmul.o(x$fpl$fmul)
    __fpl_fnaninf                            0x08004677   Thumb Code   140  fnaninf.o(x$fpl$fnaninf)
    __fpl_fretinf                            0x08004703   Thumb Code    10  fretinf.o(x$fpl$fretinf)
    __aeabi_fsub                             0x0800470d   Thumb Code     0  faddsub_clz.o(x$fpl$fsub)
    _fsub                                    0x0800470d   Thumb Code   234  faddsub_clz.o(x$fpl$fsub)
    _printf_fp_dec                           0x080047f7   Thumb Code     4  printf1.o(x$fpl$printf1)
    __fpl_return_NaN                         0x080047fb   Thumb Code   100  retnan.o(x$fpl$retnan)
    __ARM_scalbnf                            0x0800485f   Thumb Code    76  scalbnf.o(x$fpl$scalbnf)
    __fpl_cmpreturn                          0x080048ab   Thumb Code    48  trapv.o(x$fpl$trapveneer)
    __I$use$fp                               0x080048da   Number         0  usenofp.o(x$fpl$usenofp)
    AHBPrescTable                            0x080048ec   Data          16  system_stm32f1xx.o(.constdata)
    APBPrescTable                            0x080048fc   Data           8  system_stm32f1xx.o(.constdata)
    Region$$Table$$Base                      0x080049d4   Number         0  anon$$obj.o(Region$$Table)
    Region$$Table$$Limit                     0x080049f4   Number         0  anon$$obj.o(Region$$Table)
    __stdout                                 0x20000000   Data           4  main.o(.data)
    uwTickFreq                               0x2000000c   Data           1  stm32f1xx_hal.o(.data)
    uwTickPrio                               0x20000010   Data           4  stm32f1xx_hal.o(.data)
    uwTick                                   0x20000014   Data           4  stm32f1xx_hal.o(.data)
    SystemCoreClock                          0x20000018   Data           4  system_stm32f1xx.o(.data)
    g_pressure_dev                           0x2000001c   Data          12  main.o(.bss)
    g_pressure_data                          0x20000028   Data          16  main.o(.bss)
    hadc1                                    0x20000038   Data          48  adc.o(.bss)
    hcan                                     0x20000068   Data          40  can.o(.bss)
    hi2c1                                    0x20000090   Data          84  i2c.o(.bss)
    huart1                                   0x200000e4   Data          72  usart.o(.bss)
    __libspace_start                         0x2000012c   Data          96  libspace.o(.bss)
    __temporary_stack_top$libspace           0x2000018c   Data           0  libspace.o(.bss)



==============================================================================

Memory Map of the image

  Image Entry point : 0x080000ed

  Load Region LR_IROM1 (Base: 0x08000000, Size: 0x00004a2c, Max: 0x00010000, ABSOLUTE)

    Execution Region ER_IROM1 (Exec base: 0x08000000, Load base: 0x08000000, Size: 0x00004a10, Max: 0x00010000, ABSOLUTE)

    Exec Addr    Load Addr    Size         Type   Attr      Idx    E Section Name        Object

    0x08000000   0x08000000   0x000000ec   Data   RO            3    RESET               startup_stm32f103xb.o
    0x080000ec   0x080000ec   0x00000008   Code   RO         3228  * !!!main             c_w.l(__main.o)
    0x080000f4   0x080000f4   0x00000034   Code   RO         3486    !!!scatter          c_w.l(__scatter.o)
    0x08000128   0x08000128   0x0000001a   Code   RO         3488    !!handler_copy      c_w.l(__scatter_copy.o)
    0x08000142   0x08000142   0x00000002   PAD
    0x08000144   0x08000144   0x0000001c   Code   RO         3490    !!handler_zi        c_w.l(__scatter_zi.o)
    0x08000160   0x08000160   0x00000000   Code   RO         3223    .ARM.Collect$$_printf_percent$$00000000  c_w.l(_printf_percent.o)
    0x08000160   0x08000160   0x00000006   Code   RO         3222    .ARM.Collect$$_printf_percent$$00000003  c_w.l(_printf_f.o)
    0x08000166   0x08000166   0x00000006   Code   RO         3220    .ARM.Collect$$_printf_percent$$00000009  c_w.l(_printf_d.o)
    0x0800016c   0x0800016c   0x00000006   Code   RO         3219    .ARM.Collect$$_printf_percent$$0000000C  c_w.l(_printf_x.o)
    0x08000172   0x08000172   0x00000006   Code   RO         3218    .ARM.Collect$$_printf_percent$$00000014  c_w.l(_printf_s.o)
    0x08000178   0x08000178   0x00000004   Code   RO         3269    .ARM.Collect$$_printf_percent$$00000017  c_w.l(_printf_percent_end.o)
    0x0800017c   0x0800017c   0x00000002   Code   RO         3359    .ARM.Collect$$libinit$$00000000  c_w.l(libinit.o)
    0x0800017e   0x0800017e   0x00000000   Code   RO         3361    .ARM.Collect$$libinit$$00000002  c_w.l(libinit2.o)
    0x0800017e   0x0800017e   0x00000000   Code   RO         3363    .ARM.Collect$$libinit$$00000004  c_w.l(libinit2.o)
    0x0800017e   0x0800017e   0x00000000   Code   RO         3366    .ARM.Collect$$libinit$$0000000A  c_w.l(libinit2.o)
    0x0800017e   0x0800017e   0x00000000   Code   RO         3368    .ARM.Collect$$libinit$$0000000C  c_w.l(libinit2.o)
    0x0800017e   0x0800017e   0x00000000   Code   RO         3370    .ARM.Collect$$libinit$$0000000E  c_w.l(libinit2.o)
    0x0800017e   0x0800017e   0x00000006   Code   RO         3371    .ARM.Collect$$libinit$$0000000F  c_w.l(libinit2.o)
    0x08000184   0x08000184   0x00000000   Code   RO         3373    .ARM.Collect$$libinit$$00000011  c_w.l(libinit2.o)
    0x08000184   0x08000184   0x00000000   Code   RO         3375    .ARM.Collect$$libinit$$00000013  c_w.l(libinit2.o)
    0x08000184   0x08000184   0x00000000   Code   RO         3377    .ARM.Collect$$libinit$$00000015  c_w.l(libinit2.o)
    0x08000184   0x08000184   0x0000000a   Code   RO         3378    .ARM.Collect$$libinit$$00000016  c_w.l(libinit2.o)
    0x0800018e   0x0800018e   0x00000000   Code   RO         3379    .ARM.Collect$$libinit$$00000017  c_w.l(libinit2.o)
    0x0800018e   0x0800018e   0x00000000   Code   RO         3381    .ARM.Collect$$libinit$$00000019  c_w.l(libinit2.o)
    0x0800018e   0x0800018e   0x00000000   Code   RO         3383    .ARM.Collect$$libinit$$0000001B  c_w.l(libinit2.o)
    0x0800018e   0x0800018e   0x00000000   Code   RO         3385    .ARM.Collect$$libinit$$0000001D  c_w.l(libinit2.o)
    0x0800018e   0x0800018e   0x00000000   Code   RO         3387    .ARM.Collect$$libinit$$0000001F  c_w.l(libinit2.o)
    0x0800018e   0x0800018e   0x00000000   Code   RO         3389    .ARM.Collect$$libinit$$00000021  c_w.l(libinit2.o)
    0x0800018e   0x0800018e   0x00000000   Code   RO         3391    .ARM.Collect$$libinit$$00000023  c_w.l(libinit2.o)
    0x0800018e   0x0800018e   0x00000000   Code   RO         3393    .ARM.Collect$$libinit$$00000025  c_w.l(libinit2.o)
    0x0800018e   0x0800018e   0x00000000   Code   RO         3397    .ARM.Collect$$libinit$$0000002C  c_w.l(libinit2.o)
    0x0800018e   0x0800018e   0x00000000   Code   RO         3399    .ARM.Collect$$libinit$$0000002E  c_w.l(libinit2.o)
    0x0800018e   0x0800018e   0x00000000   Code   RO         3401    .ARM.Collect$$libinit$$00000030  c_w.l(libinit2.o)
    0x0800018e   0x0800018e   0x00000000   Code   RO         3403    .ARM.Collect$$libinit$$00000032  c_w.l(libinit2.o)
    0x0800018e   0x0800018e   0x00000002   Code   RO         3404    .ARM.Collect$$libinit$$00000033  c_w.l(libinit2.o)
    0x08000190   0x08000190   0x00000002   Code   RO         3434    .ARM.Collect$$libshutdown$$00000000  c_w.l(libshutdown.o)
    0x08000192   0x08000192   0x00000000   Code   RO         3443    .ARM.Collect$$libshutdown$$00000002  c_w.l(libshutdown2.o)
    0x08000192   0x08000192   0x00000000   Code   RO         3445    .ARM.Collect$$libshutdown$$00000004  c_w.l(libshutdown2.o)
    0x08000192   0x08000192   0x00000000   Code   RO         3447    .ARM.Collect$$libshutdown$$00000006  c_w.l(libshutdown2.o)
    0x08000192   0x08000192   0x00000000   Code   RO         3450    .ARM.Collect$$libshutdown$$00000009  c_w.l(libshutdown2.o)
    0x08000192   0x08000192   0x00000000   Code   RO         3453    .ARM.Collect$$libshutdown$$0000000C  c_w.l(libshutdown2.o)
    0x08000192   0x08000192   0x00000000   Code   RO         3455    .ARM.Collect$$libshutdown$$0000000E  c_w.l(libshutdown2.o)
    0x08000192   0x08000192   0x00000000   Code   RO         3458    .ARM.Collect$$libshutdown$$00000011  c_w.l(libshutdown2.o)
    0x08000192   0x08000192   0x00000002   Code   RO         3459    .ARM.Collect$$libshutdown$$00000012  c_w.l(libshutdown2.o)
    0x08000194   0x08000194   0x00000000   Code   RO         3260    .ARM.Collect$$rtentry$$00000000  c_w.l(__rtentry.o)
    0x08000194   0x08000194   0x00000000   Code   RO         3280    .ARM.Collect$$rtentry$$00000002  c_w.l(__rtentry2.o)
    0x08000194   0x08000194   0x00000006   Code   RO         3292    .ARM.Collect$$rtentry$$00000004  c_w.l(__rtentry4.o)
    0x0800019a   0x0800019a   0x00000000   Code   RO         3282    .ARM.Collect$$rtentry$$00000009  c_w.l(__rtentry2.o)
    0x0800019a   0x0800019a   0x00000004   Code   RO         3283    .ARM.Collect$$rtentry$$0000000A  c_w.l(__rtentry2.o)
    0x0800019e   0x0800019e   0x00000000   Code   RO         3285    .ARM.Collect$$rtentry$$0000000C  c_w.l(__rtentry2.o)
    0x0800019e   0x0800019e   0x00000008   Code   RO         3286    .ARM.Collect$$rtentry$$0000000D  c_w.l(__rtentry2.o)
    0x080001a6   0x080001a6   0x00000002   Code   RO         3407    .ARM.Collect$$rtexit$$00000000  c_w.l(rtexit.o)
    0x080001a8   0x080001a8   0x00000000   Code   RO         3414    .ARM.Collect$$rtexit$$00000002  c_w.l(rtexit2.o)
    0x080001a8   0x080001a8   0x00000004   Code   RO         3415    .ARM.Collect$$rtexit$$00000003  c_w.l(rtexit2.o)
    0x080001ac   0x080001ac   0x00000006   Code   RO         3416    .ARM.Collect$$rtexit$$00000004  c_w.l(rtexit2.o)
    0x080001b2   0x080001b2   0x00000002   PAD
    0x080001b4   0x080001b4   0x00000040   Code   RO            4    .text               startup_stm32f103xb.o
    0x080001f4   0x080001f4   0x00000002   Code   RO         3161    .text               c_w.l(use_no_semi_2.o)
    0x080001f6   0x080001f6   0x00000002   PAD
    0x080001f8   0x080001f8   0x00000018   Code   RO         3167    .text               c_w.l(noretval__2printf.o)
    0x08000210   0x08000210   0x0000004e   Code   RO         3171    .text               c_w.l(_printf_pad.o)
    0x0800025e   0x0800025e   0x00000052   Code   RO         3173    .text               c_w.l(_printf_str.o)
    0x080002b0   0x080002b0   0x00000078   Code   RO         3175    .text               c_w.l(_printf_dec.o)
    0x08000328   0x08000328   0x00000058   Code   RO         3180    .text               c_w.l(_printf_hex_int.o)
    0x08000380   0x08000380   0x00000188   Code   RO         3215    .text               c_w.l(__printf_flags_ss_wp.o)
    0x08000508   0x08000508   0x0000004e   Code   RO         3224    .text               c_w.l(rt_memclr_w.o)
    0x08000556   0x08000556   0x00000006   Code   RO         3226    .text               c_w.l(heapauxi.o)
    0x0800055c   0x0800055c   0x00000002   Code   RO         3258    .text               c_w.l(use_no_semi.o)
    0x0800055e   0x0800055e   0x000000b2   Code   RO         3261    .text               c_w.l(_printf_intcommon.o)
    0x08000610   0x08000610   0x0000041e   Code   RO         3263    .text               c_w.l(_printf_fp_dec.o)
    0x08000a2e   0x08000a2e   0x0000002c   Code   RO         3265    .text               c_w.l(_printf_char.o)
    0x08000a5a   0x08000a5a   0x00000002   PAD
    0x08000a5c   0x08000a5c   0x00000024   Code   RO         3267    .text               c_w.l(_printf_char_file.o)
    0x08000a80   0x08000a80   0x00000008   Code   RO         3297    .text               c_w.l(rt_locale_intlibspace.o)
    0x08000a88   0x08000a88   0x0000008a   Code   RO         3299    .text               c_w.l(lludiv10.o)
    0x08000b12   0x08000b12   0x00000002   PAD
    0x08000b14   0x08000b14   0x00000030   Code   RO         3301    .text               c_w.l(_printf_char_common.o)
    0x08000b44   0x08000b44   0x00000080   Code   RO         3303    .text               c_w.l(_printf_fp_infnan.o)
    0x08000bc4   0x08000bc4   0x000000e4   Code   RO         3305    .text               c_w.l(bigflt0.o)
    0x08000ca8   0x08000ca8   0x00000008   Code   RO         3330    .text               c_w.l(ferror.o)
    0x08000cb0   0x08000cb0   0x00000008   Code   RO         3343    .text               c_w.l(libspace.o)
    0x08000cb8   0x08000cb8   0x0000004a   Code   RO         3346    .text               c_w.l(sys_stackheap_outer.o)
    0x08000d02   0x08000d02   0x00000012   Code   RO         3350    .text               c_w.l(exit.o)
    0x08000d14   0x08000d14   0x00000080   Code   RO         3352    .text               c_w.l(strcmpv7m.o)
    0x08000d94   0x08000d94   0x0000003e   Code   RO         3308    CL$$btod_d2e        c_w.l(btod.o)
    0x08000dd2   0x08000dd2   0x00000046   Code   RO         3310    CL$$btod_d2e_denorm_low  c_w.l(btod.o)
    0x08000e18   0x08000e18   0x00000060   Code   RO         3309    CL$$btod_d2e_norm_op1  c_w.l(btod.o)
    0x08000e78   0x08000e78   0x00000338   Code   RO         3318    CL$$btod_div_common  c_w.l(btod.o)
    0x080011b0   0x080011b0   0x000000dc   Code   RO         3315    CL$$btod_e2e        c_w.l(btod.o)
    0x0800128c   0x0800128c   0x0000002a   Code   RO         3312    CL$$btod_ediv       c_w.l(btod.o)
    0x080012b6   0x080012b6   0x0000002a   Code   RO         3311    CL$$btod_emul       c_w.l(btod.o)
    0x080012e0   0x080012e0   0x00000244   Code   RO         3317    CL$$btod_mult_common  c_w.l(btod.o)
    0x08001524   0x08001524   0x00000056   Code   RO          807    i.ADC_ConversionStop_Disable  stm32f1xx_hal_adc.o
    0x0800157a   0x0800157a   0x00000002   Code   RO          445    i.BusFault_Handler  stm32f1xx_it.o
    0x0800157c   0x0800157c   0x00000002   Code   RO          446    i.DebugMon_Handler  stm32f1xx_it.o
    0x0800157e   0x0800157e   0x00000004   Code   RO           13    i.Error_Handler     main.o
    0x08001582   0x08001582   0x00000002   PAD
    0x08001584   0x08001584   0x000000fc   Code   RO          813    i.HAL_ADC_ConfigChannel  stm32f1xx_hal_adc.o
    0x08001680   0x08001680   0x0000011c   Code   RO          822    i.HAL_ADC_Init      stm32f1xx_hal_adc.o
    0x0800179c   0x0800179c   0x00000058   Code   RO          229    i.HAL_ADC_MspInit   adc.o
    0x080017f4   0x080017f4   0x000000d0   Code   RO         2062    i.HAL_CAN_AddTxMessage  stm32f1xx_hal_can.o
    0x080018c4   0x080018c4   0x000000ee   Code   RO         2063    i.HAL_CAN_ConfigFilter  stm32f1xx_hal_can.o
    0x080019b2   0x080019b2   0x00000004   Code   RO         2067    i.HAL_CAN_GetError  stm32f1xx_hal_can.o
    0x080019b6   0x080019b6   0x00000002   PAD
    0x080019b8   0x080019b8   0x00000022   Code   RO         2068    i.HAL_CAN_GetRxFifoFillLevel  stm32f1xx_hal_can.o
    0x080019da   0x080019da   0x000000f4   Code   RO         2069    i.HAL_CAN_GetRxMessage  stm32f1xx_hal_can.o
    0x08001ace   0x08001ace   0x0000002c   Code   RO         2071    i.HAL_CAN_GetTxMailboxesFreeLevel  stm32f1xx_hal_can.o
    0x08001afa   0x08001afa   0x0000011a   Code   RO         2074    i.HAL_CAN_Init      stm32f1xx_hal_can.o
    0x08001c14   0x08001c14   0x0000006c   Code   RO          271    i.HAL_CAN_MspInit   can.o
    0x08001c80   0x08001c80   0x00000058   Code   RO         2086    i.HAL_CAN_Start     stm32f1xx_hal_can.o
    0x08001cd8   0x08001cd8   0x00000046   Code   RO         1464    i.HAL_DMA_Abort     stm32f1xx_hal_dma.o
    0x08001d1e   0x08001d1e   0x00000002   PAD
    0x08001d20   0x08001d20   0x00000098   Code   RO         1465    i.HAL_DMA_Abort_IT  stm32f1xx_hal_dma.o
    0x08001db8   0x08001db8   0x00000024   Code   RO         1090    i.HAL_Delay         stm32f1xx_hal.o
    0x08001ddc   0x08001ddc   0x000001e0   Code   RO         1400    i.HAL_GPIO_Init     stm32f1xx_hal_gpio.o
    0x08001fbc   0x08001fbc   0x0000000a   Code   RO         1404    i.HAL_GPIO_WritePin  stm32f1xx_hal_gpio.o
    0x08001fc6   0x08001fc6   0x00000002   PAD
    0x08001fc8   0x08001fc8   0x0000000c   Code   RO         1094    i.HAL_GetTick       stm32f1xx_hal.o
    0x08001fd4   0x08001fd4   0x00000188   Code   RO         2305    i.HAL_I2C_Init      stm32f1xx_hal_i2c.o
    0x0800215c   0x0800215c   0x00000250   Code   RO         2311    i.HAL_I2C_Master_Receive  stm32f1xx_hal_i2c.o
    0x080023ac   0x080023ac   0x0000012c   Code   RO         2318    i.HAL_I2C_Master_Transmit  stm32f1xx_hal_i2c.o
    0x080024d8   0x080024d8   0x0000005c   Code   RO          313    i.HAL_I2C_MspInit   i2c.o
    0x08002534   0x08002534   0x00000010   Code   RO         1100    i.HAL_IncTick       stm32f1xx_hal.o
    0x08002544   0x08002544   0x00000024   Code   RO         1101    i.HAL_Init          stm32f1xx_hal.o
    0x08002568   0x08002568   0x00000040   Code   RO         1102    i.HAL_InitTick      stm32f1xx_hal.o
    0x080025a8   0x080025a8   0x0000003c   Code   RO          527    i.HAL_MspInit       stm32f1xx_hal_msp.o
    0x080025e4   0x080025e4   0x0000001a   Code   RO         1560    i.HAL_NVIC_EnableIRQ  stm32f1xx_hal_cortex.o
    0x080025fe   0x080025fe   0x00000002   PAD
    0x08002600   0x08002600   0x00000040   Code   RO         1566    i.HAL_NVIC_SetPriority  stm32f1xx_hal_cortex.o
    0x08002640   0x08002640   0x00000024   Code   RO         1567    i.HAL_NVIC_SetPriorityGrouping  stm32f1xx_hal_cortex.o
    0x08002664   0x08002664   0x000000ec   Code   RO         1362    i.HAL_RCCEx_PeriphCLKConfig  stm32f1xx_hal_rcc_ex.o
    0x08002750   0x08002750   0x0000012c   Code   RO         1258    i.HAL_RCC_ClockConfig  stm32f1xx_hal_rcc.o
    0x0800287c   0x0800287c   0x00000020   Code   RO         1265    i.HAL_RCC_GetPCLK1Freq  stm32f1xx_hal_rcc.o
    0x0800289c   0x0800289c   0x00000020   Code   RO         1266    i.HAL_RCC_GetPCLK2Freq  stm32f1xx_hal_rcc.o
    0x080028bc   0x080028bc   0x0000004c   Code   RO         1267    i.HAL_RCC_GetSysClockFreq  stm32f1xx_hal_rcc.o
    0x08002908   0x08002908   0x00000320   Code   RO         1270    i.HAL_RCC_OscConfig  stm32f1xx_hal_rcc.o
    0x08002c28   0x08002c28   0x00000028   Code   RO         1571    i.HAL_SYSTICK_Config  stm32f1xx_hal_cortex.o
    0x08002c50   0x08002c50   0x00000002   Code   RO         2773    i.HAL_UARTEx_RxEventCallback  stm32f1xx_hal_uart.o
    0x08002c52   0x08002c52   0x00000002   Code   RO         2787    i.HAL_UART_ErrorCallback  stm32f1xx_hal_uart.o
    0x08002c54   0x08002c54   0x0000026c   Code   RO         2790    i.HAL_UART_IRQHandler  stm32f1xx_hal_uart.o
    0x08002ec0   0x08002ec0   0x00000064   Code   RO         2791    i.HAL_UART_Init     stm32f1xx_hal_uart.o
    0x08002f24   0x08002f24   0x00000080   Code   RO          394    i.HAL_UART_MspInit  usart.o
    0x08002fa4   0x08002fa4   0x00000002   Code   RO         2797    i.HAL_UART_RxCpltCallback  stm32f1xx_hal_uart.o
    0x08002fa6   0x08002fa6   0x000000a0   Code   RO         2799    i.HAL_UART_Transmit  stm32f1xx_hal_uart.o
    0x08003046   0x08003046   0x00000002   Code   RO         2802    i.HAL_UART_TxCpltCallback  stm32f1xx_hal_uart.o
    0x08003048   0x08003048   0x00000002   Code   RO          447    i.HardFault_Handler  stm32f1xx_it.o
    0x0800304a   0x0800304a   0x0000002e   Code   RO         2348    i.I2C_IsAcknowledgeFailed  stm32f1xx_hal_i2c.o
    0x08003078   0x08003078   0x000000ec   Code   RO         2351    i.I2C_MasterRequestRead  stm32f1xx_hal_i2c.o
    0x08003164   0x08003164   0x0000009c   Code   RO         2352    i.I2C_MasterRequestWrite  stm32f1xx_hal_i2c.o
    0x08003200   0x08003200   0x00000056   Code   RO         2363    i.I2C_WaitOnBTFFlagUntilTimeout  stm32f1xx_hal_i2c.o
    0x08003256   0x08003256   0x00000002   PAD
    0x08003258   0x08003258   0x00000090   Code   RO         2364    i.I2C_WaitOnFlagUntilTimeout  stm32f1xx_hal_i2c.o
    0x080032e8   0x080032e8   0x000000bc   Code   RO         2365    i.I2C_WaitOnMasterAddressFlagUntilTimeout  stm32f1xx_hal_i2c.o
    0x080033a4   0x080033a4   0x00000070   Code   RO         2366    i.I2C_WaitOnRXNEFlagUntilTimeout  stm32f1xx_hal_i2c.o
    0x08003414   0x08003414   0x00000056   Code   RO         2367    i.I2C_WaitOnTXEFlagUntilTimeout  stm32f1xx_hal_i2c.o
    0x0800346a   0x0800346a   0x00000002   PAD
    0x0800346c   0x0800346c   0x0000004c   Code   RO          230    i.MX_ADC1_Init      adc.o
    0x080034b8   0x080034b8   0x00000048   Code   RO          272    i.MX_CAN_Init       can.o
    0x08003500   0x08003500   0x000000a8   Code   RO          192    i.MX_GPIO_Init      gpio.o
    0x080035a8   0x080035a8   0x00000040   Code   RO          314    i.MX_I2C1_Init      i2c.o
    0x080035e8   0x080035e8   0x00000038   Code   RO          395    i.MX_USART1_UART_Init  usart.o
    0x08003620   0x08003620   0x00000002   Code   RO          448    i.MemManage_Handler  stm32f1xx_it.o
    0x08003622   0x08003622   0x00000002   Code   RO          449    i.NMI_Handler       stm32f1xx_it.o
    0x08003624   0x08003624   0x0000003e   Code   RO          551    i.PT_ReadBytes      pressuretest.o
    0x08003662   0x08003662   0x00000002   Code   RO          450    i.PendSV_Handler    stm32f1xx_it.o
    0x08003664   0x08003664   0x00000038   Code   RO          552    i.PressureTest_ConvertPressure  pressuretest.o
    0x0800369c   0x0800369c   0x00000022   Code   RO          553    i.PressureTest_ConvertTemperature  pressuretest.o
    0x080036be   0x080036be   0x00000002   PAD
    0x080036c0   0x080036c0   0x00000084   Code   RO          554    i.PressureTest_GetKValue  pressuretest.o
    0x08003744   0x08003744   0x0000002c   Code   RO          555    i.PressureTest_Init  pressuretest.o
    0x08003770   0x08003770   0x000000e0   Code   RO          559    i.PressureTest_ReadOnce  pressuretest.o
    0x08003850   0x08003850   0x00000006   Code   RO          563    i.PressureTest_ReadReg  pressuretest.o
    0x08003856   0x08003856   0x00000026   Code   RO          570    i.PressureTest_WriteReg  pressuretest.o
    0x0800387c   0x0800387c   0x00000002   Code   RO          451    i.SVC_Handler       stm32f1xx_it.o
    0x0800387e   0x0800387e   0x00000004   Code   RO          452    i.SysTick_Handler   stm32f1xx_it.o
    0x08003882   0x08003882   0x00000080   Code   RO           14    i.SystemClock_Config  main.o
    0x08003902   0x08003902   0x00000002   Code   RO         3125    i.SystemInit        system_stm32f1xx.o
    0x08003904   0x08003904   0x00000010   Code   RO         2804    i.UART_DMAAbortOnError  stm32f1xx_hal_uart.o
    0x08003914   0x08003914   0x0000004e   Code   RO         2814    i.UART_EndRxTransfer  stm32f1xx_hal_uart.o
    0x08003962   0x08003962   0x000000c2   Code   RO         2816    i.UART_Receive_IT   stm32f1xx_hal_uart.o
    0x08003a24   0x08003a24   0x000000b8   Code   RO         2817    i.UART_SetConfig    stm32f1xx_hal_uart.o
    0x08003adc   0x08003adc   0x00000072   Code   RO         2820    i.UART_WaitOnFlagUntilTimeout  stm32f1xx_hal_uart.o
    0x08003b4e   0x08003b4e   0x00000002   PAD
    0x08003b50   0x08003b50   0x0000000c   Code   RO          453    i.USART1_IRQHandler  stm32f1xx_it.o
    0x08003b5c   0x08003b5c   0x00000002   Code   RO          454    i.UsageFault_Handler  stm32f1xx_it.o
    0x08003b5e   0x08003b5e   0x0000001e   Code   RO          686    i.UserCAN_ApplyOutputs  usercan.o
    0x08003b7c   0x08003b7c   0x00000010   Code   RO          687    i.UserCAN_ConsumeSendRequest  usercan.o
    0x08003b8c   0x08003b8c   0x00000044   Code   RO          688    i.UserCAN_FloatToX100  usercan.o
    0x08003bd0   0x08003bd0   0x0000007c   Code   RO          690    i.UserCAN_Init      usercan.o
    0x08003c4c   0x08003c4c   0x000001d4   Code   RO          691    i.UserCAN_PollRx    usercan.o
    0x08003e20   0x08003e20   0x000000a0   Code   RO          692    i.UserCAN_SendSensorData  usercan.o
    0x08003ec0   0x08003ec0   0x0000008c   Code   RO          693    i.UserCAN_SetPump   usercan.o
    0x08003f4c   0x08003f4c   0x0000004c   Code   RO          694    i.UserCAN_SetValve1  usercan.o
    0x08003f98   0x08003f98   0x0000004c   Code   RO          695    i.UserCAN_SetValve2  usercan.o
    0x08003fe4   0x08003fe4   0x00000050   Code   RO          696    i.UserCAN_Start     usercan.o
    0x08004034   0x08004034   0x00000028   Code   RO         3341    i.__ARM_fpclassify  m_ws.l(fpclassify.o)
    0x0800405c   0x0800405c   0x00000020   Code   RO         1573    i.__NVIC_SetPriority  stm32f1xx_hal_cortex.o
    0x0800407c   0x0800407c   0x0000000e   Code   RO         3208    i._is_digit         c_w.l(__printf_wp.o)
    0x0800408a   0x0800408a   0x00000002   Code   RO           15    i._sys_exit         main.o
    0x0800408c   0x0800408c   0x00000020   Code   RO          396    i.fputc             usart.o
    0x080040ac   0x080040ac   0x00000154   Code   RO           16    i.main              main.o
    0x08004200   0x08004200   0x0000002c   Code   RO         3335    locale$$code        c_w.l(lc_numeric_c.o)
    0x0800422c   0x0800422c   0x0000000c   Code   RO         3270    x$fpl$dretinf       fz_ws.l(dretinf.o)
    0x08004238   0x08004238   0x00000056   Code   RO         3230    x$fpl$f2d           fz_ws.l(f2d.o)
    0x0800428e   0x0800428e   0x00000002   PAD
    0x08004290   0x08004290   0x000000c4   Code   RO         3232    x$fpl$fadd          fz_ws.l(faddsub_clz.o)
    0x08004354   0x08004354   0x0000000c   Code   RO         3272    x$fpl$fcheck1       fz_ws.l(fcheck1.o)
    0x08004360   0x08004360   0x00000184   Code   RO         3239    x$fpl$fdiv          fz_ws.l(fdiv.o)
    0x080044e4   0x080044e4   0x00000036   Code   RO         3242    x$fpl$ffix          fz_ws.l(ffix.o)
    0x0800451a   0x0800451a   0x00000002   PAD
    0x0800451c   0x0800451c   0x00000030   Code   RO         3247    x$fpl$fflt          fz_ws.l(fflt_clz.o)
    0x0800454c   0x0800454c   0x00000026   Code   RO         3246    x$fpl$ffltu         fz_ws.l(fflt_clz.o)
    0x08004572   0x08004572   0x00000002   PAD
    0x08004574   0x08004574   0x00000102   Code   RO         3252    x$fpl$fmul          fz_ws.l(fmul.o)
    0x08004676   0x08004676   0x0000008c   Code   RO         3274    x$fpl$fnaninf       fz_ws.l(fnaninf.o)
    0x08004702   0x08004702   0x0000000a   Code   RO         3276    x$fpl$fretinf       fz_ws.l(fretinf.o)
    0x0800470c   0x0800470c   0x000000ea   Code   RO         3234    x$fpl$fsub          fz_ws.l(faddsub_clz.o)
    0x080047f6   0x080047f6   0x00000004   Code   RO         3254    x$fpl$printf1       fz_ws.l(printf1.o)
    0x080047fa   0x080047fa   0x00000064   Code   RO         3339    x$fpl$retnan        fz_ws.l(retnan.o)
    0x0800485e   0x0800485e   0x0000004c   Code   RO         3256    x$fpl$scalbnf       fz_ws.l(scalbnf.o)
    0x080048aa   0x080048aa   0x00000030   Code   RO         3405    x$fpl$trapveneer    fz_ws.l(trapv.o)
    0x080048da   0x080048da   0x00000000   Code   RO         3278    x$fpl$usenofp       fz_ws.l(usenofp.o)
    0x080048da   0x080048da   0x00000012   Data   RO         1271    .constdata          stm32f1xx_hal_rcc.o
    0x080048ec   0x080048ec   0x00000010   Data   RO         3126    .constdata          system_stm32f1xx.o
    0x080048fc   0x080048fc   0x00000008   Data   RO         3127    .constdata          system_stm32f1xx.o
    0x08004904   0x08004904   0x00000028   Data   RO         3181    .constdata          c_w.l(_printf_hex_int.o)
    0x0800492c   0x0800492c   0x00000011   Data   RO         3216    .constdata          c_w.l(__printf_flags_ss_wp.o)
    0x0800493d   0x0800493d   0x00000003   PAD
    0x08004940   0x08004940   0x00000094   Data   RO         3306    .constdata          c_w.l(bigflt0.o)
    0x080049d4   0x080049d4   0x00000020   Data   RO         3484    Region$$Table       anon$$obj.o
    0x080049f4   0x080049f4   0x0000001c   Data   RO         3334    locale$$data        c_w.l(lc_numeric_c.o)


    Execution Region RW_IRAM1 (Exec base: 0x20000000, Load base: 0x08004a10, Size: 0x00000790, Max: 0x00005000, ABSOLUTE)

    Exec Addr    Load Addr    Size         Type   Attr      Idx    E Section Name        Object

    0x20000000   0x08004a10   0x00000004   Data   RW           20    .data               main.o
    0x20000004   0x08004a14   0x00000005   Data   RW          697    .data               usercan.o
    0x20000009   0x08004a19   0x00000003   PAD
    0x2000000c   0x08004a1c   0x0000000c   Data   RW         1108    .data               stm32f1xx_hal.o
    0x20000018   0x08004a28   0x00000004   Data   RW         3128    .data               system_stm32f1xx.o
    0x2000001c        -       0x0000001c   Zero   RW           17    .bss                main.o
    0x20000038        -       0x00000030   Zero   RW          231    .bss                adc.o
    0x20000068        -       0x00000028   Zero   RW          273    .bss                can.o
    0x20000090        -       0x00000054   Zero   RW          315    .bss                i2c.o
    0x200000e4        -       0x00000048   Zero   RW          397    .bss                usart.o
    0x2000012c        -       0x00000060   Zero   RW         3344    .bss                c_w.l(libspace.o)
    0x2000018c   0x08004a2c   0x00000004   PAD
    0x20000190        -       0x00000200   Zero   RW            2    HEAP                startup_stm32f103xb.o
    0x20000390        -       0x00000400   Zero   RW            1    STACK               startup_stm32f103xb.o


==============================================================================

Image component sizes


      Code (inc. data)   RO Data    RW Data    ZI Data      Debug   Object Name

       164         20          0          0         48       1581   adc.o
       180         22          0          0         40       1587   can.o
       168         12          0          0          0        939   gpio.o
       156         26          0          0         84       1585   i2c.o
       474        174          0          4         28     434005   main.o
       596         22          0          0          0       6695   pressuretest.o
        64         26        236          0       1536        788   startup_stm32f103xb.o
       164         28          0         12          0       5781   stm32f1xx_hal.o
       622         24          0          0          0       3236   stm32f1xx_hal_adc.o
      1142          0          0          0          0       7082   stm32f1xx_hal_can.o
       198         14          0          0          0      28859   stm32f1xx_hal_cortex.o
       222          4          0          0          0       1723   stm32f1xx_hal_dma.o
       490         34          0          0          0       2844   stm32f1xx_hal_gpio.o
      2338         54          0          0          0      12406   stm32f1xx_hal_i2c.o
        60          8          0          0          0        846   stm32f1xx_hal_msp.o
      1240         84         18          0          0       5020   stm32f1xx_hal_rcc.o
       236         12          0          0          0       1356   stm32f1xx_hal_rcc_ex.o
      1474         10          0          0          0       9904   stm32f1xx_hal_uart.o
        32          6          0          0          0       4154   stm32f1xx_it.o
         2          0         24          4          0       1071   system_stm32f1xx.o
       216         26          0          0         72       3450   usart.o
      1238        604          0          5          0       6659   usercan.o

    ----------------------------------------------------------------------
     11494       1210        310         28       1808     541571   Object Totals
         0          0         32          0          0          0   (incl. Generated)
        18          0          0          3          0          0   (incl. Padding)

    ----------------------------------------------------------------------

      Code (inc. data)   RO Data    RW Data    ZI Data      Debug   Library Member Name

         8          0          0          0          0         68   __main.o
       392          4         17          0          0         92   __printf_flags_ss_wp.o
        14          0          0          0          0         68   __printf_wp.o
         0          0          0          0          0          0   __rtentry.o
        12          0          0          0          0          0   __rtentry2.o
         6          0          0          0          0          0   __rtentry4.o
        52          8          0          0          0          0   __scatter.o
        26          0          0          0          0          0   __scatter_copy.o
        28          0          0          0          0          0   __scatter_zi.o
        44          0          0          0          0        108   _printf_char.o
        48          6          0          0          0         96   _printf_char_common.o
        36          4          0          0          0         80   _printf_char_file.o
         6          0          0          0          0          0   _printf_d.o
       120         16          0          0          0         92   _printf_dec.o
         6          0          0          0          0          0   _printf_f.o
      1054          0          0          0          0        216   _printf_fp_dec.o
       128         16          0          0          0         84   _printf_fp_infnan.o
        88          4         40          0          0         88   _printf_hex_int.o
       178          0          0          0          0         88   _printf_intcommon.o
        78          0          0          0          0        108   _printf_pad.o
         0          0          0          0          0          0   _printf_percent.o
         4          0          0          0          0          0   _printf_percent_end.o
         6          0          0          0          0          0   _printf_s.o
        82          0          0          0          0         80   _printf_str.o
         6          0          0          0          0          0   _printf_x.o
       228          4        148          0          0         96   bigflt0.o
      1936        128          0          0          0        672   btod.o
        18          0          0          0          0         80   exit.o
         8          0          0          0          0         68   ferror.o
         6          0          0          0          0        152   heapauxi.o
        44         10         28          0          0         76   lc_numeric_c.o
         2          0          0          0          0          0   libinit.o
        18          0          0          0          0          0   libinit2.o
         2          0          0          0          0          0   libshutdown.o
         2          0          0          0          0          0   libshutdown2.o
         8          4          0          0         96         68   libspace.o
       138          0          0          0          0         80   lludiv10.o
        24          4          0          0          0         84   noretval__2printf.o
         8          4          0          0          0         68   rt_locale_intlibspace.o
        78          0          0          0          0         80   rt_memclr_w.o
         2          0          0          0          0          0   rtexit.o
        10          0          0          0          0          0   rtexit2.o
       128          0          0          0          0         68   strcmpv7m.o
        74          0          0          0          0         80   sys_stackheap_outer.o
         2          0          0          0          0         68   use_no_semi.o
         2          0          0          0          0         68   use_no_semi_2.o
        12          0          0          0          0         68   dretinf.o
        86          4          0          0          0         84   f2d.o
       430          8          0          0          0        168   faddsub_clz.o
        12          4          0          0          0         68   fcheck1.o
       388         76          0          0          0         96   fdiv.o
        54          4          0          0          0         84   ffix.o
        86          0          0          0          0        136   fflt_clz.o
       258          4          0          0          0         84   fmul.o
       140          4          0          0          0         84   fnaninf.o
        10          0          0          0          0         68   fretinf.o
         4          0          0          0          0         68   printf1.o
       100          0          0          0          0         68   retnan.o
        76          0          0          0          0         68   scalbnf.o
        48          0          0          0          0         68   trapv.o
         0          0          0          0          0          0   usenofp.o
        40          0          0          0          0         68   fpclassify.o

    ----------------------------------------------------------------------
      6920        316        236          0        100       4356   Library Totals
        16          0          3          0          4          0   (incl. Padding)

    ----------------------------------------------------------------------

      Code (inc. data)   RO Data    RW Data    ZI Data      Debug   Library Name

      5160        212        233          0         96       3076   c_w.l
      1704        104          0          0          0       1212   fz_ws.l
        40          0          0          0          0         68   m_ws.l

    ----------------------------------------------------------------------
      6920        316        236          0        100       4356   Library Totals

    ----------------------------------------------------------------------

==============================================================================


      Code (inc. data)   RO Data    RW Data    ZI Data      Debug   

     18414       1526        546         28       1908     538591   Grand Totals
     18414       1526        546         28       1908     538591   ELF Image Totals
     18414       1526        546         28          0          0   ROM Totals

==============================================================================

    Total RO  Size (Code + RO Data)                18960 (  18.52kB)
    Total RW  Size (RW Data + ZI Data)              1936 (   1.89kB)
    Total ROM Size (Code + RO Data + RW Data)      18988 (  18.54kB)

==============================================================================

